Component: ARM Compiler 5.06 update 6 (build 750) Tool: armlink [4d35ed]

==============================================================================

Section Cross References

    startup_stm32f407xx.o(RESET) refers to startup_stm32f407xx.o(STACK) for __initial_sp
    startup_stm32f407xx.o(RESET) refers to startup_stm32f407xx.o(.text) for Reset_Handler
    startup_stm32f407xx.o(RESET) refers to stm32f4xx_it.o(i.NMI_Handler) for NMI_Handler
    startup_stm32f407xx.o(RESET) refers to stm32f4xx_it.o(i.HardFault_Handler) for HardFault_Handler
    startup_stm32f407xx.o(RESET) refers to stm32f4xx_it.o(i.MemManage_Handler) for MemManage_Handler
    startup_stm32f407xx.o(RESET) refers to stm32f4xx_it.o(i.BusFault_Handler) for BusFault_Handler
    startup_stm32f407xx.o(RESET) refers to stm32f4xx_it.o(i.UsageFault_Handler) for UsageFault_Handler
    startup_stm32f407xx.o(RESET) refers to stm32f4xx_it.o(i.SVC_Handler) for SVC_Handler
    startup_stm32f407xx.o(RESET) refers to stm32f4xx_it.o(i.DebugMon_Handler) for DebugMon_Handler
    startup_stm32f407xx.o(RESET) refers to stm32f4xx_it.o(i.PendSV_Handler) for PendSV_Handler
    startup_stm32f407xx.o(RESET) refers to stm32f4xx_it.o(i.SysTick_Handler) for SysTick_Handler
    startup_stm32f407xx.o(RESET) refers to stm32f4xx_it.o(i.EXTI1_IRQHandler) for EXTI1_IRQHandler
    startup_stm32f407xx.o(RESET) refers to stm32f4xx_it.o(i.DMA2_Stream3_IRQHandler) for DMA2_Stream3_IRQHandler
    startup_stm32f407xx.o(.text) refers to system_stm32f4xx.o(i.SystemInit) for SystemInit
    startup_stm32f407xx.o(.text) refers to entry.o(.ARM.Collect$$$$00000000) for __main
    main.o(i.FT6336_LONGPRESS_DETECTION) refers to stm32f4xx_hal.o(i.HAL_GetTick) for HAL_GetTick
    main.o(i.FT6336_LONGPRESS_DETECTION) refers to printf8.o(i.__0printf$8) for __2printf
    main.o(i.I2C_Scanner) refers to printf8.o(i.__0printf$8) for __2printf
    main.o(i.I2C_Scanner) refers to stm32f4xx_hal_i2c.o(i.HAL_I2C_IsDeviceReady) for HAL_I2C_IsDeviceReady
    main.o(i.I2C_Scanner) refers to i2c.o(.bss) for hi2c1
    main.o(i.MyTouchCallback) refers to stm32f4xx_hal.o(i.HAL_GetTick) for HAL_GetTick
    main.o(i.MyTouchCallback) refers to printf8.o(i.__0printf$8) for __2printf
    main.o(i.MyTouchCallback) refers to st7789.o(i.ST7789_Fill_Color) for ST7789_Fill_Color
    main.o(i.MyTouchCallback) refers to st7789.o(i.ST7789_WriteNumber_Simple) for ST7789_WriteNumber_Simple
    main.o(i.MyTouchCallback) refers to main.o(.bss) for .bss
    main.o(i.MyTouchCallback) refers to main.o(.data) for .data
    main.o(i.MyTouchCallback) refers to fonts.o(.data) for Font_16x26
    main.o(i.SystemClock_Config) refers to memseta.o(.text) for __aeabi_memclr4
    main.o(i.SystemClock_Config) refers to stm32f4xx_hal_rcc.o(i.HAL_RCC_OscConfig) for HAL_RCC_OscConfig
    main.o(i.SystemClock_Config) refers to stm32f4xx_hal_rcc.o(i.HAL_RCC_ClockConfig) for HAL_RCC_ClockConfig
    main.o(i.fputc) refers to stm32f4xx_hal_uart.o(i.HAL_UART_Transmit) for HAL_UART_Transmit
    main.o(i.fputc) refers to usart.o(.bss) for huart1
    main.o(i.main) refers to stm32f4xx_hal.o(i.HAL_Init) for HAL_Init
    main.o(i.main) refers to main.o(i.SystemClock_Config) for SystemClock_Config
    main.o(i.main) refers to gpio.o(i.MX_GPIO_Init) for MX_GPIO_Init
    main.o(i.main) refers to spi.o(i.MX_SPI1_Init) for MX_SPI1_Init
    main.o(i.main) refers to i2c.o(i.MX_I2C1_Init) for MX_I2C1_Init
    main.o(i.main) refers to usart.o(i.MX_USART1_UART_Init) for MX_USART1_UART_Init
    main.o(i.main) refers to st7789.o(i.ST7789_Init) for ST7789_Init
    main.o(i.main) refers to st7789.o(i.ST7789_Test) for ST7789_Test
    main.o(i.main) refers to st7789.o(i.ST7789_Fill_Color) for ST7789_Fill_Color
    main.o(i.main) refers to st7789.o(i.ST7789_DrawImage) for ST7789_DrawImage
    main.o(i.main) refers to stm32f4xx_hal.o(i.HAL_Delay) for HAL_Delay
    main.o(i.main) refers to drv_ft6336.o(i.FT6336_Init) for FT6336_Init
    main.o(i.main) refers to drv_ft6336.o(i.FT6336_RegisterCallback) for FT6336_RegisterCallback
    main.o(i.main) refers to drv_ft6336.o(i.FT6336_Process) for FT6336_Process
    main.o(i.main) refers to main.o(i.FT6336_LONGPRESS_DETECTION) for FT6336_LONGPRESS_DETECTION
    main.o(i.main) refers to fonts.o(.constdata) for saber
    main.o(i.main) refers to fonts.o(.constdata) for knky
    main.o(i.main) refers to fonts.o(.constdata) for tek
    main.o(i.main) refers to fonts.o(.constdata) for adi1
    main.o(i.main) refers to main.o(.data) for .data
    main.o(i.main) refers to main.o(i.MyTouchCallback) for MyTouchCallback
    main.o(i.main) refers to main.o(.bss) for .bss
    main.o(.data) refers to i2c.o(.bss) for hi2c1
    gpio.o(i.MX_GPIO_Init) refers to memseta.o(.text) for __aeabi_memclr4
    gpio.o(i.MX_GPIO_Init) refers to stm32f4xx_hal_gpio.o(i.HAL_GPIO_WritePin) for HAL_GPIO_WritePin
    gpio.o(i.MX_GPIO_Init) refers to stm32f4xx_hal_gpio.o(i.HAL_GPIO_Init) for HAL_GPIO_Init
[...]
    Removing stm32f4xx_hal_pwr.o(i.HAL_PWR_DisableSleepOnExit), (16 bytes).
    Removing stm32f4xx_hal_pwr.o(i.HAL_PWR_DisableWakeUpPin), (16 bytes).
    Removing stm32f4xx_hal_pwr.o(i.HAL_PWR_EnableBkUpAccess), (24 bytes).
    Removing stm32f4xx_hal_pwr.o(i.HAL_PWR_EnablePVD), (12 bytes).
    Removing stm32f4xx_hal_pwr.o(i.HAL_PWR_EnableSEVOnPend), (16 bytes).
    Removing stm32f4xx_hal_pwr.o(i.HAL_PWR_EnableSleepOnExit), (16 bytes).
    Removing stm32f4xx_hal_pwr.o(i.HAL_PWR_EnableWakeUpPin), (16 bytes).
    Removing stm32f4xx_hal_pwr.o(i.HAL_PWR_EnterSLEEPMode), (36 bytes).
    Removing stm32f4xx_hal_pwr.o(i.HAL_PWR_EnterSTANDBYMode), (32 bytes).
    Removing stm32f4xx_hal_pwr.o(i.HAL_PWR_EnterSTOPMode), (60 bytes).
    Removing stm32f4xx_hal_pwr.o(i.HAL_PWR_PVDCallback), (2 bytes).
    Removing stm32f4xx_hal_pwr.o(i.HAL_PWR_PVD_IRQHandler), (28 bytes).
    Removing stm32f4xx_hal_pwr_ex.o(.rev16_text), (4 bytes).
    Removing stm32f4xx_hal_pwr_ex.o(.revsh_text), (4 bytes).
    Removing stm32f4xx_hal_pwr_ex.o(.rrx_text), (6 bytes).
    Removing stm32f4xx_hal_pwr_ex.o(i.HAL_PWREx_ControlVoltageScaling), (88 bytes).
    Removing stm32f4xx_hal_pwr_ex.o(i.HAL_PWREx_DisableBkUpReg), (60 bytes).
    Removing stm32f4xx_hal_pwr_ex.o(i.HAL_PWREx_DisableFlashPowerDown), (12 bytes).
    Removing stm32f4xx_hal_pwr_ex.o(i.HAL_PWREx_EnableBkUpReg), (60 bytes).
    Removing stm32f4xx_hal_pwr_ex.o(i.HAL_PWREx_EnableFlashPowerDown), (12 bytes).
    Removing stm32f4xx_hal_pwr_ex.o(i.HAL_PWREx_GetVoltageRange), (16 bytes).
    Removing stm32f4xx_hal_cortex.o(.rev16_text), (4 bytes).
    Removing stm32f4xx_hal_cortex.o(.revsh_text), (4 bytes).
    Removing stm32f4xx_hal_cortex.o(.rrx_text), (6 bytes).
    Removing stm32f4xx_hal_cortex.o(i.HAL_CORTEX_ClearEvent), (6 bytes).
    Removing stm32f4xx_hal_cortex.o(i.HAL_MPU_ConfigRegion), (84 bytes).
    Removing stm32f4xx_hal_cortex.o(i.HAL_MPU_Disable), (28 bytes).
    Removing stm32f4xx_hal_cortex.o(i.HAL_MPU_DisableRegion), (24 bytes).
    Removing stm32f4xx_hal_cortex.o(i.HAL_MPU_Enable), (36 bytes).
    Removing stm32f4xx_hal_cortex.o(i.HAL_MPU_EnableRegion), (24 bytes).
    Removing stm32f4xx_hal_cortex.o(i.HAL_NVIC_ClearPendingIRQ), (26 bytes).
    Removing stm32f4xx_hal_cortex.o(i.HAL_NVIC_DisableIRQ), (34 bytes).
    Removing stm32f4xx_hal_cortex.o(i.HAL_NVIC_GetActive), (36 bytes).
    Removing stm32f4xx_hal_cortex.o(i.HAL_NVIC_GetPendingIRQ), (36 bytes).
    Removing stm32f4xx_hal_cortex.o(i.HAL_NVIC_GetPriority), (82 bytes).
    Removing stm32f4xx_hal_cortex.o(i.HAL_NVIC_GetPriorityGrouping), (16 bytes).
    Removing stm32f4xx_hal_cortex.o(i.HAL_NVIC_SetPendingIRQ), (26 bytes).
    Removing stm32f4xx_hal_cortex.o(i.HAL_NVIC_SystemReset), (36 bytes).
    Removing stm32f4xx_hal_cortex.o(i.HAL_SYSTICK_CLKSourceConfig), (24 bytes).
    Removing stm32f4xx_hal_cortex.o(i.HAL_SYSTICK_Callback), (2 bytes).
    Removing stm32f4xx_hal_cortex.o(i.HAL_SYSTICK_IRQHandler), (8 bytes).
    Removing stm32f4xx_hal.o(.rev16_text), (4 bytes).
    Removing stm32f4xx_hal.o(.revsh_text), (4 bytes).
    Removing stm32f4xx_hal.o(.rrx_text), (6 bytes).
    Removing stm32f4xx_hal.o(i.HAL_DBGMCU_DisableDBGSleepMode), (16 bytes).
    Removing stm32f4xx_hal.o(i.HAL_DBGMCU_DisableDBGStandbyMode), (16 bytes).
    Removing stm32f4xx_hal.o(i.HAL_DBGMCU_DisableDBGStopMode), (16 bytes).
    Removing stm32f4xx_hal.o(i.HAL_DBGMCU_EnableDBGSleepMode), (16 bytes).
    Removing stm32f4xx_hal.o(i.HAL_DBGMCU_EnableDBGStandbyMode), (16 bytes).
    Removing stm32f4xx_hal.o(i.HAL_DBGMCU_EnableDBGStopMode), (16 bytes).
    Removing stm32f4xx_hal.o(i.HAL_DeInit), (72 bytes).
    Removing stm32f4xx_hal.o(i.HAL_DisableCompensationCell), (12 bytes).
    Removing stm32f4xx_hal.o(i.HAL_EnableCompensationCell), (12 bytes).
    Removing stm32f4xx_hal.o(i.HAL_GetDEVID), (16 bytes).
    Removing stm32f4xx_hal.o(i.HAL_GetHalVersion), (8 bytes).
    Removing stm32f4xx_hal.o(i.HAL_GetREVID), (12 bytes).
    Removing stm32f4xx_hal.o(i.HAL_GetTickFreq), (12 bytes).
    Removing stm32f4xx_hal.o(i.HAL_GetTickPrio), (12 bytes).
    Removing stm32f4xx_hal.o(i.HAL_GetUIDw0), (12 bytes).
    Removing stm32f4xx_hal.o(i.HAL_GetUIDw1), (12 bytes).
    Removing stm32f4xx_hal.o(i.HAL_GetUIDw2), (12 bytes).
    Removing stm32f4xx_hal.o(i.HAL_MspDeInit), (2 bytes).
    Removing stm32f4xx_hal.o(i.HAL_MspInit), (2 bytes).
    Removing stm32f4xx_hal.o(i.HAL_ResumeTick), (14 bytes).
    Removing stm32f4xx_hal.o(i.HAL_SetTickFreq), (36 bytes).
    Removing stm32f4xx_hal.o(i.HAL_SuspendTick), (14 bytes).
    Removing stm32f4xx_hal_exti.o(.rev16_text), (4 bytes).
    Removing stm32f4xx_hal_exti.o(.revsh_text), (4 bytes).
    Removing stm32f4xx_hal_exti.o(.rrx_text), (6 bytes).
    Removing stm32f4xx_hal_exti.o(i.HAL_EXTI_ClearConfigLine), (108 bytes).
    Removing stm32f4xx_hal_exti.o(i.HAL_EXTI_ClearPending), (20 bytes).
    Removing stm32f4xx_hal_exti.o(i.HAL_EXTI_GenerateSWI), (20 bytes).
    Removing stm32f4xx_hal_exti.o(i.HAL_EXTI_GetConfigLine), (144 bytes).
    Removing stm32f4xx_hal_exti.o(i.HAL_EXTI_GetHandle), (12 bytes).
    Removing stm32f4xx_hal_exti.o(i.HAL_EXTI_GetPending), (24 bytes).
    Removing stm32f4xx_hal_exti.o(i.HAL_EXTI_IRQHandler), (36 bytes).
    Removing stm32f4xx_hal_exti.o(i.HAL_EXTI_RegisterCallback), (14 bytes).
    Removing stm32f4xx_hal_exti.o(i.HAL_EXTI_SetConfigLine), (168 bytes).
    Removing stm32f4xx_hal_spi.o(.rev16_text), (4 bytes).
    Removing stm32f4xx_hal_spi.o(.revsh_text), (4 bytes).
    Removing stm32f4xx_hal_spi.o(.rrx_text), (6 bytes).
    Removing stm32f4xx_hal_spi.o(i.HAL_SPI_Abort), (292 bytes).
    Removing stm32f4xx_hal_spi.o(i.HAL_SPI_AbortCpltCallback), (2 bytes).
    Removing stm32f4xx_hal_spi.o(i.HAL_SPI_Abort_IT), (292 bytes).
    Removing stm32f4xx_hal_spi.o(i.HAL_SPI_DMAPause), (38 bytes).
    Removing stm32f4xx_hal_spi.o(i.HAL_SPI_DMAResume), (38 bytes).
    Removing stm32f4xx_hal_spi.o(i.HAL_SPI_DMAStop), (66 bytes).
    Removing stm32f4xx_hal_spi.o(i.HAL_SPI_DeInit), (46 bytes).
    Removing stm32f4xx_hal_spi.o(i.HAL_SPI_ErrorCallback), (2 bytes).
    Removing stm32f4xx_hal_spi.o(i.HAL_SPI_GetError), (4 bytes).
    Removing stm32f4xx_hal_spi.o(i.HAL_SPI_GetState), (6 bytes).
    Removing stm32f4xx_hal_spi.o(i.HAL_SPI_IRQHandler), (252 bytes).
    Removing stm32f4xx_hal_spi.o(i.HAL_SPI_MspDeInit), (2 bytes).
    Removing stm32f4xx_hal_spi.o(i.HAL_SPI_MspInit), (2 bytes).
    Removing stm32f4xx_hal_spi.o(i.HAL_SPI_Receive), (340 bytes).
    Removing stm32f4xx_hal_spi.o(i.HAL_SPI_Receive_DMA), (232 bytes).
    Removing stm32f4xx_hal_spi.o(i.HAL_SPI_Receive_IT), (172 bytes).
    Removing stm32f4xx_hal_spi.o(i.HAL_SPI_RxCpltCallback), (2 bytes).
    Removing stm32f4xx_hal_spi.o(i.HAL_SPI_RxHalfCpltCallback), (2 bytes).
    Removing stm32f4xx_hal_spi.o(i.HAL_SPI_TransmitReceive), (496 bytes).
    Removing stm32f4xx_hal_spi.o(i.HAL_SPI_TransmitReceive_DMA), (272 bytes).
    Removing stm32f4xx_hal_spi.o(i.HAL_SPI_TransmitReceive_IT), (156 bytes).
    Removing stm32f4xx_hal_spi.o(i.HAL_SPI_Transmit_DMA), (204 bytes).
    Removing stm32f4xx_hal_spi.o(i.HAL_SPI_Transmit_IT), (144 bytes).
    Removing stm32f4xx_hal_spi.o(i.HAL_SPI_TxCpltCallback), (2 bytes).
    Removing stm32f4xx_hal_spi.o(i.HAL_SPI_TxHalfCpltCallback), (2 bytes).
    Removing stm32f4xx_hal_spi.o(i.HAL_SPI_TxRxCpltCallback), (2 bytes).
    Removing stm32f4xx_hal_spi.o(i.HAL_SPI_TxRxHalfCpltCallback), (2 bytes).
    Removing stm32f4xx_hal_spi.o(i.SPI_2linesRxISR_16BIT), (48 bytes).
    Removing stm32f4xx_hal_spi.o(i.SPI_2linesRxISR_8BIT), (48 bytes).
    Removing stm32f4xx_hal_spi.o(i.SPI_2linesTxISR_16BIT), (48 bytes).
    Removing stm32f4xx_hal_spi.o(i.SPI_2linesTxISR_8BIT), (48 bytes).
    Removing stm32f4xx_hal_spi.o(i.SPI_AbortRx_ISR), (88 bytes).
    Removing stm32f4xx_hal_spi.o(i.SPI_AbortTx_ISR), (28 bytes).
    Removing stm32f4xx_hal_spi.o(i.SPI_CloseRxTx_ISR), (144 bytes).
    Removing stm32f4xx_hal_spi.o(i.SPI_CloseRx_ISR), (76 bytes).
    Removing stm32f4xx_hal_spi.o(i.SPI_CloseTx_ISR), (124 bytes).
    Removing stm32f4xx_hal_spi.o(i.SPI_DMAAbortOnError), (16 bytes).
    Removing stm32f4xx_hal_spi.o(i.SPI_DMAError), (34 bytes).
    Removing stm32f4xx_hal_spi.o(i.SPI_DMAHalfReceiveCplt), (10 bytes).
    Removing stm32f4xx_hal_spi.o(i.SPI_DMAHalfTransmitCplt), (10 bytes).
    Removing stm32f4xx_hal_spi.o(i.SPI_DMAHalfTransmitReceiveCplt), (10 bytes).
    Removing stm32f4xx_hal_spi.o(i.SPI_DMAReceiveCplt), (106 bytes).
    Removing stm32f4xx_hal_spi.o(i.SPI_DMARxAbortCallback), (102 bytes).
    Removing stm32f4xx_hal_spi.o(i.SPI_DMATransmitCplt), (100 bytes).
    Removing stm32f4xx_hal_spi.o(i.SPI_DMATransmitReceiveCplt), (90 bytes).
    Removing stm32f4xx_hal_spi.o(i.SPI_DMATxAbortCallback), (116 bytes).
    Removing stm32f4xx_hal_spi.o(i.SPI_EndRxTransaction), (92 bytes).
    Removing stm32f4xx_hal_spi.o(i.SPI_RxISR_16BIT), (32 bytes).
    Removing stm32f4xx_hal_spi.o(i.SPI_RxISR_8BIT), (32 bytes).
    Removing stm32f4xx_hal_spi.o(i.SPI_TxISR_16BIT), (32 bytes).
    Removing stm32f4xx_hal_spi.o(i.SPI_TxISR_8BIT), (32 bytes).
    Removing stm32f4xx_hal_uart.o(.rev16_text), (4 bytes).
    Removing stm32f4xx_hal_uart.o(.revsh_text), (4 bytes).
    Removing stm32f4xx_hal_uart.o(.rrx_text), (6 bytes).
    Removing stm32f4xx_hal_uart.o(i.HAL_HalfDuplex_EnableReceiver), (50 bytes).
    Removing stm32f4xx_hal_uart.o(i.HAL_HalfDuplex_EnableTransmitter), (50 bytes).
    Removing stm32f4xx_hal_uart.o(i.HAL_HalfDuplex_Init), (110 bytes).
    Removing stm32f4xx_hal_uart.o(i.HAL_LIN_Init), (130 bytes).
    Removing stm32f4xx_hal_uart.o(i.HAL_LIN_SendBreak), (60 bytes).
    Removing stm32f4xx_hal_uart.o(i.HAL_MultiProcessor_EnterMuteMode), (62 bytes).
    Removing stm32f4xx_hal_uart.o(i.HAL_MultiProcessor_ExitMuteMode), (62 bytes).
    Removing stm32f4xx_hal_uart.o(i.HAL_MultiProcessor_Init), (144 bytes).
    Removing stm32f4xx_hal_uart.o(i.HAL_UARTEx_GetRxEventType), (4 bytes).
    Removing stm32f4xx_hal_uart.o(i.HAL_UARTEx_ReceiveToIdle), (240 bytes).
    Removing stm32f4xx_hal_uart.o(i.HAL_UARTEx_ReceiveToIdle_DMA), (74 bytes).
    Removing stm32f4xx_hal_uart.o(i.HAL_UARTEx_ReceiveToIdle_IT), (78 bytes).
    Removing stm32f4xx_hal_uart.o(i.HAL_UARTEx_RxEventCallback), (2 bytes).
    Removing stm32f4xx_hal_uart.o(i.HAL_UART_Abort), (210 bytes).
    Removing stm32f4xx_hal_uart.o(i.HAL_UART_AbortCpltCallback), (2 bytes).
    Removing stm32f4xx_hal_uart.o(i.HAL_UART_AbortReceive), (148 bytes).
    Removing stm32f4xx_hal_uart.o(i.HAL_UART_AbortReceiveCpltCallback), (2 bytes).
    Removing stm32f4xx_hal_uart.o(i.HAL_UART_AbortReceive_IT), (152 bytes).
    Removing stm32f4xx_hal_uart.o(i.HAL_UART_AbortTransmit), (98 bytes).
    Removing stm32f4xx_hal_uart.o(i.HAL_UART_AbortTransmitCpltCallback), (2 bytes).
    Removing stm32f4xx_hal_uart.o(i.HAL_UART_AbortTransmit_IT), (104 bytes).
    Removing stm32f4xx_hal_uart.o(i.HAL_UART_Abort_IT), (244 bytes).
    Removing stm32f4xx_hal_uart.o(i.HAL_UART_DMAPause), (120 bytes).
    Removing stm32f4xx_hal_uart.o(i.HAL_UART_DMAResume), (114 bytes).
    Removing stm32f4xx_hal_uart.o(i.HAL_UART_DMAStop), (112 bytes).
    Removing stm32f4xx_hal_uart.o(i.HAL_UART_DeInit), (54 bytes).
    Removing stm32f4xx_hal_uart.o(i.HAL_UART_ErrorCallback), (2 bytes).
    Removing stm32f4xx_hal_uart.o(i.HAL_UART_GetError), (4 bytes).
    Removing stm32f4xx_hal_uart.o(i.HAL_UART_GetState), (10 bytes).
    Removing stm32f4xx_hal_uart.o(i.HAL_UART_IRQHandler), (640 bytes).
    Removing stm32f4xx_hal_uart.o(i.HAL_UART_MspDeInit), (2 bytes).
    Removing stm32f4xx_hal_uart.o(i.HAL_UART_MspInit), (2 bytes).
    Removing stm32f4xx_hal_uart.o(i.HAL_UART_Receive), (176 bytes).
    Removing stm32f4xx_hal_uart.o(i.HAL_UART_Receive_DMA), (28 bytes).
    Removing stm32f4xx_hal_uart.o(i.HAL_UART_Receive_IT), (28 bytes).
    Removing stm32f4xx_hal_uart.o(i.HAL_UART_RxCpltCallback), (2 bytes).
    Removing stm32f4xx_hal_uart.o(i.HAL_UART_RxHalfCpltCallback), (2 bytes).
    Removing stm32f4xx_hal_uart.o(i.HAL_UART_Transmit_DMA), (132 bytes).
    Removing stm32f4xx_hal_uart.o(i.HAL_UART_Transmit_IT), (50 bytes).
    Removing stm32f4xx_hal_uart.o(i.HAL_UART_TxCpltCallback), (2 bytes).
    Removing stm32f4xx_hal_uart.o(i.HAL_UART_TxHalfCpltCallback), (2 bytes).
    Removing stm32f4xx_hal_uart.o(i.UART_DMAAbortOnError), (14 bytes).
    Removing stm32f4xx_hal_uart.o(i.UART_DMAError), (74 bytes).
    Removing stm32f4xx_hal_uart.o(i.UART_DMAReceiveCplt), (134 bytes).
    Removing stm32f4xx_hal_uart.o(i.UART_DMARxAbortCallback), (44 bytes).
    Removing stm32f4xx_hal_uart.o(i.UART_DMARxHalfCplt), (30 bytes).
    Removing stm32f4xx_hal_uart.o(i.UART_DMARxOnlyAbortCallback), (22 bytes).
    Removing stm32f4xx_hal_uart.o(i.UART_DMATransmitCplt), (66 bytes).
    Removing stm32f4xx_hal_uart.o(i.UART_DMATxAbortCallback), (44 bytes).
    Removing stm32f4xx_hal_uart.o(i.UART_DMATxHalfCplt), (10 bytes).
    Removing stm32f4xx_hal_uart.o(i.UART_DMATxOnlyAbortCallback), (20 bytes).
    Removing stm32f4xx_hal_uart.o(i.UART_EndTxTransfer), (28 bytes).
    Removing stm32f4xx_hal_uart.o(i.UART_Receive_IT), (194 bytes).
    Removing stm32f4xx_hal_uart.o(i.UART_Start_Receive_DMA), (160 bytes).
    Removing stm32f4xx_hal_uart.o(i.UART_Start_Receive_IT), (54 bytes).
    Removing system_stm32f4xx.o(.rev16_text), (4 bytes).
    Removing system_stm32f4xx.o(.revsh_text), (4 bytes).
    Removing system_stm32f4xx.o(.rrx_text), (6 bytes).
    Removing system_stm32f4xx.o(i.SystemCoreClockUpdate), (124 bytes).
    Removing dadd.o(.text), (334 bytes).
    Removing dmul.o(.text), (228 bytes).
    Removing ddiv.o(.text), (222 bytes).
    Removing dfixul.o(.text), (48 bytes).
    Removing cdrcmple.o(.text), (48 bytes).
    Removing depilogue.o(.text), (186 bytes).

406 unused section(s) (total 52700 bytes) removed from the image.

==============================================================================

Image Symbol Table

    Local Symbols

    Symbol Name                              Value     Ov Type        Size  Object(Section)

    ../Core/Src/dma.c                        0x00000000   Number         0  dma.o ABSOLUTE
    ../Core/Src/gpio.c                       0x00000000   Number         0  gpio.o ABSOLUTE
    ../Core/Src/i2c.c                        0x00000000   Number         0  i2c.o ABSOLUTE
    ../Core/Src/main.c                       0x00000000   Number         0  main.o ABSOLUTE
    ../Core/Src/spi.c                        0x00000000   Number         0  spi.o ABSOLUTE
    ../Core/Src/stm32f4xx_hal_msp.c          0x00000000   Number         0  stm32f4xx_hal_msp.o ABSOLUTE
    ../Core/Src/stm32f4xx_it.c               0x00000000   Number         0  stm32f4xx_it.o ABSOLUTE
    ../Core/Src/system_stm32f4xx.c           0x00000000   Number         0  system_stm32f4xx.o ABSOLUTE
    ../Drivers/STM32F4xx_HAL_Driver/Src/stm32f4xx_hal.c 0x00000000   Number         0  stm32f4xx_hal.o ABSOLUTE
    ../Drivers/STM32F4xx_HAL_Driver/Src/stm32f4xx_hal_cortex.c 0x00000000   Number         0  stm32f4xx_hal_cortex.o ABSOLUTE
    ../Drivers/STM32F4xx_HAL_Driver/Src/stm32f4xx_hal_dma.c 0x00000000   Number         0  stm32f4xx_hal_dma.o ABSOLUTE
    ../Drivers/STM32F4xx_HAL_Driver/Src/stm32f4xx_hal_dma_ex.c 0x00000000   Number         0  stm32f4xx_hal_dma_ex.o ABSOLUTE
    ../Drivers/STM32F4xx_HAL_Driver/Src/stm32f4xx_hal_exti.c 0x00000000   Number         0  stm32f4xx_hal_exti.o ABSOLUTE
    ../Drivers/STM32F4xx_HAL_Driver/Src/stm32f4xx_hal_flash.c 0x00000000   Number         0  stm32f4xx_hal_flash.o ABSOLUTE
    ../Drivers/STM32F4xx_HAL_Driver/Src/stm32f4xx_hal_flash_ex.c 0x00000000   Number         0  stm32f4xx_hal_flash_ex.o ABSOLUTE
    ../Drivers/STM32F4xx_HAL_Driver/Src/stm32f4xx_hal_flash_ramfunc.c 0x00000000   Number         0  stm32f4xx_hal_flash_ramfunc.o ABSOLUTE
    ../Drivers/STM32F4xx_HAL_Driver/Src/stm32f4xx_hal_gpio.c 0x00000000   Number         0  stm32f4xx_hal_gpio.o ABSOLUTE
    ../Drivers/STM32F4xx_HAL_Driver/Src/stm32f4xx_hal_i2c.c 0x00000000   Number         0  stm32f4xx_hal_i2c.o ABSOLUTE
    ../Drivers/STM32F4xx_HAL_Driver/Src/stm32f4xx_hal_i2c_ex.c 0x00000000   Number         0  stm32f4xx_hal_i2c_ex.o ABSOLUTE
    ../Drivers/STM32F4xx_HAL_Driver/Src/stm32f4xx_hal_pwr.c 0x00000000   Number         0  stm32f4xx_hal_pwr.o ABSOLUTE
    ../Drivers/STM32F4xx_HAL_Driver/Src/stm32f4xx_hal_pwr_ex.c 0x00000000   Number         0  stm32f4xx_hal_pwr_ex.o ABSOLUTE
    ../Drivers/STM32F4xx_HAL_Driver/Src/stm32f4xx_hal_rcc.c 0x00000000   Number         0  stm32f4xx_hal_rcc.o ABSOLUTE
    ../Drivers/STM32F4xx_HAL_Driver/Src/stm32f4xx_hal_rcc_ex.c 0x00000000   Number         0  stm32f4xx_hal_rcc_ex.o ABSOLUTE
    ../Drivers/STM32F4xx_HAL_Driver/Src/stm32f4xx_hal_spi.c 0x00000000   Number         0  stm32f4xx_hal_spi.o ABSOLUTE
    ../clib/microlib/division.c              0x00000000   Number         0  uidiv.o ABSOLUTE
    ../clib/microlib/division.c              0x00000000   Number         0  uldiv.o ABSOLUTE
    ../clib/microlib/init/entry.s            0x00000000   Number         0  entry7a.o ABSOLUTE
    ../clib/microlib/init/entry.s            0x00000000   Number         0  entry11b.o ABSOLUTE
    ../clib/microlib/init/entry.s            0x00000000   Number         0  entry2.o ABSOLUTE
    ../clib/microlib/init/entry.s            0x00000000   Number         0  entry.o ABSOLUTE
    ../clib/microlib/init/entry.s            0x00000000   Number         0  entry5.o ABSOLUTE
    ../clib/microlib/init/entry.s            0x00000000   Number         0  entry11a.o ABSOLUTE
    ../clib/microlib/init/entry.s            0x00000000   Number         0  entry10b.o ABSOLUTE
    ../clib/microlib/init/entry.s            0x00000000   Number         0  entry10a.o ABSOLUTE
    ../clib/microlib/init/entry.s            0x00000000   Number         0  entry9b.o ABSOLUTE
    ../clib/microlib/init/entry.s            0x00000000   Number         0  entry9a.o ABSOLUTE
    ../clib/microlib/init/entry.s            0x00000000   Number         0  entry8b.o ABSOLUTE
    ../clib/microlib/init/entry.s            0x00000000   Number         0  entry8a.o ABSOLUTE
    ../clib/microlib/init/entry.s            0x00000000   Number         0  entry7b.o ABSOLUTE
    ../clib/microlib/longlong.c              0x00000000   Number         0  llshl.o ABSOLUTE
    ../clib/microlib/longlong.c              0x00000000   Number         0  llsshr.o ABSOLUTE
    ../clib/microlib/longlong.c              0x00000000   Number         0  llushr.o ABSOLUTE
    ../clib/microlib/printf/printf.c         0x00000000   Number         0  printf2.o ABSOLUTE
    ../clib/microlib/printf/printf.c         0x00000000   Number         0  printf7.o ABSOLUTE
    ../clib/microlib/printf/printf.c         0x00000000   Number         0  printf6.o ABSOLUTE
    ../clib/microlib/printf/printf.c         0x00000000   Number         0  printf5.o ABSOLUTE
    ../clib/microlib/printf/printf.c         0x00000000   Number         0  printf4.o ABSOLUTE
    ../clib/microlib/printf/printf.c         0x00000000   Number         0  printf3.o ABSOLUTE
    ../clib/microlib/printf/printf.c         0x00000000   Number         0  printf1.o ABSOLUTE
    ../clib/microlib/printf/printf.c         0x00000000   Number         0  printf0.o ABSOLUTE
    ../clib/microlib/printf/printf.c         0x00000000   Number         0  printfb.o ABSOLUTE
    ../clib/microlib/printf/printf.c         0x00000000   Number         0  printfa.o ABSOLUTE
    ../clib/microlib/printf/printf.c         0x00000000   Number         0  printf8.o ABSOLUTE
    ../clib/microlib/printf/stubs.s          0x00000000   Number         0  stubs.o ABSOLUTE
    ../clib/microlib/string/memset.c         0x00000000   Number         0  memseta.o ABSOLUTE
    ../clib/microlib/stubs.s                 0x00000000   Number         0  useno.o ABSOLUTE
    ../clib/microlib/stubs.s                 0x00000000   Number         0  iusefp.o ABSOLUTE
    ../fplib/microlib/fpadd.c                0x00000000   Number         0  dadd.o ABSOLUTE
    ../fplib/microlib/fpdiv.c                0x00000000   Number         0  ddiv.o ABSOLUTE
    ../fplib/microlib/fpepilogue.c           0x00000000   Number         0  depilogue.o ABSOLUTE
    ../fplib/microlib/fpfix.c                0x00000000   Number         0  dfixul.o ABSOLUTE
    ../fplib/microlib/fpmul.c                0x00000000   Number         0  dmul.o ABSOLUTE
    ..\Core\Src\dma.c                        0x00000000   Number         0  dma.o ABSOLUTE
    ..\Core\Src\drv_ft6336.c                 0x00000000   Number         0  drv_ft6336.o ABSOLUTE
    ..\Core\Src\fonts.c                      0x00000000   Number         0  fonts.o ABSOLUTE
    ..\Core\Src\gpio.c                       0x00000000   Number         0  gpio.o ABSOLUTE
    ..\Core\Src\i2c.c                        0x00000000   Number         0  i2c.o ABSOLUTE
    ..\Core\Src\main.c                       0x00000000   Number         0  main.o ABSOLUTE
    ..\Core\Src\spi.c                        0x00000000   Number         0  spi.o ABSOLUTE
    ..\Core\Src\st7789.c                     0x00000000   Number         0  st7789.o ABSOLUTE
    ..\Core\Src\stm32f4xx_hal_msp.c          0x00000000   Number         0  stm32f4xx_hal_msp.o ABSOLUTE
    ..\Core\Src\stm32f4xx_it.c               0x00000000   Number         0  stm32f4xx_it.o ABSOLUTE
    ..\Core\Src\system_stm32f4xx.c           0x00000000   Number         0  system_stm32f4xx.o ABSOLUTE
    ..\Core\Src\usart.c                      0x00000000   Number         0  usart.o ABSOLUTE
    ..\Drivers\STM32F4xx_HAL_Driver\Src\stm32f4xx_hal.c 0x00000000   Number         0  stm32f4xx_hal.o ABSOLUTE
    ..\Drivers\STM32F4xx_HAL_Driver\Src\stm32f4xx_hal_cortex.c 0x00000000   Number         0  stm32f4xx_hal_cortex.o ABSOLUTE
    ..\Drivers\STM32F4xx_HAL_Driver\Src\stm32f4xx_hal_dma.c 0x00000000   Number         0  stm32f4xx_hal_dma.o ABSOLUTE
    ..\Drivers\STM32F4xx_HAL_Driver\Src\stm32f4xx_hal_dma_ex.c 0x00000000   Number         0  stm32f4xx_hal_dma_ex.o ABSOLUTE
    ..\Drivers\STM32F4xx_HAL_Driver\Src\stm32f4xx_hal_exti.c 0x00000000   Number         0  stm32f4xx_hal_exti.o ABSOLUTE
    ..\Drivers\STM32F4xx_HAL_Driver\Src\stm32f4xx_hal_flash.c 0x00000000   Number         0  stm32f4xx_hal_flash.o ABSOLUTE
    ..\Drivers\STM32F4xx_HAL_Driver\Src\stm32f4xx_hal_flash_ex.c 0x00000000   Number         0  stm32f4xx_hal_flash_ex.o ABSOLUTE
    ..\Drivers\STM32F4xx_HAL_Driver\Src\stm32f4xx_hal_flash_ramfunc.c 0x00000000   Number         0  stm32f4xx_hal_flash_ramfunc.o ABSOLUTE
    ..\Drivers\STM32F4xx_HAL_Driver\Src\stm32f4xx_hal_gpio.c 0x00000000   Number         0  stm32f4xx_hal_gpio.o ABSOLUTE
    ..\Drivers\STM32F4xx_HAL_Driver\Src\stm32f4xx_hal_i2c.c 0x00000000   Number         0  stm32f4xx_hal_i2c.o ABSOLUTE
    ..\Drivers\STM32F4xx_HAL_Driver\Src\stm32f4xx_hal_i2c_ex.c 0x00000000   Number         0  stm32f4xx_hal_i2c_ex.o ABSOLUTE
    ..\Drivers\STM32F4xx_HAL_Driver\Src\stm32f4xx_hal_pwr.c 0x00000000   Number         0  stm32f4xx_hal_pwr.o ABSOLUTE
    ..\Drivers\STM32F4xx_HAL_Driver\Src\stm32f4xx_hal_pwr_ex.c 0x00000000   Number         0  stm32f4xx_hal_pwr_ex.o ABSOLUTE
    ..\Drivers\STM32F4xx_HAL_Driver\Src\stm32f4xx_hal_rcc.c 0x00000000   Number         0  stm32f4xx_hal_rcc.o ABSOLUTE
    ..\Drivers\STM32F4xx_HAL_Driver\Src\stm32f4xx_hal_rcc_ex.c 0x00000000   Number         0  stm32f4xx_hal_rcc_ex.o ABSOLUTE
    ..\Drivers\STM32F4xx_HAL_Driver\Src\stm32f4xx_hal_spi.c 0x00000000   Number         0  stm32f4xx_hal_spi.o ABSOLUTE
    ..\Drivers\STM32F4xx_HAL_Driver\Src\stm32f4xx_hal_uart.c 0x00000000   Number         0  stm32f4xx_hal_uart.o ABSOLUTE
    ..\\Core\\Src\\drv_ft6336.c              0x00000000   Number         0  drv_ft6336.o ABSOLUTE
    ..\\Core\\Src\\st7789.c                  0x00000000   Number         0  st7789.o ABSOLUTE
    ..\\Core\\Src\\usart.c                   0x00000000   Number         0  usart.o ABSOLUTE
    ..\\Drivers\\STM32F4xx_HAL_Driver\\Src\\stm32f4xx_hal_uart.c 0x00000000   Number         0  stm32f4xx_hal_uart.o ABSOLUTE
    cdrcmple.s                               0x00000000   Number         0  cdrcmple.o ABSOLUTE
    dc.s                                     0x00000000   Number         0  dc.o ABSOLUTE
    handlers.s                               0x00000000   Number         0  handlers.o ABSOLUTE
    init.s                                   0x00000000   Number         0  init.o ABSOLUTE
    startup_stm32f407xx.s                    0x00000000   Number         0  startup_stm32f407xx.o ABSOLUTE
    RESET                                    0x08000000   Section      392  startup_stm32f407xx.o(RESET)
    .ARM.Collect$$$$00000000                 0x08000188   Section        0  entry.o(.ARM.Collect$$$$00000000)
    .ARM.Collect$$$$00000001                 0x08000188   Section        4  entry2.o(.ARM.Collect$$$$00000001)
    .ARM.Collect$$$$00000004                 0x0800018c   Section        4  entry5.o(.ARM.Collect$$$$00000004)
    .ARM.Collect$$$$00000008                 0x08000190   Section        0  entry7b.o(.ARM.Collect$$$$00000008)
    .ARM.Collect$$$$0000000A                 0x08000190   Section        0  entry8b.o(.ARM.Collect$$$$0000000A)
    .ARM.Collect$$$$0000000B                 0x08000190   Section        8  entry9a.o(.ARM.Collect$$$$0000000B)
    .ARM.Collect$$$$0000000D                 0x08000198   Section        0  entry10a.o(.ARM.Collect$$$$0000000D)
    .ARM.Collect$$$$0000000F                 0x08000198   Section        0  entry11a.o(.ARM.Collect$$$$0000000F)
    .ARM.Collect$$$$00002712                 0x08000198   Section        4  entry2.o(.ARM.Collect$$$$00002712)
    __lit__00000000                          0x08000198   Data           4  entry2.o(.ARM.Collect$$$$00002712)
    .text                                    0x0800019c   Section       36  startup_stm32f407xx.o(.text)
    $v0                                      0x0800019c   Number         0  startup_stm32f407xx.o(.text)
    .text                                    0x080001c0   Section        0  uldiv.o(.text)
    .text                                    0x08000222   Section        0  memseta.o(.text)
    .text                                    0x08000246   Section        0  llshl.o(.text)
    .text                                    0x08000264   Section        0  llushr.o(.text)
    .text                                    0x08000284   Section       36  init.o(.text)
    i.BusFault_Handler                       0x080002a8   Section        0  stm32f4xx_it.o(i.BusFault_Handler)
    i.DMA2_Stream3_IRQHandler                0x080002ac   Section        0  stm32f4xx_it.o(i.DMA2_Stream3_IRQHandler)
    i.DMA_CalcBaseAndBitshift                0x080002b8   Section        0  stm32f4xx_hal_dma.o(i.DMA_CalcBaseAndBitshift)
    DMA_CalcBaseAndBitshift                  0x080002b9   Thumb Code    34  stm32f4xx_hal_dma.o(i.DMA_CalcBaseAndBitshift)
    i.DMA_CheckFifoParam                     0x080002e0   Section        0  stm32f4xx_hal_dma.o(i.DMA_CheckFifoParam)
    DMA_CheckFifoParam                       0x080002e1   Thumb Code    84  stm32f4xx_hal_dma.o(i.DMA_CheckFifoParam)
    i.DebugMon_Handler                       0x08000334   Section        0  stm32f4xx_it.o(i.DebugMon_Handler)
    i.EXTI1_IRQHandler                       0x08000336   Section        0  stm32f4xx_it.o(i.EXTI1_IRQHandler)
    i.Error_Handler                          0x0800033a   Section        0  main.o(i.Error_Handler)
    i.FT6336_Config                          0x0800033e   Section        0  drv_ft6336.o(i.FT6336_Config)
    i.FT6336_Get_Touch_Count                 0x0800035e   Section        0  drv_ft6336.o(i.FT6336_Get_Touch_Count)
    i.FT6336_Get_Touch_Point                 0x0800037e   Section        0  drv_ft6336.o(i.FT6336_Get_Touch_Point)
    i.FT6336_IRQHandler                      0x080003f4   Section        0  drv_ft6336.o(i.FT6336_IRQHandler)
    i.FT6336_Init                            0x0800040c   Section        0  drv_ft6336.o(i.FT6336_Init)
    i.FT6336_LONGPRESS_DETECTION             0x08000480   Section        0  main.o(i.FT6336_LONGPRESS_DETECTION)
    i.FT6336_Process                         0x080004dc   Section        0  drv_ft6336.o(i.FT6336_Process)
    i.FT6336_ReadID                          0x080005e4   Section        0  drv_ft6336.o(i.FT6336_ReadID)
    i.FT6336_ReadReg                         0x08000632   Section        0  drv_ft6336.o(i.FT6336_ReadReg)
    FT6336_ReadReg                           0x08000633   Thumb Code    34  drv_ft6336.o(i.FT6336_ReadReg)
    i.FT6336_RegisterCallback                0x08000654   Section        0  drv_ft6336.o(i.FT6336_RegisterCallback)
    i.FT6336_Reset                           0x08000660   Section        0  drv_ft6336.o(i.FT6336_Reset)
    i.FT6336_WriteReg                        0x08000688   Section        0  drv_ft6336.o(i.FT6336_WriteReg)
    FT6336_WriteReg                          0x08000689   Thumb Code    36  drv_ft6336.o(i.FT6336_WriteReg)
    i.HAL_DMA_IRQHandler                     0x080006ac   Section        0  stm32f4xx_hal_dma.o(i.HAL_DMA_IRQHandler)
    i.HAL_DMA_Init                           0x0800084c   Section        0  stm32f4xx_hal_dma.o(i.HAL_DMA_Init)
    i.HAL_Delay                              0x08000920   Section        0  stm32f4xx_hal.o(i.HAL_Delay)
    i.HAL_GPIO_Init                          0x08000944   Section        0  stm32f4xx_hal_gpio.o(i.HAL_GPIO_Init)
    i.HAL_GPIO_WritePin                      0x08000b34   Section        0  stm32f4xx_hal_gpio.o(i.HAL_GPIO_WritePin)
    i.HAL_GetTick                            0x08000b40   Section        0  stm32f4xx_hal.o(i.HAL_GetTick)
    i.HAL_I2C_Init                           0x08000b4c   Section        0  stm32f4xx_hal_i2c.o(i.HAL_I2C_Init)
    i.HAL_I2C_Mem_Read                       0x08000cd4   Section        0  stm32f4xx_hal_i2c.o(i.HAL_I2C_Mem_Read)
    i.HAL_I2C_Mem_Write                      0x08000ed8   Section        0  stm32f4xx_hal_i2c.o(i.HAL_I2C_Mem_Write)
    i.HAL_I2C_MspInit                        0x08001008   Section        0  i2c.o(i.HAL_I2C_MspInit)
    i.HAL_IncTick                            0x08001070   Section        0  stm32f4xx_hal.o(i.HAL_IncTick)
    i.HAL_Init                               0x08001080   Section        0  stm32f4xx_hal.o(i.HAL_Init)
    i.HAL_InitTick                           0x080010b4   Section        0  stm32f4xx_hal.o(i.HAL_InitTick)
    i.HAL_MspInit                            0x080010f4   Section        0  stm32f4xx_hal_msp.o(i.HAL_MspInit)
    i.HAL_NVIC_EnableIRQ                     0x08001124   Section        0  stm32f4xx_hal_cortex.o(i.HAL_NVIC_EnableIRQ)
    i.HAL_NVIC_SetPriority                   0x08001140   Section        0  stm32f4xx_hal_cortex.o(i.HAL_NVIC_SetPriority)
    i.HAL_NVIC_SetPriorityGrouping           0x08001180   Section        0  stm32f4xx_hal_cortex.o(i.HAL_NVIC_SetPriorityGrouping)
    i.HAL_RCC_ClockConfig                    0x080011a4   Section        0  stm32f4xx_hal_rcc.o(i.HAL_RCC_ClockConfig)
    i.HAL_RCC_GetPCLK1Freq                   0x080012d8   Section        0  stm32f4xx_hal_rcc.o(i.HAL_RCC_GetPCLK1Freq)
    i.HAL_RCC_GetPCLK2Freq                   0x080012f8   Section        0  stm32f4xx_hal_rcc.o(i.HAL_RCC_GetPCLK2Freq)
    i.HAL_RCC_GetSysClockFreq                0x08001318   Section        0  stm32f4xx_hal_rcc.o(i.HAL_RCC_GetSysClockFreq)
    i.HAL_RCC_OscConfig                      0x0800137c   Section        0  stm32f4xx_hal_rcc.o(i.HAL_RCC_OscConfig)
    i.HAL_SPI_Init                           0x080016e8   Section        0  stm32f4xx_hal_spi.o(i.HAL_SPI_Init)
    i.HAL_SPI_MspInit                        0x080017a4   Section        0  spi.o(i.HAL_SPI_MspInit)
    i.HAL_SPI_Transmit                       0x08001850   Section        0  stm32f4xx_hal_spi.o(i.HAL_SPI_Transmit)
    i.HAL_SYSTICK_Config                     0x080019b6   Section        0  stm32f4xx_hal_cortex.o(i.HAL_SYSTICK_Config)
    i.HAL_UART_Init                          0x080019de   Section        0  stm32f4xx_hal_uart.o(i.HAL_UART_Init)
    i.HAL_UART_MspInit                       0x08001a44   Section        0  usart.o(i.HAL_UART_MspInit)
    i.HAL_UART_Transmit                      0x08001ab0   Section        0  stm32f4xx_hal_uart.o(i.HAL_UART_Transmit)
    i.HardFault_Handler                      0x08001b50   Section        0  stm32f4xx_it.o(i.HardFault_Handler)
    i.I2C_IsAcknowledgeFailed                0x08001b52   Section        0  stm32f4xx_hal_i2c.o(i.I2C_IsAcknowledgeFailed)
    I2C_IsAcknowledgeFailed                  0x08001b53   Thumb Code    46  stm32f4xx_hal_i2c.o(i.I2C_IsAcknowledgeFailed)
    i.I2C_RequestMemoryRead                  0x08001b80   Section        0  stm32f4xx_hal_i2c.o(i.I2C_RequestMemoryRead)
    I2C_RequestMemoryRead                    0x08001b81   Thumb Code   246  stm32f4xx_hal_i2c.o(i.I2C_RequestMemoryRead)
    i.I2C_RequestMemoryWrite                 0x08001c7c   Section        0  stm32f4xx_hal_i2c.o(i.I2C_RequestMemoryWrite)
    I2C_RequestMemoryWrite                   0x08001c7d   Thumb Code   162  stm32f4xx_hal_i2c.o(i.I2C_RequestMemoryWrite)
    i.I2C_WaitOnBTFFlagUntilTimeout          0x08001d24   Section        0  stm32f4xx_hal_i2c.o(i.I2C_WaitOnBTFFlagUntilTimeout)
    I2C_WaitOnBTFFlagUntilTimeout            0x08001d25   Thumb Code    86  stm32f4xx_hal_i2c.o(i.I2C_WaitOnBTFFlagUntilTimeout)
    i.I2C_WaitOnFlagUntilTimeout             0x08001d7c   Section        0  stm32f4xx_hal_i2c.o(i.I2C_WaitOnFlagUntilTimeout)
    I2C_WaitOnFlagUntilTimeout               0x08001d7d   Thumb Code   144  stm32f4xx_hal_i2c.o(i.I2C_WaitOnFlagUntilTimeout)
    i.I2C_WaitOnMasterAddressFlagUntilTimeout 0x08001e0c   Section        0  stm32f4xx_hal_i2c.o(i.I2C_WaitOnMasterAddressFlagUntilTimeout)
    I2C_WaitOnMasterAddressFlagUntilTimeout  0x08001e0d   Thumb Code   188  stm32f4xx_hal_i2c.o(i.I2C_WaitOnMasterAddressFlagUntilTimeout)
    i.I2C_WaitOnRXNEFlagUntilTimeout         0x08001ec8   Section        0  stm32f4xx_hal_i2c.o(i.I2C_WaitOnRXNEFlagUntilTimeout)
    I2C_WaitOnRXNEFlagUntilTimeout           0x08001ec9   Thumb Code   112  stm32f4xx_hal_i2c.o(i.I2C_WaitOnRXNEFlagUntilTimeout)
    i.I2C_WaitOnTXEFlagUntilTimeout          0x08001f38   Section        0  stm32f4xx_hal_i2c.o(i.I2C_WaitOnTXEFlagUntilTimeout)
    I2C_WaitOnTXEFlagUntilTimeout            0x08001f39   Thumb Code    86  stm32f4xx_hal_i2c.o(i.I2C_WaitOnTXEFlagUntilTimeout)
    i.MX_GPIO_Init                           0x08001f90   Section        0  gpio.o(i.MX_GPIO_Init)
    i.MX_I2C1_Init                           0x08002050   Section        0  i2c.o(i.MX_I2C1_Init)
    i.MX_SPI1_Init                           0x08002090   Section        0  spi.o(i.MX_SPI1_Init)
    i.MX_USART1_UART_Init                    0x080020f4   Section        0  usart.o(i.MX_USART1_UART_Init)
    i.MemManage_Handler                      0x0800212c   Section        0  stm32f4xx_it.o(i.MemManage_Handler)
    i.MyTouchCallback                        0x08002130   Section        0  main.o(i.MyTouchCallback)
    i.NMI_Handler                            0x080022d0   Section        0  stm32f4xx_it.o(i.NMI_Handler)
    i.PendSV_Handler                         0x080022d2   Section        0  stm32f4xx_it.o(i.PendSV_Handler)
    i.SPI_EndRxTxTransaction                 0x080022d4   Section        0  stm32f4xx_hal_spi.o(i.SPI_EndRxTxTransaction)
    SPI_EndRxTxTransaction                   0x080022d5   Thumb Code    98  stm32f4xx_hal_spi.o(i.SPI_EndRxTxTransaction)
    i.SPI_WaitFlagStateUntilTimeout          0x08002340   Section        0  stm32f4xx_hal_spi.o(i.SPI_WaitFlagStateUntilTimeout)
    SPI_WaitFlagStateUntilTimeout            0x08002341   Thumb Code   182  stm32f4xx_hal_spi.o(i.SPI_WaitFlagStateUntilTimeout)
    i.ST7789_DrawCircle                      0x080023fc   Section        0  st7789.o(i.ST7789_DrawCircle)
    i.ST7789_DrawFilledCircle                0x08002524   Section        0  st7789.o(i.ST7789_DrawFilledCircle)
    i.ST7789_DrawFilledRectangle             0x0800263c   Section        0  st7789.o(i.ST7789_DrawFilledRectangle)
    i.ST7789_DrawFilledTriangle              0x080026c4   Section        0  st7789.o(i.ST7789_DrawFilledTriangle)
    i.ST7789_DrawImage                       0x080027a0   Section        0  st7789.o(i.ST7789_DrawImage)
    i.ST7789_DrawLine                        0x0800283c   Section        0  st7789.o(i.ST7789_DrawLine)
    i.ST7789_DrawPixel                       0x080028e0   Section        0  st7789.o(i.ST7789_DrawPixel)
    i.ST7789_DrawRectangle                   0x0800292c   Section        0  st7789.o(i.ST7789_DrawRectangle)
    i.ST7789_DrawTriangle                    0x08002994   Section        0  st7789.o(i.ST7789_DrawTriangle)
    i.ST7789_Fill_Color                      0x080029f8   Section        0  st7789.o(i.ST7789_Fill_Color)
    i.ST7789_Init                            0x08002a64   Section        0  st7789.o(i.ST7789_Init)
    i.ST7789_SetAddressWindow                0x08002ba0   Section        0  st7789.o(i.ST7789_SetAddressWindow)
    ST7789_SetAddressWindow                  0x08002ba1   Thumb Code   118  st7789.o(i.ST7789_SetAddressWindow)
    i.ST7789_SetRotation                     0x08002c1c   Section        0  st7789.o(i.ST7789_SetRotation)
    i.ST7789_Test                            0x08002c4c   Section        0  st7789.o(i.ST7789_Test)
    i.ST7789_WriteChar                       0x08002f50   Section        0  st7789.o(i.ST7789_WriteChar)
    i.ST7789_WriteCommand                    0x08003000   Section        0  st7789.o(i.ST7789_WriteCommand)
    ST7789_WriteCommand                      0x08003001   Thumb Code    54  st7789.o(i.ST7789_WriteCommand)
    i.ST7789_WriteData                       0x08003040   Section        0  st7789.o(i.ST7789_WriteData)
    ST7789_WriteData                         0x08003041   Thumb Code    94  st7789.o(i.ST7789_WriteData)
    i.ST7789_WriteNumber                     0x080030a8   Section        0  st7789.o(i.ST7789_WriteNumber)
    i.ST7789_WriteNumber_Simple              0x0800316c   Section        0  st7789.o(i.ST7789_WriteNumber_Simple)
    i.ST7789_WriteSmallData                  0x0800318c   Section        0  st7789.o(i.ST7789_WriteSmallData)
    ST7789_WriteSmallData                    0x0800318d   Thumb Code    54  st7789.o(i.ST7789_WriteSmallData)
    i.ST7789_WriteString                     0x080031cc   Section        0  st7789.o(i.ST7789_WriteString)
    i.SVC_Handler                            0x08003248   Section        0  stm32f4xx_it.o(i.SVC_Handler)
    i.SysTick_Handler                        0x0800324a   Section        0  stm32f4xx_it.o(i.SysTick_Handler)
    i.SystemClock_Config                     0x08003250   Section        0  main.o(i.SystemClock_Config)
    i.SystemInit                             0x080032e4   Section        0  system_stm32f4xx.o(i.SystemInit)
    i.UART_EndRxTransfer                     0x080032f4   Section        0  stm32f4xx_hal_uart.o(i.UART_EndRxTransfer)
    UART_EndRxTransfer                       0x080032f5   Thumb Code    78  stm32f4xx_hal_uart.o(i.UART_EndRxTransfer)
    i.UART_SetConfig                         0x08003344   Section        0  stm32f4xx_hal_uart.o(i.UART_SetConfig)
    UART_SetConfig                           0x08003345   Thumb Code   258  stm32f4xx_hal_uart.o(i.UART_SetConfig)
    i.UART_WaitOnFlagUntilTimeout            0x08003450   Section        0  stm32f4xx_hal_uart.o(i.UART_WaitOnFlagUntilTimeout)
    UART_WaitOnFlagUntilTimeout              0x08003451   Thumb Code   114  stm32f4xx_hal_uart.o(i.UART_WaitOnFlagUntilTimeout)
    i.UsageFault_Handler                     0x080034c2   Section        0  stm32f4xx_it.o(i.UsageFault_Handler)
    i.__0printf$8                            0x080034c4   Section        0  printf8.o(i.__0printf$8)
    i.__0snprintf$8                          0x080034e4   Section        0  printf8.o(i.__0snprintf$8)
    i.__NVIC_SetPriority                     0x08003514   Section        0  stm32f4xx_hal_cortex.o(i.__NVIC_SetPriority)
    __NVIC_SetPriority                       0x08003515   Thumb Code    32  stm32f4xx_hal_cortex.o(i.__NVIC_SetPriority)
    i.__scatterload_copy                     0x08003534   Section       14  handlers.o(i.__scatterload_copy)
    i.__scatterload_null                     0x08003542   Section        2  handlers.o(i.__scatterload_null)
    i.__scatterload_zeroinit                 0x08003544   Section       14  handlers.o(i.__scatterload_zeroinit)
    i._printf_core                           0x08003554   Section        0  printf8.o(i._printf_core)
    _printf_core                             0x08003555   Thumb Code   996  printf8.o(i._printf_core)
    i._printf_post_padding                   0x08003964   Section        0  printf8.o(i._printf_post_padding)
    _printf_post_padding                     0x08003965   Thumb Code    36  printf8.o(i._printf_post_padding)
    i._printf_pre_padding                    0x08003988   Section        0  printf8.o(i._printf_pre_padding)
    _printf_pre_padding                      0x08003989   Thumb Code    46  printf8.o(i._printf_pre_padding)
    i._snputc                                0x080039b6   Section        0  printf8.o(i._snputc)
    _snputc                                  0x080039b7   Thumb Code    22  printf8.o(i._snputc)
    i.fputc                                  0x080039cc   Section        0  main.o(i.fputc)
    i.main                                   0x080039e4   Section        0  main.o(i.main)
    .constdata                               0x08003ab0   Section     1900  fonts.o(.constdata)
    Font7x10                                 0x08003ab0   Data        1900  fonts.o(.constdata)
    .constdata                               0x0800421c   Section     3420  fonts.o(.constdata)
    Font11x18                                0x0800421c   Data        3420  fonts.o(.constdata)
    .constdata                               0x08004f78   Section     4940  fonts.o(.constdata)
    Font16x26                                0x08004f78   Data        4940  fonts.o(.constdata)
    .constdata                               0x080062c4   Section    32768  fonts.o(.constdata)
    .constdata                               0x0800e2c4   Section    115200  fonts.o(.constdata)
    .constdata                               0x0802a4c4   Section    115200  fonts.o(.constdata)
    .constdata                               0x080466c4   Section    115200  fonts.o(.constdata)
    .constdata                               0x080628c4   Section        8  stm32f4xx_hal_dma.o(.constdata)
    flagBitshiftOffset                       0x080628c4   Data           8  stm32f4xx_hal_dma.o(.constdata)
    .constdata                               0x080628cc   Section       16  system_stm32f4xx.o(.constdata)
    .constdata                               0x080628dc   Section        8  system_stm32f4xx.o(.constdata)
    .data                                    0x20000000   Section       28  main.o(.data)
    .data                                    0x2000001c   Section        4  main.o(.data)
    .data                                    0x20000020   Section        8  fonts.o(.data)
    .data                                    0x20000028   Section        8  fonts.o(.data)
    .data                                    0x20000030   Section        8  fonts.o(.data)
    .data                                    0x20000038   Section       12  drv_ft6336.o(.data)
    g_touch_interrupt_flag                   0x20000038   Data           1  drv_ft6336.o(.data)
    g_last_touch_count                       0x20000039   Data           1  drv_ft6336.o(.data)
    g_hft6336                                0x2000003c   Data           4  drv_ft6336.o(.data)
    g_touch_callback                         0x20000040   Data           4  drv_ft6336.o(.data)
    .data                                    0x20000044   Section       12  stm32f4xx_hal.o(.data)
    .data                                    0x20000050   Section        4  system_stm32f4xx.o(.data)
    .bss                                     0x20000054   Section       24  main.o(.bss)
    .bss                                     0x2000006c   Section       84  i2c.o(.bss)
    .bss                                     0x200000c0   Section      184  spi.o(.bss)
    .bss                                     0x20000178   Section       72  usart.o(.bss)
    .bss                                     0x200001c0   Section       12  drv_ft6336.o(.bss)
    g_touch_points                           0x200001c0   Data          12  drv_ft6336.o(.bss)
    STACK                                    0x200001d0   Section     1024  startup_stm32f407xx.o(STACK)

    Global Symbols

    Symbol Name                              Value     Ov Type        Size  Object(Section)

    BuildAttributes$$THM_ISAv4$E$P$D$K$B$S$7EM$VFPi3$EXTD16$VFPS$VFMA$PE$A:L22UL41UL21$X:L11$S22US41US21$IEEE1$IW$USESV6$~STKCKD$USESV7$~SHL$OSPACE$ROPI$EBA8$MICROLIB$REQ8$PRES8$EABIv2 0x00000000   Number         0  anon$$obj.o ABSOLUTE
    __ARM_use_no_argv                        0x00000000   Number         0  main.o ABSOLUTE
    __use_no_errno                           0x00000000   Number         0  useno.o ABSOLUTE
    __use_no_exception_handling              0x00000000   Number         0  useno.o ABSOLUTE
    __use_no_fp                              0x00000000   Number         0  useno.o ABSOLUTE
    __use_no_heap                            0x00000000   Number         0  useno.o ABSOLUTE
    __use_no_heap_region                     0x00000000   Number         0  useno.o ABSOLUTE
    __use_no_semihosting                     0x00000000   Number         0  useno.o ABSOLUTE
    __use_no_semihosting_swi                 0x00000000   Number         0  useno.o ABSOLUTE
    __use_no_signal_handling                 0x00000000   Number         0  useno.o ABSOLUTE
    _printf_a                                0x00000000   Number         0  stubs.o ABSOLUTE
    _printf_c                                0x00000000   Number         0  stubs.o ABSOLUTE
    _printf_charcount                        0x00000000   Number         0  stubs.o ABSOLUTE
    _printf_d                                0x00000000   Number         0  stubs.o ABSOLUTE
    _printf_e                                0x00000000   Number         0  stubs.o ABSOLUTE
    _printf_f                                0x00000000   Number         0  stubs.o ABSOLUTE
    _printf_flags                            0x00000000   Number         0  stubs.o ABSOLUTE
    _printf_fp_dec                           0x00000000   Number         0  stubs.o ABSOLUTE
    _printf_fp_hex                           0x00000000   Number         0  stubs.o ABSOLUTE
    _printf_g                                0x00000000   Number         0  stubs.o ABSOLUTE
    _printf_i                                0x00000000   Number         0  stubs.o ABSOLUTE
    _printf_int_dec                          0x00000000   Number         0  stubs.o ABSOLUTE
    _printf_l                                0x00000000   Number         0  stubs.o ABSOLUTE
    _printf_lc                               0x00000000   Number         0  stubs.o ABSOLUTE
    _printf_ll                               0x00000000   Number         0  stubs.o ABSOLUTE
    _printf_lld                              0x00000000   Number         0  stubs.o ABSOLUTE
    _printf_lli                              0x00000000   Number         0  stubs.o ABSOLUTE
    _printf_llo                              0x00000000   Number         0  stubs.o ABSOLUTE
    _printf_llu                              0x00000000   Number         0  stubs.o ABSOLUTE
    _printf_llx                              0x00000000   Number         0  stubs.o ABSOLUTE
    _printf_longlong_dec                     0x00000000   Number         0  stubs.o ABSOLUTE
    _printf_longlong_hex                     0x00000000   Number         0  stubs.o ABSOLUTE
    _printf_longlong_oct                     0x00000000   Number         0  stubs.o ABSOLUTE
    _printf_ls                               0x00000000   Number         0  stubs.o ABSOLUTE
    _printf_mbtowc                           0x00000000   Number         0  stubs.o ABSOLUTE
    _printf_n                                0x00000000   Number         0  stubs.o ABSOLUTE
    _printf_o                                0x00000000   Number         0  stubs.o ABSOLUTE
    _printf_p                                0x00000000   Number         0  stubs.o ABSOLUTE
    _printf_percent                          0x00000000   Number         0  stubs.o ABSOLUTE
    _printf_pre_padding                      0x00000000   Number         0  stubs.o ABSOLUTE
    _printf_return_value                     0x00000000   Number         0  stubs.o ABSOLUTE
    _printf_s                                0x00000000   Number         0  stubs.o ABSOLUTE
    _printf_sizespec                         0x00000000   Number         0  stubs.o ABSOLUTE
    _printf_str                              0x00000000   Number         0  stubs.o ABSOLUTE
    _printf_truncate_signed                  0x00000000   Number         0  stubs.o ABSOLUTE
    _printf_truncate_unsigned                0x00000000   Number         0  stubs.o ABSOLUTE
    _printf_u                                0x00000000   Number         0  stubs.o ABSOLUTE
    _printf_wc                               0x00000000   Number         0  stubs.o ABSOLUTE
    _printf_wctomb                           0x00000000   Number         0  stubs.o ABSOLUTE
    _printf_widthprec                        0x00000000   Number         0  stubs.o ABSOLUTE
    _printf_x                                0x00000000   Number         0  stubs.o ABSOLUTE
    __cpp_initialize__aeabi_                  - Undefined Weak Reference
    __cxa_finalize                            - Undefined Weak Reference
    __decompress                              - Undefined Weak Reference
    _clock_init                               - Undefined Weak Reference
    _microlib_exit                            - Undefined Weak Reference
    __Vectors_Size                           0x00000188   Number         0  startup_stm32f407xx.o ABSOLUTE
    __Vectors                                0x08000000   Data           4  startup_stm32f407xx.o(RESET)
    __Vectors_End                            0x08000188   Data           0  startup_stm32f407xx.o(RESET)
    __main                                   0x08000189   Thumb Code     0  entry.o(.ARM.Collect$$$$00000000)
    _main_stk                                0x08000189   Thumb Code     0  entry2.o(.ARM.Collect$$$$00000001)
    _main_scatterload                        0x0800018d   Thumb Code     0  entry5.o(.ARM.Collect$$$$00000004)
    __main_after_scatterload                 0x08000191   Thumb Code     0  entry5.o(.ARM.Collect$$$$00000004)
    _main_clock                              0x08000191   Thumb Code     0  entry7b.o(.ARM.Collect$$$$00000008)
    _main_cpp_init                           0x08000191   Thumb Code     0  entry8b.o(.ARM.Collect$$$$0000000A)
    _main_init                               0x08000191   Thumb Code     0  entry9a.o(.ARM.Collect$$$$0000000B)
    __rt_final_cpp                           0x08000199   Thumb Code     0  entry10a.o(.ARM.Collect$$$$0000000D)
    __rt_final_exit                          0x08000199   Thumb Code     0  entry11a.o(.ARM.Collect$$$$0000000F)
    Reset_Handler                            0x0800019d   Thumb Code     8  startup_stm32f407xx.o(.text)
    ADC_IRQHandler                           0x080001b7   Thumb Code     0  startup_stm32f407xx.o(.text)
    CAN1_RX0_IRQHandler                      0x080001b7   Thumb Code     0  startup_stm32f407xx.o(.text)
    CAN1_RX1_IRQHandler                      0x080001b7   Thumb Code     0  startup_stm32f407xx.o(.text)
    CAN1_SCE_IRQHandler                      0x080001b7   Thumb Code     0  startup_stm32f407xx.o(.text)
    CAN1_TX_IRQHandler                       0x080001b7   Thumb Code     0  startup_stm32f407xx.o(.text)
    CAN2_RX0_IRQHandler                      0x080001b7   Thumb Code     0  startup_stm32f407xx.o(.text)
    CAN2_RX1_IRQHandler                      0x080001b7   Thumb Code     0  startup_stm32f407xx.o(.text)
    CAN2_SCE_IRQHandler                      0x080001b7   Thumb Code     0  startup_stm32f407xx.o(.text)
    CAN2_TX_IRQHandler                       0x080001b7   Thumb Code     0  startup_stm32f407xx.o(.text)
    DCMI_IRQHandler                          0x080001b7   Thumb Code     0  startup_stm32f407xx.o(.text)
    DMA1_Stream0_IRQHandler                  0x080001b7   Thumb Code     0  startup_stm32f407xx.o(.text)
    DMA1_Stream1_IRQHandler                  0x080001b7   Thumb Code     0  startup_stm32f407xx.o(.text)
    DMA1_Stream2_IRQHandler                  0x080001b7   Thumb Code     0  startup_stm32f407xx.o(.text)
    DMA1_Stream3_IRQHandler                  0x080001b7   Thumb Code     0  startup_stm32f407xx.o(.text)
    DMA1_Stream4_IRQHandler                  0x080001b7   Thumb Code     0  startup_stm32f407xx.o(.text)
    DMA1_Stream5_IRQHandler                  0x080001b7   Thumb Code     0  startup_stm32f407xx.o(.text)
    DMA1_Stream6_IRQHandler                  0x080001b7   Thumb Code     0  startup_stm32f407xx.o(.text)
    DMA1_Stream7_IRQHandler                  0x080001b7   Thumb Code     0  startup_stm32f407xx.o(.text)
    DMA2_Stream0_IRQHandler                  0x080001b7   Thumb Code     0  startup_stm32f407xx.o(.text)
    DMA2_Stream1_IRQHandler                  0x080001b7   Thumb Code     0  startup_stm32f407xx.o(.text)
    DMA2_Stream2_IRQHandler                  0x080001b7   Thumb Code     0  startup_stm32f407xx.o(.text)
    DMA2_Stream4_IRQHandler                  0x080001b7   Thumb Code     0  startup_stm32f407xx.o(.text)
    DMA2_Stream5_IRQHandler                  0x080001b7   Thumb Code     0  startup_stm32f407xx.o(.text)
    DMA2_Stream6_IRQHandler                  0x080001b7   Thumb Code     0  startup_stm32f407xx.o(.text)
    DMA2_Stream7_IRQHandler                  0x080001b7   Thumb Code     0  startup_stm32f407xx.o(.text)
    ETH_IRQHandler                           0x080001b7   Thumb Code     0  startup_stm32f407xx.o(.text)
    ETH_WKUP_IRQHandler                      0x080001b7   Thumb Code     0  startup_stm32f407xx.o(.text)
    EXTI0_IRQHandler                         0x080001b7   Thumb Code     0  startup_stm32f407xx.o(.text)
    EXTI15_10_IRQHandler                     0x080001b7   Thumb Code     0  startup_stm32f407xx.o(.text)
    EXTI2_IRQHandler                         0x080001b7   Thumb Code     0  startup_stm32f407xx.o(.text)
    EXTI3_IRQHandler                         0x080001b7   Thumb Code     0  startup_stm32f407xx.o(.text)
    EXTI4_IRQHandler                         0x080001b7   Thumb Code     0  startup_stm32f407xx.o(.text)
    EXTI9_5_IRQHandler                       0x080001b7   Thumb Code     0  startup_stm32f407xx.o(.text)
    FLASH_IRQHandler                         0x080001b7   Thumb Code     0  startup_stm32f407xx.o(.text)
    FMC_IRQHandler                           0x080001b7   Thumb Code     0  startup_stm32f407xx.o(.text)
    FPU_IRQHandler                           0x080001b7   Thumb Code     0  startup_stm32f407xx.o(.text)
    HASH_RNG_IRQHandler                      0x080001b7   Thumb Code     0  startup_stm32f407xx.o(.text)
    I2C1_ER_IRQHandler                       0x080001b7   Thumb Code     0  startup_stm32f407xx.o(.text)
    I2C1_EV_IRQHandler                       0x080001b7   Thumb Code     0  startup_stm32f407xx.o(.text)
    I2C2_ER_IRQHandler                       0x080001b7   Thumb Code     0  startup_stm32f407xx.o(.text)
    I2C2_EV_IRQHandler                       0x080001b7   Thumb Code     0  startup_stm32f407xx.o(.text)
    I2C3_ER_IRQHandler                       0x080001b7   Thumb Code     0  startup_stm32f407xx.o(.text)
    I2C3_EV_IRQHandler                       0x080001b7   Thumb Code     0  startup_stm32f407xx.o(.text)
    OTG_FS_IRQHandler                        0x080001b7   Thumb Code     0  startup_stm32f407xx.o(.text)
    OTG_FS_WKUP_IRQHandler                   0x080001b7   Thumb Code     0  startup_stm32f407xx.o(.text)
    OTG_HS_EP1_IN_IRQHandler                 0x080001b7   Thumb Code     0  startup_stm32f407xx.o(.text)
    OTG_HS_EP1_OUT_IRQHandler                0x080001b7   Thumb Code     0  startup_stm32f407xx.o(.text)
    OTG_HS_IRQHandler                        0x080001b7   Thumb Code     0  startup_stm32f407xx.o(.text)
    OTG_HS_WKUP_IRQHandler                   0x080001b7   Thumb Code     0  startup_stm32f407xx.o(.text)
    PVD_IRQHandler                           0x080001b7   Thumb Code     0  startup_stm32f407xx.o(.text)
    RCC_IRQHandler                           0x080001b7   Thumb Code     0  startup_stm32f407xx.o(.text)
    RTC_Alarm_IRQHandler                     0x080001b7   Thumb Code     0  startup_stm32f407xx.o(.text)
    RTC_WKUP_IRQHandler                      0x080001b7   Thumb Code     0  startup_stm32f407xx.o(.text)
    SDIO_IRQHandler                          0x080001b7   Thumb Code     0  startup_stm32f407xx.o(.text)
    SPI1_IRQHandler                          0x080001b7   Thumb Code     0  startup_stm32f407xx.o(.text)
    SPI2_IRQHandler                          0x080001b7   Thumb Code     0  startup_stm32f407xx.o(.text)
    SPI3_IRQHandler                          0x080001b7   Thumb Code     0  startup_stm32f407xx.o(.text)
    TAMP_STAMP_IRQHandler                    0x080001b7   Thumb Code     0  startup_stm32f407xx.o(.text)
    TIM1_BRK_TIM9_IRQHandler                 0x080001b7   Thumb Code     0  startup_stm32f407xx.o(.text)
    TIM1_CC_IRQHandler                       0x080001b7   Thumb Code     0  startup_stm32f407xx.o(.text)
    TIM1_TRG_COM_TIM11_IRQHandler            0x080001b7   Thumb Code     0  startup_stm32f407xx.o(.text)
    TIM1_UP_TIM10_IRQHandler                 0x080001b7   Thumb Code     0  startup_stm32f407xx.o(.text)
    TIM2_IRQHandler                          0x080001b7   Thumb Code     0  startup_stm32f407xx.o(.text)
    TIM3_IRQHandler                          0x080001b7   Thumb Code     0  startup_stm32f407xx.o(.text)
    TIM4_IRQHandler                          0x080001b7   Thumb Code     0  startup_stm32f407xx.o(.text)
    TIM5_IRQHandler                          0x080001b7   Thumb Code     0  startup_stm32f407xx.o(.text)
    TIM6_DAC_IRQHandler                      0x080001b7   Thumb Code     0  startup_stm32f407xx.o(.text)
    TIM7_IRQHandler                          0x080001b7   Thumb Code     0  startup_stm32f407xx.o(.text)
    TIM8_BRK_TIM12_IRQHandler                0x080001b7   Thumb Code     0  startup_stm32f407xx.o(.text)
    TIM8_CC_IRQHandler                       0x080001b7   Thumb Code     0  startup_stm32f407xx.o(.text)
    TIM8_TRG_COM_TIM14_IRQHandler            0x080001b7   Thumb Code     0  startup_stm32f407xx.o(.text)
    TIM8_UP_TIM13_IRQHandler                 0x080001b7   Thumb Code     0  startup_stm32f407xx.o(.text)
    UART4_IRQHandler                         0x080001b7   Thumb Code     0  startup_stm32f407xx.o(.text)
    UART5_IRQHandler                         0x080001b7   Thumb Code     0  startup_stm32f407xx.o(.text)
    USART1_IRQHandler                        0x080001b7   Thumb Code     0  startup_stm32f407xx.o(.text)
    USART2_IRQHandler                        0x080001b7   Thumb Code     0  startup_stm32f407xx.o(.text)
    USART3_IRQHandler                        0x080001b7   Thumb Code     0  startup_stm32f407xx.o(.text)
    USART6_IRQHandler                        0x080001b7   Thumb Code     0  startup_stm32f407xx.o(.text)
    WWDG_IRQHandler                          0x080001b7   Thumb Code     0  startup_stm32f407xx.o(.text)
    __aeabi_uldivmod                         0x080001c1   Thumb Code    98  uldiv.o(.text)
    __aeabi_memset                           0x08000223   Thumb Code    14  memseta.o(.text)
    __aeabi_memset4                          0x08000223   Thumb Code     0  memseta.o(.text)
    __aeabi_memset8                          0x08000223   Thumb Code     0  memseta.o(.text)
    __aeabi_memclr                           0x08000231   Thumb Code     4  memseta.o(.text)
    __aeabi_memclr4                          0x08000231   Thumb Code     0  memseta.o(.text)
    __aeabi_memclr8                          0x08000231   Thumb Code     0  memseta.o(.text)
    _memset$wrapper                          0x08000235   Thumb Code    18  memseta.o(.text)
    __aeabi_llsl                             0x08000247   Thumb Code    30  llshl.o(.text)
    _ll_shift_l                              0x08000247   Thumb Code     0  llshl.o(.text)
    __aeabi_llsr                             0x08000265   Thumb Code    32  llushr.o(.text)
    _ll_ushift_r                             0x08000265   Thumb Code     0  llushr.o(.text)
    __scatterload                            0x08000285   Thumb Code    28  init.o(.text)
    __scatterload_rt2                        0x08000285   Thumb Code     0  init.o(.text)
    BusFault_Handler                         0x080002a9   Thumb Code     2  stm32f4xx_it.o(i.BusFault_Handler)
    DMA2_Stream3_IRQHandler                  0x080002ad   Thumb Code     6  stm32f4xx_it.o(i.DMA2_Stream3_IRQHandler)
    DebugMon_Handler                         0x08000335   Thumb Code     2  stm32f4xx_it.o(i.DebugMon_Handler)
    EXTI1_IRQHandler                         0x08000337   Thumb Code     4  stm32f4xx_it.o(i.EXTI1_IRQHandler)
    Error_Handler                            0x0800033b   Thumb Code     4  main.o(i.Error_Handler)
    FT6336_Config                            0x0800033f   Thumb Code    32  drv_ft6336.o(i.FT6336_Config)
    FT6336_Get_Touch_Count                   0x0800035f   Thumb Code    32  drv_ft6336.o(i.FT6336_Get_Touch_Count)
    FT6336_Get_Touch_Point                   0x0800037f   Thumb Code   116  drv_ft6336.o(i.FT6336_Get_Touch_Point)
    FT6336_IRQHandler                        0x080003f5   Thumb Code    16  drv_ft6336.o(i.FT6336_IRQHandler)
    FT6336_Init                              0x0800040d   Thumb Code   112  drv_ft6336.o(i.FT6336_Init)
    FT6336_LONGPRESS_DETECTION               0x08000481   Thumb Code    68  main.o(i.FT6336_LONGPRESS_DETECTION)
    FT6336_Process                           0x080004dd   Thumb Code   254  drv_ft6336.o(i.FT6336_Process)
    FT6336_ReadID                            0x080005e5   Thumb Code    78  drv_ft6336.o(i.FT6336_ReadID)
    FT6336_RegisterCallback                  0x08000655   Thumb Code     6  drv_ft6336.o(i.FT6336_RegisterCallback)
    FT6336_Reset                             0x08000661   Thumb Code    40  drv_ft6336.o(i.FT6336_Reset)
    HAL_DMA_IRQHandler                       0x080006ad   Thumb Code   412  stm32f4xx_hal_dma.o(i.HAL_DMA_IRQHandler)
    HAL_DMA_Init                             0x0800084d   Thumb Code   206  stm32f4xx_hal_dma.o(i.HAL_DMA_Init)
    HAL_Delay                                0x08000921   Thumb Code    32  stm32f4xx_hal.o(i.HAL_Delay)
    HAL_GPIO_Init                            0x08000945   Thumb Code   450  stm32f4xx_hal_gpio.o(i.HAL_GPIO_Init)
    HAL_GPIO_WritePin                        0x08000b35   Thumb Code    10  stm32f4xx_hal_gpio.o(i.HAL_GPIO_WritePin)
    HAL_GetTick                              0x08000b41   Thumb Code     6  stm32f4xx_hal.o(i.HAL_GetTick)
    HAL_I2C_Init                             0x08000b4d   Thumb Code   376  stm32f4xx_hal_i2c.o(i.HAL_I2C_Init)
    HAL_I2C_Mem_Read                         0x08000cd5   Thumb Code   502  stm32f4xx_hal_i2c.o(i.HAL_I2C_Mem_Read)
    HAL_I2C_Mem_Write                        0x08000ed9   Thumb Code   294  stm32f4xx_hal_i2c.o(i.HAL_I2C_Mem_Write)
    HAL_I2C_MspInit                          0x08001009   Thumb Code    92  i2c.o(i.HAL_I2C_MspInit)
    HAL_IncTick                              0x08001071   Thumb Code    12  stm32f4xx_hal.o(i.HAL_IncTick)
    HAL_Init                                 0x08001081   Thumb Code    48  stm32f4xx_hal.o(i.HAL_Init)
    HAL_InitTick                             0x080010b5   Thumb Code    54  stm32f4xx_hal.o(i.HAL_InitTick)
    HAL_MspInit                              0x080010f5   Thumb Code    42  stm32f4xx_hal_msp.o(i.HAL_MspInit)
    HAL_NVIC_EnableIRQ                       0x08001125   Thumb Code    26  stm32f4xx_hal_cortex.o(i.HAL_NVIC_EnableIRQ)
    HAL_NVIC_SetPriority                     0x08001141   Thumb Code    60  stm32f4xx_hal_cortex.o(i.HAL_NVIC_SetPriority)
    HAL_NVIC_SetPriorityGrouping             0x08001181   Thumb Code    26  stm32f4xx_hal_cortex.o(i.HAL_NVIC_SetPriorityGrouping)
    HAL_RCC_ClockConfig                      0x080011a5   Thumb Code   288  stm32f4xx_hal_rcc.o(i.HAL_RCC_ClockConfig)
    HAL_RCC_GetPCLK1Freq                     0x080012d9   Thumb Code    20  stm32f4xx_hal_rcc.o(i.HAL_RCC_GetPCLK1Freq)
    HAL_RCC_GetPCLK2Freq                     0x080012f9   Thumb Code    20  stm32f4xx_hal_rcc.o(i.HAL_RCC_GetPCLK2Freq)
    HAL_RCC_GetSysClockFreq                  0x08001319   Thumb Code    88  stm32f4xx_hal_rcc.o(i.HAL_RCC_GetSysClockFreq)
    HAL_RCC_OscConfig                        0x0800137d   Thumb Code   856  stm32f4xx_hal_rcc.o(i.HAL_RCC_OscConfig)
    HAL_SPI_Init                             0x080016e9   Thumb Code   188  stm32f4xx_hal_spi.o(i.HAL_SPI_Init)
    HAL_SPI_MspInit                          0x080017a5   Thumb Code   150  spi.o(i.HAL_SPI_MspInit)
    HAL_SPI_Transmit                         0x08001851   Thumb Code   358  stm32f4xx_hal_spi.o(i.HAL_SPI_Transmit)
    HAL_SYSTICK_Config                       0x080019b7   Thumb Code    40  stm32f4xx_hal_cortex.o(i.HAL_SYSTICK_Config)
    HAL_UART_Init                            0x080019df   Thumb Code   100  stm32f4xx_hal_uart.o(i.HAL_UART_Init)
    HAL_UART_MspInit                         0x08001a45   Thumb Code    94  usart.o(i.HAL_UART_MspInit)
    HAL_UART_Transmit                        0x08001ab1   Thumb Code   160  stm32f4xx_hal_uart.o(i.HAL_UART_Transmit)
    HardFault_Handler                        0x08001b51   Thumb Code     2  stm32f4xx_it.o(i.HardFault_Handler)
    MX_GPIO_Init                             0x08001f91   Thumb Code   180  gpio.o(i.MX_GPIO_Init)
    MX_I2C1_Init                             0x08002051   Thumb Code    50  i2c.o(i.MX_I2C1_Init)
    MX_SPI1_Init                             0x08002091   Thumb Code    90  spi.o(i.MX_SPI1_Init)
    MX_USART1_UART_Init                      0x080020f5   Thumb Code    48  usart.o(i.MX_USART1_UART_Init)
    MemManage_Handler                        0x0800212d   Thumb Code     2  stm32f4xx_it.o(i.MemManage_Handler)
    MyTouchCallback                          0x08002131   Thumb Code   242  main.o(i.MyTouchCallback)
    NMI_Handler                              0x080022d1   Thumb Code     2  stm32f4xx_it.o(i.NMI_Handler)
    PendSV_Handler                           0x080022d3   Thumb Code     2  stm32f4xx_it.o(i.PendSV_Handler)
    ST7789_DrawCircle                        0x080023fd   Thumb Code   290  st7789.o(i.ST7789_DrawCircle)
    ST7789_DrawFilledCircle                  0x08002525   Thumb Code   274  st7789.o(i.ST7789_DrawFilledCircle)
    ST7789_DrawFilledRectangle               0x0800263d   Thumb Code   130  st7789.o(i.ST7789_DrawFilledRectangle)
    ST7789_DrawFilledTriangle                0x080026c5   Thumb Code   216  st7789.o(i.ST7789_DrawFilledTriangle)
    ST7789_DrawImage                         0x080027a1   Thumb Code   152  st7789.o(i.ST7789_DrawImage)
    ST7789_DrawLine                          0x0800283d   Thumb Code   164  st7789.o(i.ST7789_DrawLine)
    ST7789_DrawPixel                         0x080028e1   Thumb Code    70  st7789.o(i.ST7789_DrawPixel)
    ST7789_DrawRectangle                     0x0800292d   Thumb Code   100  st7789.o(i.ST7789_DrawRectangle)
    ST7789_DrawTriangle                      0x08002995   Thumb Code    94  st7789.o(i.ST7789_DrawTriangle)
    ST7789_Fill_Color                        0x080029f9   Thumb Code   102  st7789.o(i.ST7789_Fill_Color)
    ST7789_Init                              0x08002a65   Thumb Code   272  st7789.o(i.ST7789_Init)
    ST7789_SetRotation                       0x08002c1d   Thumb Code    48  st7789.o(i.ST7789_SetRotation)
    ST7789_Test                              0x08002c4d   Thumb Code   644  st7789.o(i.ST7789_Test)
    ST7789_WriteChar                         0x08002f51   Thumb Code   172  st7789.o(i.ST7789_WriteChar)
    ST7789_WriteNumber                       0x080030a9   Thumb Code   186  st7789.o(i.ST7789_WriteNumber)
    ST7789_WriteNumber_Simple                0x0800316d   Thumb Code    32  st7789.o(i.ST7789_WriteNumber_Simple)
    ST7789_WriteString                       0x080031cd   Thumb Code   118  st7789.o(i.ST7789_WriteString)
    SVC_Handler                              0x08003249   Thumb Code     2  stm32f4xx_it.o(i.SVC_Handler)
    SysTick_Handler                          0x0800324b   Thumb Code     4  stm32f4xx_it.o(i.SysTick_Handler)
    SystemClock_Config                       0x08003251   Thumb Code   140  main.o(i.SystemClock_Config)
    SystemInit                               0x080032e5   Thumb Code    12  system_stm32f4xx.o(i.SystemInit)
    UsageFault_Handler                       0x080034c3   Thumb Code     2  stm32f4xx_it.o(i.UsageFault_Handler)
    __0printf$8                              0x080034c5   Thumb Code    22  printf8.o(i.__0printf$8)
    __1printf$8                              0x080034c5   Thumb Code     0  printf8.o(i.__0printf$8)
    __2printf                                0x080034c5   Thumb Code     0  printf8.o(i.__0printf$8)
    __0snprintf$8                            0x080034e5   Thumb Code    44  printf8.o(i.__0snprintf$8)
    __1snprintf$8                            0x080034e5   Thumb Code     0  printf8.o(i.__0snprintf$8)
    __2snprintf                              0x080034e5   Thumb Code     0  printf8.o(i.__0snprintf$8)
    __scatterload_copy                       0x08003535   Thumb Code    14  handlers.o(i.__scatterload_copy)
    __scatterload_null                       0x08003543   Thumb Code     2  handlers.o(i.__scatterload_null)
    __scatterload_zeroinit                   0x08003545   Thumb Code    14  handlers.o(i.__scatterload_zeroinit)
    fputc                                    0x080039cd   Thumb Code    20  main.o(i.fputc)
    main                                     0x080039e5   Thumb Code   176  main.o(i.main)
    saber                                    0x080062c4   Data       32768  fonts.o(.constdata)
    knky                                     0x0800e2c4   Data       115200  fonts.o(.constdata)
    tek                                      0x0802a4c4   Data       115200  fonts.o(.constdata)
    adi1                                     0x080466c4   Data       115200  fonts.o(.constdata)
    AHBPrescTable                            0x080628cc   Data          16  system_stm32f4xx.o(.constdata)
    APBPrescTable                            0x080628dc   Data           8  system_stm32f4xx.o(.constdata)
    Region$$Table$$Base                      0x080628e4   Number         0  anon$$obj.o(Region$$Table)
    Region$$Table$$Limit                     0x08062904   Number         0  anon$$obj.o(Region$$Table)
    color_test                               0x20000000   Data           2  main.o(.data)
    hft6336                                  0x20000004   Data          24  main.o(.data)
    __stdout                                 0x2000001c   Data           4  main.o(.data)
    Font_7x10                                0x20000020   Data           8  fonts.o(.data)
    Font_11x18                               0x20000028   Data           8  fonts.o(.data)
    Font_16x26                               0x20000030   Data           8  fonts.o(.data)
    uwTickFreq                               0x20000044   Data           1  stm32f4xx_hal.o(.data)
    uwTickPrio                               0x20000048   Data           4  stm32f4xx_hal.o(.data)
    uwTick                                   0x2000004c   Data           4  stm32f4xx_hal.o(.data)
    SystemCoreClock                          0x20000050   Data           4  system_stm32f4xx.o(.data)
    touch_state                              0x20000054   Data          24  main.o(.bss)
    hi2c1                                    0x2000006c   Data          84  i2c.o(.bss)
    hspi1                                    0x200000c0   Data          88  spi.o(.bss)
    hdma_spi1_tx                             0x20000118   Data          96  spi.o(.bss)
    huart1                                   0x20000178   Data          72  usart.o(.bss)
    __initial_sp                             0x200005d0   Data           0  startup_stm32f407xx.o(STACK)



==============================================================================

Memory Map of the image

  Image Entry point : 0x08000189

  Load Region LR_IROM1 (Base: 0x08000000, Size: 0x00062958, Max: 0x00100000, ABSOLUTE)

    Execution Region ER_IROM1 (Exec base: 0x08000000, Load base: 0x08000000, Size: 0x00062904, Max: 0x00100000, ABSOLUTE)

    Exec Addr    Load Addr    Size         Type   Attr      Idx    E Section Name        Object

    0x08000000   0x08000000   0x00000188   Data   RO            3    RESET               startup_stm32f407xx.o
    0x08000188   0x08000188   0x00000000   Code   RO         3133  * .ARM.Collect$$$$00000000  mc_w.l(entry.o)
    0x08000188   0x08000188   0x00000004   Code   RO         3401    .ARM.Collect$$$$00000001  mc_w.l(entry2.o)
    0x0800018c   0x0800018c   0x00000004   Code   RO         3404    .ARM.Collect$$$$00000004  mc_w.l(entry5.o)
    0x08000190   0x08000190   0x00000000   Code   RO         3406    .ARM.Collect$$$$00000008  mc_w.l(entry7b.o)
    0x08000190   0x08000190   0x00000000   Code   RO         3408    .ARM.Collect$$$$0000000A  mc_w.l(entry8b.o)
    0x08000190   0x08000190   0x00000008   Code   RO         3409    .ARM.Collect$$$$0000000B  mc_w.l(entry9a.o)
    0x08000198   0x08000198   0x00000000   Code   RO         3411    .ARM.Collect$$$$0000000D  mc_w.l(entry10a.o)
    0x08000198   0x08000198   0x00000000   Code   RO         3413    .ARM.Collect$$$$0000000F  mc_w.l(entry11a.o)
    0x08000198   0x08000198   0x00000004   Code   RO         3402    .ARM.Collect$$$$00002712  mc_w.l(entry2.o)
    0x0800019c   0x0800019c   0x00000024   Code   RO            4    .text               startup_stm32f407xx.o
    0x080001c0   0x080001c0   0x00000062   Code   RO         3136    .text               mc_w.l(uldiv.o)
    0x08000222   0x08000222   0x00000024   Code   RO         3138    .text               mc_w.l(memseta.o)
    0x08000246   0x08000246   0x0000001e   Code   RO         3417    .text               mc_w.l(llshl.o)
    0x08000264   0x08000264   0x00000020   Code   RO         3419    .text               mc_w.l(llushr.o)
    0x08000284   0x08000284   0x00000024   Code   RO         3432    .text               mc_w.l(init.o)
    0x080002a8   0x080002a8   0x00000002   Code   RO          360    i.BusFault_Handler  stm32f4xx_it.o
    0x080002aa   0x080002aa   0x00000002   PAD
    0x080002ac   0x080002ac   0x0000000c   Code   RO          361    i.DMA2_Stream3_IRQHandler  stm32f4xx_it.o
    0x080002b8   0x080002b8   0x00000028   Code   RO         1722    i.DMA_CalcBaseAndBitshift  stm32f4xx_hal_dma.o
    0x080002e0   0x080002e0   0x00000054   Code   RO         1723    i.DMA_CheckFifoParam  stm32f4xx_hal_dma.o
    0x08000334   0x08000334   0x00000002   Code   RO          362    i.DebugMon_Handler  stm32f4xx_it.o
    0x08000336   0x08000336   0x00000004   Code   RO          363    i.EXTI1_IRQHandler  stm32f4xx_it.o
    0x0800033a   0x0800033a   0x00000004   Code   RO           13    i.Error_Handler     main.o
    0x0800033e   0x0800033e   0x00000020   Code   RO          718    i.FT6336_Config     drv_ft6336.o
    0x0800035e   0x0800035e   0x00000020   Code   RO          719    i.FT6336_Get_Touch_Count  drv_ft6336.o
    0x0800037e   0x0800037e   0x00000074   Code   RO          720    i.FT6336_Get_Touch_Point  drv_ft6336.o
    0x080003f2   0x080003f2   0x00000002   PAD
    0x080003f4   0x080003f4   0x00000018   Code   RO          721    i.FT6336_IRQHandler  drv_ft6336.o
    0x0800040c   0x0800040c   0x00000074   Code   RO          722    i.FT6336_Init       drv_ft6336.o
    0x08000480   0x08000480   0x0000005c   Code   RO           14    i.FT6336_LONGPRESS_DETECTION  main.o
    0x080004dc   0x080004dc   0x00000108   Code   RO          724    i.FT6336_Process    drv_ft6336.o
    0x080005e4   0x080005e4   0x0000004e   Code   RO          725    i.FT6336_ReadID     drv_ft6336.o
    0x08000632   0x08000632   0x00000022   Code   RO          726    i.FT6336_ReadReg    drv_ft6336.o
    0x08000654   0x08000654   0x0000000c   Code   RO          727    i.FT6336_RegisterCallback  drv_ft6336.o
    0x08000660   0x08000660   0x00000028   Code   RO          728    i.FT6336_Reset      drv_ft6336.o
    0x08000688   0x08000688   0x00000024   Code   RO          729    i.FT6336_WriteReg   drv_ft6336.o
    0x080006ac   0x080006ac   0x000001a0   Code   RO         1730    i.HAL_DMA_IRQHandler  stm32f4xx_hal_dma.o
    0x0800084c   0x0800084c   0x000000d4   Code   RO         1731    i.HAL_DMA_Init      stm32f4xx_hal_dma.o
    0x08000920   0x08000920   0x00000024   Code   RO         2162    i.HAL_Delay         stm32f4xx_hal.o
    0x08000944   0x08000944   0x000001f0   Code   RO         1618    i.HAL_GPIO_Init     stm32f4xx_hal_gpio.o
    0x08000b34   0x08000b34   0x0000000a   Code   RO         1622    i.HAL_GPIO_WritePin  stm32f4xx_hal_gpio.o
    0x08000b3e   0x08000b3e   0x00000002   PAD
    0x08000b40   0x08000b40   0x0000000c   Code   RO         2168    i.HAL_GetTick       stm32f4xx_hal.o
    0x08000b4c   0x08000b4c   0x00000188   Code   RO          819    i.HAL_I2C_Init      stm32f4xx_hal_i2c.o
    0x08000cd4   0x08000cd4   0x00000204   Code   RO          837    i.HAL_I2C_Mem_Read  stm32f4xx_hal_i2c.o
    0x08000ed8   0x08000ed8   0x00000130   Code   RO          840    i.HAL_I2C_Mem_Write  stm32f4xx_hal_i2c.o
    0x08001008   0x08001008   0x00000068   Code   RO          277    i.HAL_I2C_MspInit   i2c.o
    0x08001070   0x08001070   0x00000010   Code   RO         2174    i.HAL_IncTick       stm32f4xx_hal.o
    0x08001080   0x08001080   0x00000034   Code   RO         2175    i.HAL_Init          stm32f4xx_hal.o
    0x080010b4   0x080010b4   0x00000040   Code   RO         2176    i.HAL_InitTick      stm32f4xx_hal.o
    0x080010f4   0x080010f4   0x00000030   Code   RO          459    i.HAL_MspInit       stm32f4xx_hal_msp.o
    0x08001124   0x08001124   0x0000001a   Code   RO         2010    i.HAL_NVIC_EnableIRQ  stm32f4xx_hal_cortex.o
    0x0800113e   0x0800113e   0x00000002   PAD
    0x08001140   0x08001140   0x00000040   Code   RO         2016    i.HAL_NVIC_SetPriority  stm32f4xx_hal_cortex.o
    0x08001180   0x08001180   0x00000024   Code   RO         2017    i.HAL_NVIC_SetPriorityGrouping  stm32f4xx_hal_cortex.o
    0x080011a4   0x080011a4   0x00000134   Code   RO         1264    i.HAL_RCC_ClockConfig  stm32f4xx_hal_rcc.o
    0x080012d8   0x080012d8   0x00000020   Code   RO         1271    i.HAL_RCC_GetPCLK1Freq  stm32f4xx_hal_rcc.o
    0x080012f8   0x080012f8   0x00000020   Code   RO         1272    i.HAL_RCC_GetPCLK2Freq  stm32f4xx_hal_rcc.o
    0x08001318   0x08001318   0x00000064   Code   RO         1273    i.HAL_RCC_GetSysClockFreq  stm32f4xx_hal_rcc.o
    0x0800137c   0x0800137c   0x0000036c   Code   RO         1276    i.HAL_RCC_OscConfig  stm32f4xx_hal_rcc.o
    0x080016e8   0x080016e8   0x000000bc   Code   RO         2424    i.HAL_SPI_Init      stm32f4xx_hal_spi.o
    0x080017a4   0x080017a4   0x000000ac   Code   RO          319    i.HAL_SPI_MspInit   spi.o
    0x08001850   0x08001850   0x00000166   Code   RO         2432    i.HAL_SPI_Transmit  stm32f4xx_hal_spi.o
    0x080019b6   0x080019b6   0x00000028   Code   RO         2021    i.HAL_SYSTICK_Config  stm32f4xx_hal_cortex.o
    0x080019de   0x080019de   0x00000064   Code   RO         2765    i.HAL_UART_Init     stm32f4xx_hal_uart.o
    0x08001a42   0x08001a42   0x00000002   PAD
    0x08001a44   0x08001a44   0x0000006c   Code   RO          677    i.HAL_UART_MspInit  usart.o
    0x08001ab0   0x08001ab0   0x000000a0   Code   RO         2773    i.HAL_UART_Transmit  stm32f4xx_hal_uart.o
    0x08001b50   0x08001b50   0x00000002   Code   RO          366    i.HardFault_Handler  stm32f4xx_it.o
    0x08001b52   0x08001b52   0x0000002e   Code   RO          862    i.I2C_IsAcknowledgeFailed  stm32f4xx_hal_i2c.o
    0x08001b80   0x08001b80   0x000000fc   Code   RO          872    i.I2C_RequestMemoryRead  stm32f4xx_hal_i2c.o
    0x08001c7c   0x08001c7c   0x000000a8   Code   RO          873    i.I2C_RequestMemoryWrite  stm32f4xx_hal_i2c.o
    0x08001d24   0x08001d24   0x00000056   Code   RO          877    i.I2C_WaitOnBTFFlagUntilTimeout  stm32f4xx_hal_i2c.o
    0x08001d7a   0x08001d7a   0x00000002   PAD
    0x08001d7c   0x08001d7c   0x00000090   Code   RO          878    i.I2C_WaitOnFlagUntilTimeout  stm32f4xx_hal_i2c.o
    0x08001e0c   0x08001e0c   0x000000bc   Code   RO          879    i.I2C_WaitOnMasterAddressFlagUntilTimeout  stm32f4xx_hal_i2c.o
    0x08001ec8   0x08001ec8   0x00000070   Code   RO          880    i.I2C_WaitOnRXNEFlagUntilTimeout  stm32f4xx_hal_i2c.o
    0x08001f38   0x08001f38   0x00000056   Code   RO          881    i.I2C_WaitOnTXEFlagUntilTimeout  stm32f4xx_hal_i2c.o
    0x08001f8e   0x08001f8e   0x00000002   PAD
    0x08001f90   0x08001f90   0x000000c0   Code   RO          228    i.MX_GPIO_Init      gpio.o
    0x08002050   0x08002050   0x00000040   Code   RO          278    i.MX_I2C1_Init      i2c.o
    0x08002090   0x08002090   0x00000064   Code   RO          320    i.MX_SPI1_Init      spi.o
    0x080020f4   0x080020f4   0x00000038   Code   RO          678    i.MX_USART1_UART_Init  usart.o
    0x0800212c   0x0800212c   0x00000002   Code   RO          367    i.MemManage_Handler  stm32f4xx_it.o
    0x0800212e   0x0800212e   0x00000002   PAD
    0x08002130   0x08002130   0x000001a0   Code   RO           16    i.MyTouchCallback   main.o
    0x080022d0   0x080022d0   0x00000002   Code   RO          368    i.NMI_Handler       stm32f4xx_it.o
    0x080022d2   0x080022d2   0x00000002   Code   RO          369    i.PendSV_Handler    stm32f4xx_it.o
    0x080022d4   0x080022d4   0x0000006c   Code   RO         2462    i.SPI_EndRxTxTransaction  stm32f4xx_hal_spi.o
    0x08002340   0x08002340   0x000000bc   Code   RO         2467    i.SPI_WaitFlagStateUntilTimeout  stm32f4xx_hal_spi.o
    0x080023fc   0x080023fc   0x00000128   Code   RO          483    i.ST7789_DrawCircle  st7789.o
    0x08002524   0x08002524   0x00000118   Code   RO          484    i.ST7789_DrawFilledCircle  st7789.o
    0x0800263c   0x0800263c   0x00000088   Code   RO          485    i.ST7789_DrawFilledRectangle  st7789.o
    0x080026c4   0x080026c4   0x000000dc   Code   RO          486    i.ST7789_DrawFilledTriangle  st7789.o
    0x080027a0   0x080027a0   0x0000009c   Code   RO          487    i.ST7789_DrawImage  st7789.o
    0x0800283c   0x0800283c   0x000000a4   Code   RO          488    i.ST7789_DrawLine   st7789.o
    0x080028e0   0x080028e0   0x0000004c   Code   RO          489    i.ST7789_DrawPixel  st7789.o
    0x0800292c   0x0800292c   0x00000068   Code   RO          491    i.ST7789_DrawRectangle  st7789.o
    0x08002994   0x08002994   0x00000064   Code   RO          492    i.ST7789_DrawTriangle  st7789.o
    0x080029f8   0x080029f8   0x0000006c   Code   RO          494    i.ST7789_Fill_Color  st7789.o
    0x08002a64   0x08002a64   0x0000013c   Code   RO          495    i.ST7789_Init       st7789.o
    0x08002ba0   0x08002ba0   0x0000007c   Code   RO          497    i.ST7789_SetAddressWindow  st7789.o
    0x08002c1c   0x08002c1c   0x00000030   Code   RO          498    i.ST7789_SetRotation  st7789.o
    0x08002c4c   0x08002c4c   0x00000304   Code   RO          500    i.ST7789_Test       st7789.o
    0x08002f50   0x08002f50   0x000000b0   Code   RO          501    i.ST7789_WriteChar  st7789.o
    0x08003000   0x08003000   0x00000040   Code   RO          502    i.ST7789_WriteCommand  st7789.o
    0x08003040   0x08003040   0x00000068   Code   RO          503    i.ST7789_WriteData  st7789.o
    0x080030a8   0x080030a8   0x000000c4   Code   RO          504    i.ST7789_WriteNumber  st7789.o
    0x0800316c   0x0800316c   0x00000020   Code   RO          505    i.ST7789_WriteNumber_Simple  st7789.o
    0x0800318c   0x0800318c   0x00000040   Code   RO          506    i.ST7789_WriteSmallData  st7789.o
    0x080031cc   0x080031cc   0x0000007c   Code   RO          507    i.ST7789_WriteString  st7789.o
    0x08003248   0x08003248   0x00000002   Code   RO          370    i.SVC_Handler       stm32f4xx_it.o
    0x0800324a   0x0800324a   0x00000004   Code   RO          371    i.SysTick_Handler   stm32f4xx_it.o
    0x0800324e   0x0800324e   0x00000002   PAD
    0x08003250   0x08003250   0x00000094   Code   RO           17    i.SystemClock_Config  main.o
    0x080032e4   0x080032e4   0x00000010   Code   RO         3099    i.SystemInit        system_stm32f4xx.o
    0x080032f4   0x080032f4   0x0000004e   Code   RO         2788    i.UART_EndRxTransfer  stm32f4xx_hal_uart.o
    0x08003342   0x08003342   0x00000002   PAD
    0x08003344   0x08003344   0x0000010c   Code   RO         2791    i.UART_SetConfig    stm32f4xx_hal_uart.o
    0x08003450   0x08003450   0x00000072   Code   RO         2794    i.UART_WaitOnFlagUntilTimeout  stm32f4xx_hal_uart.o
    0x080034c2   0x080034c2   0x00000002   Code   RO          372    i.UsageFault_Handler  stm32f4xx_it.o
    0x080034c4   0x080034c4   0x00000020   Code   RO         3347    i.__0printf$8       mc_w.l(printf8.o)
    0x080034e4   0x080034e4   0x00000030   Code   RO         3348    i.__0snprintf$8     mc_w.l(printf8.o)
    0x08003514   0x08003514   0x00000020   Code   RO         2023    i.__NVIC_SetPriority  stm32f4xx_hal_cortex.o
    0x08003534   0x08003534   0x0000000e   Code   RO         3440    i.__scatterload_copy  mc_w.l(handlers.o)
    0x08003542   0x08003542   0x00000002   Code   RO         3441    i.__scatterload_null  mc_w.l(handlers.o)
    0x08003544   0x08003544   0x0000000e   Code   RO         3442    i.__scatterload_zeroinit  mc_w.l(handlers.o)
    0x08003552   0x08003552   0x00000002   PAD
    0x08003554   0x08003554   0x00000410   Code   RO         3354    i._printf_core      mc_w.l(printf8.o)
    0x08003964   0x08003964   0x00000024   Code   RO         3355    i._printf_post_padding  mc_w.l(printf8.o)
    0x08003988   0x08003988   0x0000002e   Code   RO         3356    i._printf_pre_padding  mc_w.l(printf8.o)
    0x080039b6   0x080039b6   0x00000016   Code   RO         3357    i._snputc           mc_w.l(printf8.o)
    0x080039cc   0x080039cc   0x00000018   Code   RO           19    i.fputc             main.o
    0x080039e4   0x080039e4   0x000000cc   Code   RO           20    i.main              main.o
    0x08003ab0   0x08003ab0   0x0000076c   Data   RO          652    .constdata          fonts.o
    0x0800421c   0x0800421c   0x00000d5c   Data   RO          653    .constdata          fonts.o
    0x08004f78   0x08004f78   0x0000134c   Data   RO          654    .constdata          fonts.o
    0x080062c4   0x080062c4   0x00008000   Data   RO          655    .constdata          fonts.o
    0x0800e2c4   0x0800e2c4   0x0001c200   Data   RO          656    .constdata          fonts.o
    0x0802a4c4   0x0802a4c4   0x0001c200   Data   RO          657    .constdata          fonts.o
    0x080466c4   0x080466c4   0x0001c200   Data   RO          658    .constdata          fonts.o
    0x080628c4   0x080628c4   0x00000008   Data   RO         1737    .constdata          stm32f4xx_hal_dma.o
    0x080628cc   0x080628cc   0x00000010   Data   RO         3100    .constdata          system_stm32f4xx.o
    0x080628dc   0x080628dc   0x00000008   Data   RO         3101    .constdata          system_stm32f4xx.o
    0x080628e4   0x080628e4   0x00000020   Data   RO         3438    Region$$Table       anon$$obj.o


    Execution Region RW_IRAM1 (Exec base: 0x20000000, Load base: 0x08062904, Size: 0x000005d0, Max: 0x0001c000, ABSOLUTE)

    Exec Addr    Load Addr    Size         Type   Attr      Idx    E Section Name        Object

    0x20000000   0x08062904   0x0000001c   Data   RW           22    .data               main.o
    0x2000001c   0x08062920   0x00000004   Data   RW           23    .data               main.o
    0x20000020   0x08062924   0x00000008   Data   RW          659    .data               fonts.o
    0x20000028   0x0806292c   0x00000008   Data   RW          660    .data               fonts.o
    0x20000030   0x08062934   0x00000008   Data   RW          661    .data               fonts.o
    0x20000038   0x0806293c   0x0000000c   Data   RW          731    .data               drv_ft6336.o
    0x20000044   0x08062948   0x0000000c   Data   RW         2182    .data               stm32f4xx_hal.o
    0x20000050   0x08062954   0x00000004   Data   RW         3102    .data               system_stm32f4xx.o
    0x20000054        -       0x00000018   Zero   RW           21    .bss                main.o
    0x2000006c        -       0x00000054   Zero   RW          279    .bss                i2c.o
    0x200000c0        -       0x000000b8   Zero   RW          321    .bss                spi.o
    0x20000178        -       0x00000048   Zero   RW          679    .bss                usart.o
    0x200001c0        -       0x0000000c   Zero   RW          730    .bss                drv_ft6336.o
    0x200001cc   0x08062958   0x00000004   PAD
    0x200001d0        -       0x00000400   Zero   RW            1    STACK               startup_stm32f407xx.o


    Execution Region RW_IRAM2 (Exec base: 0x2001c000, Load base: 0x08062958, Size: 0x00000000, Max: 0x00004000, ABSOLUTE)

    **** No section assigned to this execution region ****


==============================================================================

Image component sizes


      Code (inc. data)   RO Data    RW Data    ZI Data      Debug   Object Name

       784         28          0         12         12       8260   drv_ft6336.o
         0          0     388628         24          0       1238   fonts.o
       192         12          0          0          0       1051   gpio.o
       168         26          0          0         84       1733   i2c.o
       888        238          0         32         24     681538   main.o
       272         32          0          0        184       1838   spi.o
      3660        276          0          0          0      18558   st7789.o
        36          8        392          0       1024        848   startup_stm32f407xx.o
       180         28          0         12          0       9517   stm32f4xx_hal.o
       198         14          0          0          0      33903   stm32f4xx_hal_cortex.o
       752         16          8          0          0       4148   stm32f4xx_hal_dma.o
       506         46          0          0          0       2236   stm32f4xx_hal_gpio.o
      2294         52          0          0          0      13366   stm32f4xx_hal_i2c.o
        48          6          0          0          0        886   stm32f4xx_hal_msp.o
      1348         76          0          0          0       5344   stm32f4xx_hal_rcc.o
       842         16          0          0          0       4650   stm32f4xx_hal_spi.o
       720         10          0          0          0       4928   stm32f4xx_hal_uart.o
        36          6          0          0          0       5271   stm32f4xx_it.o
        16          4         24          4          0       1171   system_stm32f4xx.o
       164         22          0          0         72       1774   usart.o

    ----------------------------------------------------------------------
     13124        916     389084         84       1404     802258   Object Totals
         0          0         32          0          0          0   (incl. Generated)
        20          0          0          0          4          0   (incl. Padding)

    ----------------------------------------------------------------------

      Code (inc. data)   RO Data    RW Data    ZI Data      Debug   Library Member Name

         0          0          0          0          0          0   entry.o
         0          0          0          0          0          0   entry10a.o
         0          0          0          0          0          0   entry11a.o
         8          4          0          0          0          0   entry2.o
         4          0          0          0          0          0   entry5.o
         0          0          0          0          0          0   entry7b.o
         0          0          0          0          0          0   entry8b.o
         8          4          0          0          0          0   entry9a.o
        30          0          0          0          0          0   handlers.o
        36          8          0          0          0         68   init.o
        30          0          0          0          0         68   llshl.o
        32          0          0          0          0         68   llushr.o
        36          0          0          0          0        108   memseta.o
      1224         58          0          0          0        504   printf8.o
        98          0          0          0          0         92   uldiv.o

    ----------------------------------------------------------------------
      1508         74          0          0          0        908   Library Totals
         2          0          0          0          0          0   (incl. Padding)

    ----------------------------------------------------------------------

      Code (inc. data)   RO Data    RW Data    ZI Data      Debug   Library Name

      1506         74          0          0          0        908   mc_w.l

    ----------------------------------------------------------------------
      1508         74          0          0          0        908   Library Totals

    ----------------------------------------------------------------------

==============================================================================


      Code (inc. data)   RO Data    RW Data    ZI Data      Debug   

     14632        990     389084         84       1404     793754   Grand Totals
     14632        990     389084         84       1404     793754   ELF Image Totals
     14632        990     389084         84          0          0   ROM Totals

==============================================================================

    Total RO  Size (Code + RO Data)               403716 ( 394.25kB)
    Total RW  Size (RW Data + ZI Data)              1488 (   1.45kB)
    Total ROM Size (Code + RO Data + RW Data)     403800 ( 394.34kB)

==============================================================================

