Component: ARM Compiler 5.06 update 6 (build 750) Tool: armlink [4d35ed]

==============================================================================

Section Cross References

    startup_stm32f407xx.o(RESET) refers to startup_stm32f407xx.o(STACK) for __initial_sp
    startup_stm32f407xx.o(RESET) refers to startup_stm32f407xx.o(.text) for Reset_Handler
    startup_stm32f407xx.o(RESET) refers to stm32f4xx_it.o(i.NMI_Handler) for NMI_Handler
    startup_stm32f407xx.o(RESET) refers to stm32f4xx_it.o(i.HardFault_Handler) for HardFault_Handler
    startup_stm32f407xx.o(RESET) refers to stm32f4xx_it.o(i.MemManage_Handler) for MemManage_Handler
    startup_stm32f407xx.o(RESET) refers to stm32f4xx_it.o(i.BusFault_Handler) for BusFault_Handler
    startup_stm32f407xx.o(RESET) refers to stm32f4xx_it.o(i.UsageFault_Handler) for UsageFault_Handler
    startup_stm32f407xx.o(RESET) refers to stm32f4xx_it.o(i.SVC_Handler) for SVC_Handler
    startup_stm32f407xx.o(RESET) refers to stm32f4xx_it.o(i.DebugMon_Handler) for DebugMon_Handler
    startup_stm32f407xx.o(RESET) refers to stm32f4xx_it.o(i.PendSV_Handler) for PendSV_Handler
    startup_stm32f407xx.o(RESET) refers to stm32f4xx_it.o(i.SysTick_Handler) for SysTick_Handler
    startup_stm32f407xx.o(RESET) refers to stm32f4xx_it.o(i.EXTI1_IRQHandler) for EXTI1_IRQHandler
    startup_stm32f407xx.o(RESET) refers to stm32f4xx_it.o(i.DMA2_Stream3_IRQHandler) for DMA2_Stream3_IRQHandler
    startup_stm32f407xx.o(.text) refers to system_stm32f4xx.o(i.SystemInit) for SystemInit
    startup_stm32f407xx.o(.text) refers to entry.o(.ARM.Collect$$$$00000000) for __main
    main.o(i.I2C_Scanner) refers to printf8.o(i.__0printf$8) for __2printf
    main.o(i.I2C_Scanner) refers to stm32f4xx_hal_i2c.o(i.HAL_I2C_IsDeviceReady) for HAL_I2C_IsDeviceReady
    main.o(i.I2C_Scanner) refers to i2c.o(.bss) for hi2c1
    main.o(i.SystemClock_Config) refers to memseta.o(.text) for __aeabi_memclr4
    main.o(i.SystemClock_Config) refers to stm32f4xx_hal_rcc.o(i.HAL_RCC_OscConfig) for HAL_RCC_OscConfig
    main.o(i.SystemClock_Config) refers to stm32f4xx_hal_rcc.o(i.HAL_RCC_ClockConfig) for HAL_RCC_ClockConfig
    main.o(i.fputc) refers to stm32f4xx_hal_uart.o(i.HAL_UART_Transmit) for HAL_UART_Transmit
    main.o(i.fputc) refers to usart.o(.bss) for huart1
    main.o(i.main) refers to stm32f4xx_hal.o(i.HAL_Init) for HAL_Init
    main.o(i.main) refers to main.o(i.SystemClock_Config) for SystemClock_Config
    main.o(i.main) refers to gpio.o(i.MX_GPIO_Init) for MX_GPIO_Init
    main.o(i.main) refers to spi.o(i.MX_SPI1_Init) for MX_SPI1_Init
    main.o(i.main) refers to dma.o(i.MX_DMA_Init) for MX_DMA_Init
    main.o(i.main) refers to i2c.o(i.MX_I2C1_Init) for MX_I2C1_Init
    main.o(i.main) refers to usart.o(i.MX_USART1_UART_Init) for MX_USART1_UART_Init
    main.o(i.main) refers to brain_app.o(i.brain_driver_init) for brain_driver_init
    main.o(i.main) refers to brain_app.o(i.brain_app_init) for brain_app_init
    main.o(i.main) refers to brain_app.o(i.brain_app_circulation) for brain_app_circulation
    main.o(i.main) refers to brain_app.o(i.brain_driver_circulation) for brain_driver_circulation
    main.o(i.main) refers to brain_app.o(.bss) for acupoint_list
    gpio.o(i.MX_GPIO_Init) refers to memseta.o(.text) for __aeabi_memclr4
    gpio.o(i.MX_GPIO_Init) refers to stm32f4xx_hal_gpio.o(i.HAL_GPIO_WritePin) for HAL_GPIO_WritePin
    gpio.o(i.MX_GPIO_Init) refers to stm32f4xx_hal_gpio.o(i.HAL_GPIO_Init) for HAL_GPIO_Init
    dma.o(i.MX_DMA_Init) refers to stm32f4xx_hal_dma.o(i.HAL_DMA_Init) for HAL_DMA_Init
    dma.o(i.MX_DMA_Init) refers to main.o(i.Error_Handler) for Error_Handler
    dma.o(i.MX_DMA_Init) refers to stm32f4xx_hal_cortex.o(i.HAL_NVIC_SetPriority) for HAL_NVIC_SetPriority
    dma.o(i.MX_DMA_Init) refers to stm32f4xx_hal_cortex.o(i.HAL_NVIC_EnableIRQ) for HAL_NVIC_EnableIRQ
    dma.o(i.MX_DMA_Init) refers to spi.o(.bss) for hdma_spi1_tx
    i2c.o(i.HAL_I2C_MspDeInit) refers to stm32f4xx_hal_gpio.o(i.HAL_GPIO_DeInit) for HAL_GPIO_DeInit
    i2c.o(i.HAL_I2C_MspInit) refers to memseta.o(.text) for __aeabi_memclr4
    i2c.o(i.HAL_I2C_MspInit) refers to stm32f4xx_hal_gpio.o(i.HAL_GPIO_Init) for HAL_GPIO_Init
    i2c.o(i.MX_I2C1_Init) refers to stm32f4xx_hal_i2c.o(i.HAL_I2C_Init) for HAL_I2C_Init
    i2c.o(i.MX_I2C1_Init) refers to main.o(i.Error_Handler) for Error_Handler
    i2c.o(i.MX_I2C1_Init) refers to i2c.o(.bss) for .bss
    spi.o(i.HAL_SPI_MspDeInit) refers to stm32f4xx_hal_gpio.o(i.HAL_GPIO_DeInit) for HAL_GPIO_DeInit
    spi.o(i.HAL_SPI_MspDeInit) refers to stm32f4xx_hal_dma.o(i.HAL_DMA_DeInit) for HAL_DMA_DeInit
    spi.o(i.HAL_SPI_MspInit) refers to memseta.o(.text) for __aeabi_memclr4
    spi.o(i.HAL_SPI_MspInit) refers to stm32f4xx_hal_gpio.o(i.HAL_GPIO_Init) for HAL_GPIO_Init
    spi.o(i.HAL_SPI_MspInit) refers to stm32f4xx_hal_dma.o(i.HAL_DMA_Init) for HAL_DMA_Init
    spi.o(i.HAL_SPI_MspInit) refers to main.o(i.Error_Handler) for Error_Handler
[...]
    Removing stm32f4xx_hal_uart.o(i.HAL_UART_Transmit_DMA), (132 bytes).
    Removing stm32f4xx_hal_uart.o(i.HAL_UART_Transmit_IT), (50 bytes).
    Removing stm32f4xx_hal_uart.o(i.HAL_UART_TxCpltCallback), (2 bytes).
    Removing stm32f4xx_hal_uart.o(i.HAL_UART_TxHalfCpltCallback), (2 bytes).
    Removing stm32f4xx_hal_uart.o(i.UART_DMAAbortOnError), (14 bytes).
    Removing stm32f4xx_hal_uart.o(i.UART_DMAError), (74 bytes).
    Removing stm32f4xx_hal_uart.o(i.UART_DMAReceiveCplt), (134 bytes).
    Removing stm32f4xx_hal_uart.o(i.UART_DMARxAbortCallback), (44 bytes).
    Removing stm32f4xx_hal_uart.o(i.UART_DMARxHalfCplt), (30 bytes).
    Removing stm32f4xx_hal_uart.o(i.UART_DMARxOnlyAbortCallback), (22 bytes).
    Removing stm32f4xx_hal_uart.o(i.UART_DMATransmitCplt), (66 bytes).
    Removing stm32f4xx_hal_uart.o(i.UART_DMATxAbortCallback), (44 bytes).
    Removing stm32f4xx_hal_uart.o(i.UART_DMATxHalfCplt), (10 bytes).
    Removing stm32f4xx_hal_uart.o(i.UART_DMATxOnlyAbortCallback), (20 bytes).
    Removing stm32f4xx_hal_uart.o(i.UART_EndTxTransfer), (28 bytes).
    Removing stm32f4xx_hal_uart.o(i.UART_Receive_IT), (194 bytes).
    Removing stm32f4xx_hal_uart.o(i.UART_Start_Receive_DMA), (160 bytes).
    Removing stm32f4xx_hal_uart.o(i.UART_Start_Receive_IT), (54 bytes).
    Removing system_stm32f4xx.o(.rev16_text), (4 bytes).
    Removing system_stm32f4xx.o(.revsh_text), (4 bytes).
    Removing system_stm32f4xx.o(.rrx_text), (6 bytes).
    Removing system_stm32f4xx.o(i.SystemCoreClockUpdate), (124 bytes).
    Removing dadd.o(.text), (334 bytes).
    Removing dmul.o(.text), (228 bytes).
    Removing ddiv.o(.text), (222 bytes).
    Removing dfixul.o(.text), (48 bytes).
    Removing cdrcmple.o(.text), (48 bytes).
    Removing depilogue.o(.text), (186 bytes).

416 unused section(s) (total 194518 bytes) removed from the image.

==============================================================================

Image Symbol Table

    Local Symbols

    Symbol Name                              Value     Ov Type        Size  Object(Section)

    ../Core/Src/dma.c                        0x00000000   Number         0  dma.o ABSOLUTE
    ../Core/Src/gpio.c                       0x00000000   Number         0  gpio.o ABSOLUTE
    ../Core/Src/i2c.c                        0x00000000   Number         0  i2c.o ABSOLUTE
    ../Core/Src/main.c                       0x00000000   Number         0  main.o ABSOLUTE
    ../Core/Src/spi.c                        0x00000000   Number         0  spi.o ABSOLUTE
    ../Core/Src/stm32f4xx_hal_msp.c          0x00000000   Number         0  stm32f4xx_hal_msp.o ABSOLUTE
    ../Core/Src/stm32f4xx_it.c               0x00000000   Number         0  stm32f4xx_it.o ABSOLUTE
    ../Core/Src/system_stm32f4xx.c           0x00000000   Number         0  system_stm32f4xx.o ABSOLUTE
    ../Drivers/STM32F4xx_HAL_Driver/Src/stm32f4xx_hal.c 0x00000000   Number         0  stm32f4xx_hal.o ABSOLUTE
    ../Drivers/STM32F4xx_HAL_Driver/Src/stm32f4xx_hal_cortex.c 0x00000000   Number         0  stm32f4xx_hal_cortex.o ABSOLUTE
    ../Drivers/STM32F4xx_HAL_Driver/Src/stm32f4xx_hal_dma.c 0x00000000   Number         0  stm32f4xx_hal_dma.o ABSOLUTE
    ../Drivers/STM32F4xx_HAL_Driver/Src/stm32f4xx_hal_dma_ex.c 0x00000000   Number         0  stm32f4xx_hal_dma_ex.o ABSOLUTE
    ../Drivers/STM32F4xx_HAL_Driver/Src/stm32f4xx_hal_exti.c 0x00000000   Number         0  stm32f4xx_hal_exti.o ABSOLUTE
    ../Drivers/STM32F4xx_HAL_Driver/Src/stm32f4xx_hal_flash.c 0x00000000   Number         0  stm32f4xx_hal_flash.o ABSOLUTE
    ../Drivers/STM32F4xx_HAL_Driver/Src/stm32f4xx_hal_flash_ex.c 0x00000000   Number         0  stm32f4xx_hal_flash_ex.o ABSOLUTE
    ../Drivers/STM32F4xx_HAL_Driver/Src/stm32f4xx_hal_flash_ramfunc.c 0x00000000   Number         0  stm32f4xx_hal_flash_ramfunc.o ABSOLUTE
    ../Drivers/STM32F4xx_HAL_Driver/Src/stm32f4xx_hal_gpio.c 0x00000000   Number         0  stm32f4xx_hal_gpio.o ABSOLUTE
    ../Drivers/STM32F4xx_HAL_Driver/Src/stm32f4xx_hal_i2c.c 0x00000000   Number         0  stm32f4xx_hal_i2c.o ABSOLUTE
    ../Drivers/STM32F4xx_HAL_Driver/Src/stm32f4xx_hal_i2c_ex.c 0x00000000   Number         0  stm32f4xx_hal_i2c_ex.o ABSOLUTE
    ../Drivers/STM32F4xx_HAL_Driver/Src/stm32f4xx_hal_pwr.c 0x00000000   Number         0  stm32f4xx_hal_pwr.o ABSOLUTE
    ../Drivers/STM32F4xx_HAL_Driver/Src/stm32f4xx_hal_pwr_ex.c 0x00000000   Number         0  stm32f4xx_hal_pwr_ex.o ABSOLUTE
    ../Drivers/STM32F4xx_HAL_Driver/Src/stm32f4xx_hal_rcc.c 0x00000000   Number         0  stm32f4xx_hal_rcc.o ABSOLUTE
    ../Drivers/STM32F4xx_HAL_Driver/Src/stm32f4xx_hal_rcc_ex.c 0x00000000   Number         0  stm32f4xx_hal_rcc_ex.o ABSOLUTE
    ../Drivers/STM32F4xx_HAL_Driver/Src/stm32f4xx_hal_spi.c 0x00000000   Number         0  stm32f4xx_hal_spi.o ABSOLUTE
    ../clib/../cmprslib/zerorunl2.c          0x00000000   Number         0  __dczerorl2.o ABSOLUTE
    ../clib/microlib/division.c              0x00000000   Number         0  uldiv.o ABSOLUTE
    ../clib/microlib/division.c              0x00000000   Number         0  uidiv.o ABSOLUTE
    ../clib/microlib/init/entry.s            0x00000000   Number         0  entry11b.o ABSOLUTE
    ../clib/microlib/init/entry.s            0x00000000   Number         0  entry11a.o ABSOLUTE
    ../clib/microlib/init/entry.s            0x00000000   Number         0  entry10b.o ABSOLUTE
    ../clib/microlib/init/entry.s            0x00000000   Number         0  entry10a.o ABSOLUTE
    ../clib/microlib/init/entry.s            0x00000000   Number         0  entry9b.o ABSOLUTE
    ../clib/microlib/init/entry.s            0x00000000   Number         0  entry5.o ABSOLUTE
    ../clib/microlib/init/entry.s            0x00000000   Number         0  entry7a.o ABSOLUTE
    ../clib/microlib/init/entry.s            0x00000000   Number         0  entry2.o ABSOLUTE
    ../clib/microlib/init/entry.s            0x00000000   Number         0  entry7b.o ABSOLUTE
    ../clib/microlib/init/entry.s            0x00000000   Number         0  entry8a.o ABSOLUTE
    ../clib/microlib/init/entry.s            0x00000000   Number         0  entry8b.o ABSOLUTE
    ../clib/microlib/init/entry.s            0x00000000   Number         0  entry.o ABSOLUTE
    ../clib/microlib/init/entry.s            0x00000000   Number         0  entry9a.o ABSOLUTE
    ../clib/microlib/longlong.c              0x00000000   Number         0  llushr.o ABSOLUTE
    ../clib/microlib/longlong.c              0x00000000   Number         0  llsshr.o ABSOLUTE
    ../clib/microlib/longlong.c              0x00000000   Number         0  llshl.o ABSOLUTE
    ../clib/microlib/malloc/malloc.c         0x00000000   Number         0  mallocra.o ABSOLUTE
    ../clib/microlib/malloc/malloc.c         0x00000000   Number         0  malloca.o ABSOLUTE
    ../clib/microlib/malloc/malloc.c         0x00000000   Number         0  mallocr.o ABSOLUTE
    ../clib/microlib/malloc/malloc.c         0x00000000   Number         0  malloc.o ABSOLUTE
    ../clib/microlib/malloc/mvars.c          0x00000000   Number         0  mvars.o ABSOLUTE
    ../clib/microlib/printf/printf.c         0x00000000   Number         0  printf6.o ABSOLUTE
    ../clib/microlib/printf/printf.c         0x00000000   Number         0  printf5.o ABSOLUTE
    ../clib/microlib/printf/printf.c         0x00000000   Number         0  printf4.o ABSOLUTE
    ../clib/microlib/printf/printf.c         0x00000000   Number         0  printf3.o ABSOLUTE
    ../clib/microlib/printf/printf.c         0x00000000   Number         0  printf2.o ABSOLUTE
    ../clib/microlib/printf/printf.c         0x00000000   Number         0  printf1.o ABSOLUTE
    ../clib/microlib/printf/printf.c         0x00000000   Number         0  printf0.o ABSOLUTE
    ../clib/microlib/printf/printf.c         0x00000000   Number         0  printfb.o ABSOLUTE
    ../clib/microlib/printf/printf.c         0x00000000   Number         0  printfa.o ABSOLUTE
    ../clib/microlib/printf/printf.c         0x00000000   Number         0  printf8.o ABSOLUTE
    ../clib/microlib/printf/printf.c         0x00000000   Number         0  printf7.o ABSOLUTE
    ../clib/microlib/printf/stubs.s          0x00000000   Number         0  stubs.o ABSOLUTE
    ../clib/microlib/string/memcpy.c         0x00000000   Number         0  memcpya.o ABSOLUTE
    ../clib/microlib/string/memcpy.c         0x00000000   Number         0  memcpyb.o ABSOLUTE
    ../clib/microlib/string/memset.c         0x00000000   Number         0  memseta.o ABSOLUTE
    ../clib/microlib/string/strlen.c         0x00000000   Number         0  strlen.o ABSOLUTE
    ../clib/microlib/string/strncmp.c        0x00000000   Number         0  strncmp.o ABSOLUTE
    ../clib/microlib/stubs.s                 0x00000000   Number         0  iusefp.o ABSOLUTE
    ../clib/microlib/stubs.s                 0x00000000   Number         0  useno.o ABSOLUTE
    ../fplib/microlib/fpadd.c                0x00000000   Number         0  dadd.o ABSOLUTE
    ../fplib/microlib/fpdiv.c                0x00000000   Number         0  ddiv.o ABSOLUTE
    ../fplib/microlib/fpepilogue.c           0x00000000   Number         0  depilogue.o ABSOLUTE
    ../fplib/microlib/fpfix.c                0x00000000   Number         0  dfixul.o ABSOLUTE
    ../fplib/microlib/fpmul.c                0x00000000   Number         0  dmul.o ABSOLUTE
    ..\Core\Src\brain_app.c                  0x00000000   Number         0  brain_app.o ABSOLUTE
    ..\Core\Src\dma.c                        0x00000000   Number         0  dma.o ABSOLUTE
    ..\Core\Src\drv_ft6336.c                 0x00000000   Number         0  drv_ft6336.o ABSOLUTE
    ..\Core\Src\fonts.c                      0x00000000   Number         0  fonts.o ABSOLUTE
    ..\Core\Src\gpio.c                       0x00000000   Number         0  gpio.o ABSOLUTE
    ..\Core\Src\i2c.c                        0x00000000   Number         0  i2c.o ABSOLUTE
    ..\Core\Src\main.c                       0x00000000   Number         0  main.o ABSOLUTE
    ..\Core\Src\spi.c                        0x00000000   Number         0  spi.o ABSOLUTE
    ..\Core\Src\st7789.c                     0x00000000   Number         0  st7789.o ABSOLUTE
    ..\Core\Src\stm32f4xx_hal_msp.c          0x00000000   Number         0  stm32f4xx_hal_msp.o ABSOLUTE
    ..\Core\Src\stm32f4xx_it.c               0x00000000   Number         0  stm32f4xx_it.o ABSOLUTE
    ..\Core\Src\system_stm32f4xx.c           0x00000000   Number         0  system_stm32f4xx.o ABSOLUTE
    ..\Core\Src\usart.c                      0x00000000   Number         0  usart.o ABSOLUTE
    ..\Drivers\STM32F4xx_HAL_Driver\Src\stm32f4xx_hal.c 0x00000000   Number         0  stm32f4xx_hal.o ABSOLUTE
    ..\Drivers\STM32F4xx_HAL_Driver\Src\stm32f4xx_hal_cortex.c 0x00000000   Number         0  stm32f4xx_hal_cortex.o ABSOLUTE
    ..\Drivers\STM32F4xx_HAL_Driver\Src\stm32f4xx_hal_dma.c 0x00000000   Number         0  stm32f4xx_hal_dma.o ABSOLUTE
    ..\Drivers\STM32F4xx_HAL_Driver\Src\stm32f4xx_hal_dma_ex.c 0x00000000   Number         0  stm32f4xx_hal_dma_ex.o ABSOLUTE
    ..\Drivers\STM32F4xx_HAL_Driver\Src\stm32f4xx_hal_exti.c 0x00000000   Number         0  stm32f4xx_hal_exti.o ABSOLUTE
    ..\Drivers\STM32F4xx_HAL_Driver\Src\stm32f4xx_hal_flash.c 0x00000000   Number         0  stm32f4xx_hal_flash.o ABSOLUTE
    ..\Drivers\STM32F4xx_HAL_Driver\Src\stm32f4xx_hal_flash_ex.c 0x00000000   Number         0  stm32f4xx_hal_flash_ex.o ABSOLUTE
    ..\Drivers\STM32F4xx_HAL_Driver\Src\stm32f4xx_hal_flash_ramfunc.c 0x00000000   Number         0  stm32f4xx_hal_flash_ramfunc.o ABSOLUTE
    ..\Drivers\STM32F4xx_HAL_Driver\Src\stm32f4xx_hal_gpio.c 0x00000000   Number         0  stm32f4xx_hal_gpio.o ABSOLUTE
    ..\Drivers\STM32F4xx_HAL_Driver\Src\stm32f4xx_hal_i2c.c 0x00000000   Number         0  stm32f4xx_hal_i2c.o ABSOLUTE
    ..\Drivers\STM32F4xx_HAL_Driver\Src\stm32f4xx_hal_i2c_ex.c 0x00000000   Number         0  stm32f4xx_hal_i2c_ex.o ABSOLUTE
    ..\Drivers\STM32F4xx_HAL_Driver\Src\stm32f4xx_hal_pwr.c 0x00000000   Number         0  stm32f4xx_hal_pwr.o ABSOLUTE
    ..\Drivers\STM32F4xx_HAL_Driver\Src\stm32f4xx_hal_pwr_ex.c 0x00000000   Number         0  stm32f4xx_hal_pwr_ex.o ABSOLUTE
    ..\Drivers\STM32F4xx_HAL_Driver\Src\stm32f4xx_hal_rcc.c 0x00000000   Number         0  stm32f4xx_hal_rcc.o ABSOLUTE
    ..\Drivers\STM32F4xx_HAL_Driver\Src\stm32f4xx_hal_rcc_ex.c 0x00000000   Number         0  stm32f4xx_hal_rcc_ex.o ABSOLUTE
    ..\Drivers\STM32F4xx_HAL_Driver\Src\stm32f4xx_hal_spi.c 0x00000000   Number         0  stm32f4xx_hal_spi.o ABSOLUTE
    ..\Drivers\STM32F4xx_HAL_Driver\Src\stm32f4xx_hal_uart.c 0x00000000   Number         0  stm32f4xx_hal_uart.o ABSOLUTE
    ..\\Core\\Src\\brain_app.c               0x00000000   Number         0  brain_app.o ABSOLUTE
    ..\\Core\\Src\\drv_ft6336.c              0x00000000   Number         0  drv_ft6336.o ABSOLUTE
    ..\\Core\\Src\\st7789.c                  0x00000000   Number         0  st7789.o ABSOLUTE
    ..\\Core\\Src\\usart.c                   0x00000000   Number         0  usart.o ABSOLUTE
    ..\\Drivers\\STM32F4xx_HAL_Driver\\Src\\stm32f4xx_hal_uart.c 0x00000000   Number         0  stm32f4xx_hal_uart.o ABSOLUTE
    cdrcmple.s                               0x00000000   Number         0  cdrcmple.o ABSOLUTE
    dc.s                                     0x00000000   Number         0  dc.o ABSOLUTE
    handlers.s                               0x00000000   Number         0  handlers.o ABSOLUTE
    init.s                                   0x00000000   Number         0  init.o ABSOLUTE
    startup_stm32f407xx.s                    0x00000000   Number         0  startup_stm32f407xx.o ABSOLUTE
    RESET                                    0x08000000   Section      392  startup_stm32f407xx.o(RESET)
    .ARM.Collect$$$$00000000                 0x08000188   Section        0  entry.o(.ARM.Collect$$$$00000000)
    .ARM.Collect$$$$00000001                 0x08000188   Section        4  entry2.o(.ARM.Collect$$$$00000001)
    .ARM.Collect$$$$00000004                 0x0800018c   Section        4  entry5.o(.ARM.Collect$$$$00000004)
    .ARM.Collect$$$$00000008                 0x08000190   Section        0  entry7b.o(.ARM.Collect$$$$00000008)
    .ARM.Collect$$$$0000000A                 0x08000190   Section        0  entry8b.o(.ARM.Collect$$$$0000000A)
    .ARM.Collect$$$$0000000B                 0x08000190   Section        8  entry9a.o(.ARM.Collect$$$$0000000B)
    .ARM.Collect$$$$0000000D                 0x08000198   Section        0  entry10a.o(.ARM.Collect$$$$0000000D)
    .ARM.Collect$$$$0000000F                 0x08000198   Section        0  entry11a.o(.ARM.Collect$$$$0000000F)
    .ARM.Collect$$$$00002712                 0x08000198   Section        4  entry2.o(.ARM.Collect$$$$00002712)
    __lit__00000000                          0x08000198   Data           4  entry2.o(.ARM.Collect$$$$00002712)
    .text                                    0x0800019c   Section       36  startup_stm32f407xx.o(.text)
    $v0                                      0x0800019c   Number         0  startup_stm32f407xx.o(.text)
    .text                                    0x080001c0   Section        0  uldiv.o(.text)
    .text                                    0x08000222   Section        0  memseta.o(.text)
    .text                                    0x08000246   Section        0  strlen.o(.text)
    .text                                    0x08000254   Section        0  strncmp.o(.text)
    .text                                    0x08000272   Section        0  llshl.o(.text)
    .text                                    0x08000290   Section        0  llushr.o(.text)
    .text                                    0x080002b0   Section       36  init.o(.text)
    .text                                    0x080002d4   Section        0  __dczerorl2.o(.text)
    i.BusFault_Handler                       0x0800032a   Section        0  stm32f4xx_it.o(i.BusFault_Handler)
    i.DMA2_Stream3_IRQHandler                0x0800032c   Section        0  stm32f4xx_it.o(i.DMA2_Stream3_IRQHandler)
    i.DMA_CalcBaseAndBitshift                0x08000338   Section        0  stm32f4xx_hal_dma.o(i.DMA_CalcBaseAndBitshift)
    DMA_CalcBaseAndBitshift                  0x08000339   Thumb Code    34  stm32f4xx_hal_dma.o(i.DMA_CalcBaseAndBitshift)
    i.DMA_CheckFifoParam                     0x08000360   Section        0  stm32f4xx_hal_dma.o(i.DMA_CheckFifoParam)
    DMA_CheckFifoParam                       0x08000361   Thumb Code    84  stm32f4xx_hal_dma.o(i.DMA_CheckFifoParam)
    i.DMA_SetConfig                          0x080003b4   Section        0  stm32f4xx_hal_dma.o(i.DMA_SetConfig)
    DMA_SetConfig                            0x080003b5   Thumb Code    40  stm32f4xx_hal_dma.o(i.DMA_SetConfig)
    i.DebugMon_Handler                       0x080003dc   Section        0  stm32f4xx_it.o(i.DebugMon_Handler)
    i.EXTI1_IRQHandler                       0x080003de   Section        0  stm32f4xx_it.o(i.EXTI1_IRQHandler)
    i.Error_Handler                          0x080003e2   Section        0  main.o(i.Error_Handler)
    i.FT6336_Config                          0x080003e6   Section        0  drv_ft6336.o(i.FT6336_Config)
    i.FT6336_Get_Touch_Count                 0x08000406   Section        0  drv_ft6336.o(i.FT6336_Get_Touch_Count)
    i.FT6336_Get_Touch_Point                 0x08000426   Section        0  drv_ft6336.o(i.FT6336_Get_Touch_Point)
    i.FT6336_IRQHandler                      0x080004a0   Section        0  drv_ft6336.o(i.FT6336_IRQHandler)
    i.FT6336_Init                            0x080004b8   Section        0  drv_ft6336.o(i.FT6336_Init)
    i.FT6336_LONGPRESS_DETECTION             0x0800052c   Section        0  drv_ft6336.o(i.FT6336_LONGPRESS_DETECTION)
    i.FT6336_Process                         0x08000568   Section        0  drv_ft6336.o(i.FT6336_Process)
    i.FT6336_ReadID                          0x08000670   Section        0  drv_ft6336.o(i.FT6336_ReadID)
    i.FT6336_ReadReg                         0x080006be   Section        0  drv_ft6336.o(i.FT6336_ReadReg)
    FT6336_ReadReg                           0x080006bf   Thumb Code    34  drv_ft6336.o(i.FT6336_ReadReg)
    i.FT6336_Reset                           0x080006e0   Section        0  drv_ft6336.o(i.FT6336_Reset)
    i.FT6336_WriteReg                        0x08000708   Section        0  drv_ft6336.o(i.FT6336_WriteReg)
    FT6336_WriteReg                          0x08000709   Thumb Code    36  drv_ft6336.o(i.FT6336_WriteReg)
    i.FT6336_circulation                     0x0800072c   Section        0  drv_ft6336.o(i.FT6336_circulation)
    i.HAL_DMA_IRQHandler                     0x08000740   Section        0  stm32f4xx_hal_dma.o(i.HAL_DMA_IRQHandler)
    i.HAL_DMA_Init                           0x080008e0   Section        0  stm32f4xx_hal_dma.o(i.HAL_DMA_Init)
    i.HAL_DMA_Start_IT                       0x080009b4   Section        0  stm32f4xx_hal_dma.o(i.HAL_DMA_Start_IT)
    i.HAL_Delay                              0x08000a24   Section        0  stm32f4xx_hal.o(i.HAL_Delay)
    i.HAL_GPIO_Init                          0x08000a48   Section        0  stm32f4xx_hal_gpio.o(i.HAL_GPIO_Init)
    i.HAL_GPIO_WritePin                      0x08000c38   Section        0  stm32f4xx_hal_gpio.o(i.HAL_GPIO_WritePin)
    i.HAL_GetTick                            0x08000c44   Section        0  stm32f4xx_hal.o(i.HAL_GetTick)
    i.HAL_I2C_Init                           0x08000c50   Section        0  stm32f4xx_hal_i2c.o(i.HAL_I2C_Init)
    i.HAL_I2C_Mem_Read                       0x08000dd8   Section        0  stm32f4xx_hal_i2c.o(i.HAL_I2C_Mem_Read)
    i.HAL_I2C_Mem_Write                      0x08000fdc   Section        0  stm32f4xx_hal_i2c.o(i.HAL_I2C_Mem_Write)
    i.HAL_I2C_MspInit                        0x0800110c   Section        0  i2c.o(i.HAL_I2C_MspInit)
    i.HAL_IncTick                            0x08001174   Section        0  stm32f4xx_hal.o(i.HAL_IncTick)
    i.HAL_Init                               0x08001184   Section        0  stm32f4xx_hal.o(i.HAL_Init)
    i.HAL_InitTick                           0x080011b8   Section        0  stm32f4xx_hal.o(i.HAL_InitTick)
    i.HAL_MspInit                            0x080011f8   Section        0  stm32f4xx_hal_msp.o(i.HAL_MspInit)
    i.HAL_NVIC_EnableIRQ                     0x08001228   Section        0  stm32f4xx_hal_cortex.o(i.HAL_NVIC_EnableIRQ)
    i.HAL_NVIC_SetPriority                   0x08001244   Section        0  stm32f4xx_hal_cortex.o(i.HAL_NVIC_SetPriority)
    i.HAL_NVIC_SetPriorityGrouping           0x08001284   Section        0  stm32f4xx_hal_cortex.o(i.HAL_NVIC_SetPriorityGrouping)
    i.HAL_RCC_ClockConfig                    0x080012a8   Section        0  stm32f4xx_hal_rcc.o(i.HAL_RCC_ClockConfig)
    i.HAL_RCC_GetPCLK1Freq                   0x080013dc   Section        0  stm32f4xx_hal_rcc.o(i.HAL_RCC_GetPCLK1Freq)
    i.HAL_RCC_GetPCLK2Freq                   0x080013fc   Section        0  stm32f4xx_hal_rcc.o(i.HAL_RCC_GetPCLK2Freq)
    i.HAL_RCC_GetSysClockFreq                0x0800141c   Section        0  stm32f4xx_hal_rcc.o(i.HAL_RCC_GetSysClockFreq)
    i.HAL_RCC_OscConfig                      0x08001480   Section        0  stm32f4xx_hal_rcc.o(i.HAL_RCC_OscConfig)
    i.HAL_SPI_ErrorCallback                  0x080017ec   Section        0  stm32f4xx_it.o(i.HAL_SPI_ErrorCallback)
    i.HAL_SPI_Init                           0x08001800   Section        0  stm32f4xx_hal_spi.o(i.HAL_SPI_Init)
    i.HAL_SPI_MspInit                        0x080018bc   Section        0  spi.o(i.HAL_SPI_MspInit)
    i.HAL_SPI_Transmit                       0x08001968   Section        0  stm32f4xx_hal_spi.o(i.HAL_SPI_Transmit)
    i.HAL_SPI_Transmit_DMA                   0x08001ad0   Section        0  stm32f4xx_hal_spi.o(i.HAL_SPI_Transmit_DMA)
    i.HAL_SPI_TxCpltCallback                 0x08001b9c   Section        0  stm32f4xx_it.o(i.HAL_SPI_TxCpltCallback)
    i.HAL_SPI_TxHalfCpltCallback             0x08001b9e   Section        0  stm32f4xx_hal_spi.o(i.HAL_SPI_TxHalfCpltCallback)
    i.HAL_SYSTICK_Config                     0x08001ba0   Section        0  stm32f4xx_hal_cortex.o(i.HAL_SYSTICK_Config)
    i.HAL_UART_Init                          0x08001bc8   Section        0  stm32f4xx_hal_uart.o(i.HAL_UART_Init)
    i.HAL_UART_MspInit                       0x08001c2c   Section        0  usart.o(i.HAL_UART_MspInit)
    i.HAL_UART_Transmit                      0x08001c98   Section        0  stm32f4xx_hal_uart.o(i.HAL_UART_Transmit)
    i.HardFault_Handler                      0x08001d38   Section        0  stm32f4xx_it.o(i.HardFault_Handler)
    i.I2C_IsAcknowledgeFailed                0x08001d3a   Section        0  stm32f4xx_hal_i2c.o(i.I2C_IsAcknowledgeFailed)
    I2C_IsAcknowledgeFailed                  0x08001d3b   Thumb Code    46  stm32f4xx_hal_i2c.o(i.I2C_IsAcknowledgeFailed)
    i.I2C_RequestMemoryRead                  0x08001d68   Section        0  stm32f4xx_hal_i2c.o(i.I2C_RequestMemoryRead)
    I2C_RequestMemoryRead                    0x08001d69   Thumb Code   246  stm32f4xx_hal_i2c.o(i.I2C_RequestMemoryRead)
    i.I2C_RequestMemoryWrite                 0x08001e64   Section        0  stm32f4xx_hal_i2c.o(i.I2C_RequestMemoryWrite)
    I2C_RequestMemoryWrite                   0x08001e65   Thumb Code   162  stm32f4xx_hal_i2c.o(i.I2C_RequestMemoryWrite)
    i.I2C_WaitOnBTFFlagUntilTimeout          0x08001f0c   Section        0  stm32f4xx_hal_i2c.o(i.I2C_WaitOnBTFFlagUntilTimeout)
    I2C_WaitOnBTFFlagUntilTimeout            0x08001f0d   Thumb Code    86  stm32f4xx_hal_i2c.o(i.I2C_WaitOnBTFFlagUntilTimeout)
    i.I2C_WaitOnFlagUntilTimeout             0x08001f64   Section        0  stm32f4xx_hal_i2c.o(i.I2C_WaitOnFlagUntilTimeout)
    I2C_WaitOnFlagUntilTimeout               0x08001f65   Thumb Code   144  stm32f4xx_hal_i2c.o(i.I2C_WaitOnFlagUntilTimeout)
    i.I2C_WaitOnMasterAddressFlagUntilTimeout 0x08001ff4   Section        0  stm32f4xx_hal_i2c.o(i.I2C_WaitOnMasterAddressFlagUntilTimeout)
    I2C_WaitOnMasterAddressFlagUntilTimeout  0x08001ff5   Thumb Code   188  stm32f4xx_hal_i2c.o(i.I2C_WaitOnMasterAddressFlagUntilTimeout)
    i.I2C_WaitOnRXNEFlagUntilTimeout         0x080020b0   Section        0  stm32f4xx_hal_i2c.o(i.I2C_WaitOnRXNEFlagUntilTimeout)
    I2C_WaitOnRXNEFlagUntilTimeout           0x080020b1   Thumb Code   112  stm32f4xx_hal_i2c.o(i.I2C_WaitOnRXNEFlagUntilTimeout)
    i.I2C_WaitOnTXEFlagUntilTimeout          0x08002120   Section        0  stm32f4xx_hal_i2c.o(i.I2C_WaitOnTXEFlagUntilTimeout)
    I2C_WaitOnTXEFlagUntilTimeout            0x08002121   Thumb Code    86  stm32f4xx_hal_i2c.o(i.I2C_WaitOnTXEFlagUntilTimeout)
    i.MX_DMA_Init                            0x08002178   Section        0  dma.o(i.MX_DMA_Init)
    i.MX_GPIO_Init                           0x080021fc   Section        0  gpio.o(i.MX_GPIO_Init)
    i.MX_I2C1_Init                           0x080022bc   Section        0  i2c.o(i.MX_I2C1_Init)
    i.MX_SPI1_Init                           0x080022fc   Section        0  spi.o(i.MX_SPI1_Init)
    i.MX_USART1_UART_Init                    0x08002360   Section        0  usart.o(i.MX_USART1_UART_Init)
    i.MemManage_Handler                      0x08002398   Section        0  stm32f4xx_it.o(i.MemManage_Handler)
    i.MyTouchCallback                        0x0800239c   Section        0  drv_ft6336.o(i.MyTouchCallback)
    i.NMI_Handler                            0x08002558   Section        0  stm32f4xx_it.o(i.NMI_Handler)
    i.PendSV_Handler                         0x0800255a   Section        0  stm32f4xx_it.o(i.PendSV_Handler)
    i.SPI_DMAError                           0x0800255c   Section        0  stm32f4xx_hal_spi.o(i.SPI_DMAError)
    SPI_DMAError                             0x0800255d   Thumb Code    34  stm32f4xx_hal_spi.o(i.SPI_DMAError)
    i.SPI_DMAHalfTransmitCplt                0x0800257e   Section        0  stm32f4xx_hal_spi.o(i.SPI_DMAHalfTransmitCplt)
    SPI_DMAHalfTransmitCplt                  0x0800257f   Thumb Code    10  stm32f4xx_hal_spi.o(i.SPI_DMAHalfTransmitCplt)
    i.SPI_DMATransmitCplt                    0x08002588   Section        0  stm32f4xx_hal_spi.o(i.SPI_DMATransmitCplt)
    SPI_DMATransmitCplt                      0x08002589   Thumb Code   100  stm32f4xx_hal_spi.o(i.SPI_DMATransmitCplt)
    i.SPI_EndRxTxTransaction                 0x080025ec   Section        0  stm32f4xx_hal_spi.o(i.SPI_EndRxTxTransaction)
    SPI_EndRxTxTransaction                   0x080025ed   Thumb Code    98  stm32f4xx_hal_spi.o(i.SPI_EndRxTxTransaction)
    i.SPI_WaitFlagStateUntilTimeout          0x08002658   Section        0  stm32f4xx_hal_spi.o(i.SPI_WaitFlagStateUntilTimeout)
    SPI_WaitFlagStateUntilTimeout            0x08002659   Thumb Code   182  stm32f4xx_hal_spi.o(i.SPI_WaitFlagStateUntilTimeout)
    i.ST7789_DrawImage_Uint8                 0x08002714   Section        0  st7789.o(i.ST7789_DrawImage_Uint8)
    i.ST7789_Fill                            0x08002838   Section        0  st7789.o(i.ST7789_Fill)
    i.ST7789_Fill_Color                      0x080028b4   Section        0  st7789.o(i.ST7789_Fill_Color)
    i.ST7789_Init                            0x08002934   Section        0  st7789.o(i.ST7789_Init)
    i.ST7789_SetAddressWindow                0x08002a70   Section        0  st7789.o(i.ST7789_SetAddressWindow)
    ST7789_SetAddressWindow                  0x08002a71   Thumb Code   118  st7789.o(i.ST7789_SetAddressWindow)
    i.ST7789_SetRotation                     0x08002aec   Section        0  st7789.o(i.ST7789_SetRotation)
    i.ST7789_WriteChar                       0x08002b1c   Section        0  st7789.o(i.ST7789_WriteChar)
    i.ST7789_WriteChineseStrCenter           0x08002bcc   Section        0  st7789.o(i.ST7789_WriteChineseStrCenter)
    i.ST7789_WriteChineseStrCenter_nointerval 0x08002c98   Section        0  st7789.o(i.ST7789_WriteChineseStrCenter_nointerval)
    i.ST7789_WriteCommand                    0x08002d6c   Section        0  st7789.o(i.ST7789_WriteCommand)
    ST7789_WriteCommand                      0x08002d6d   Thumb Code    54  st7789.o(i.ST7789_WriteCommand)
    i.ST7789_WriteData                       0x08002dac   Section        0  st7789.o(i.ST7789_WriteData)
    ST7789_WriteData                         0x08002dad   Thumb Code   130  st7789.o(i.ST7789_WriteData)
    i.ST7789_WriteNumber                     0x08002e3c   Section        0  st7789.o(i.ST7789_WriteNumber)
    i.ST7789_WriteNumber_Center              0x08002f00   Section        0  st7789.o(i.ST7789_WriteNumber_Center)
    i.ST7789_WriteNumber_Center_Area         0x08002fc4   Section        0  st7789.o(i.ST7789_WriteNumber_Center_Area)
    i.ST7789_WriteSingleChineseCenter        0x08002fe8   Section        0  st7789.o(i.ST7789_WriteSingleChineseCenter)
    i.ST7789_WriteSmallData                  0x0800315c   Section        0  st7789.o(i.ST7789_WriteSmallData)
    ST7789_WriteSmallData                    0x0800315d   Thumb Code    54  st7789.o(i.ST7789_WriteSmallData)
    i.SVC_Handler                            0x0800319c   Section        0  stm32f4xx_it.o(i.SVC_Handler)
    i.SysTick_Handler                        0x0800319e   Section        0  stm32f4xx_it.o(i.SysTick_Handler)
    i.SystemClock_Config                     0x080031a4   Section        0  main.o(i.SystemClock_Config)
    i.SystemInit                             0x08003238   Section        0  system_stm32f4xx.o(i.SystemInit)
    i.UART_EndRxTransfer                     0x08003248   Section        0  stm32f4xx_hal_uart.o(i.UART_EndRxTransfer)
    UART_EndRxTransfer                       0x08003249   Thumb Code    78  stm32f4xx_hal_uart.o(i.UART_EndRxTransfer)
    i.UART_SetConfig                         0x08003298   Section        0  stm32f4xx_hal_uart.o(i.UART_SetConfig)
    UART_SetConfig                           0x08003299   Thumb Code   258  stm32f4xx_hal_uart.o(i.UART_SetConfig)
    i.UART_WaitOnFlagUntilTimeout            0x080033a4   Section        0  stm32f4xx_hal_uart.o(i.UART_WaitOnFlagUntilTimeout)
    UART_WaitOnFlagUntilTimeout              0x080033a5   Thumb Code   114  stm32f4xx_hal_uart.o(i.UART_WaitOnFlagUntilTimeout)
    i.UsageFault_Handler                     0x08003416   Section        0  stm32f4xx_it.o(i.UsageFault_Handler)
    i.__0printf$8                            0x08003418   Section        0  printf8.o(i.__0printf$8)
    i.__0snprintf$8                          0x08003438   Section        0  printf8.o(i.__0snprintf$8)
    i.__NVIC_SetPriority                     0x08003468   Section        0  stm32f4xx_hal_cortex.o(i.__NVIC_SetPriority)
    __NVIC_SetPriority                       0x08003469   Thumb Code    32  stm32f4xx_hal_cortex.o(i.__NVIC_SetPriority)
    i.__scatterload_copy                     0x08003488   Section       14  handlers.o(i.__scatterload_copy)
    i.__scatterload_null                     0x08003496   Section        2  handlers.o(i.__scatterload_null)
    i.__scatterload_zeroinit                 0x08003498   Section       14  handlers.o(i.__scatterload_zeroinit)
    i._printf_core                           0x080034a8   Section        0  printf8.o(i._printf_core)
    _printf_core                             0x080034a9   Thumb Code   996  printf8.o(i._printf_core)
    i._printf_post_padding                   0x080038b8   Section        0  printf8.o(i._printf_post_padding)
    _printf_post_padding                     0x080038b9   Thumb Code    36  printf8.o(i._printf_post_padding)
    i._printf_pre_padding                    0x080038dc   Section        0  printf8.o(i._printf_pre_padding)
    _printf_pre_padding                      0x080038dd   Thumb Code    46  printf8.o(i._printf_pre_padding)
    i._snputc                                0x0800390a   Section        0  printf8.o(i._snputc)
    _snputc                                  0x0800390b   Thumb Code    22  printf8.o(i._snputc)
    i.app_conifg_home                        0x08003920   Section        0  brain_app.o(i.app_conifg_home)
    i.app_conifg_page                        0x08003ab4   Section        0  brain_app.o(i.app_conifg_page)
    i.brain_app_circulation                  0x08004480   Section        0  brain_app.o(i.brain_app_circulation)
    i.brain_app_init                         0x080044b4   Section        0  brain_app.o(i.brain_app_init)
    i.brain_driver_circulation               0x080044f0   Section        0  brain_app.o(i.brain_driver_circulation)
    i.brain_driver_init                      0x080044f4   Section        0  brain_app.o(i.brain_driver_init)
    i.display_config_page                    0x08004504   Section        0  brain_app.o(i.display_config_page)
    i.display_home_screen                    0x08004818   Section        0  brain_app.o(i.display_home_screen)
    i.drv_FT6336_init                        0x08004a98   Section        0  drv_ft6336.o(i.drv_FT6336_init)
    i.drv_dac_circulation                    0x08004ac0   Section        0  brain_app.o(i.drv_dac_circulation)
    i.drv_dac_stop                           0x08004bb8   Section        0  brain_app.o(i.drv_dac_stop)
    i.fputc                                  0x08004ca4   Section        0  main.o(i.fputc)
    i.free                                   0x08004cbc   Section        0  malloc.o(i.free)
    i.jugement_pioint_in_area                0x08004d0c   Section        0  brain_app.o(i.jugement_pioint_in_area)
    jugement_pioint_in_area                  0x08004d0d   Thumb Code    36  brain_app.o(i.jugement_pioint_in_area)
    i.main                                   0x08004d30   Section        0  main.o(i.main)
    i.malloc                                 0x08004d68   Section        0  malloc.o(i.malloc)
    i.refresh_display_remaining_time         0x08004dd4   Section        0  brain_app.o(i.refresh_display_remaining_time)
    i.start_timing                           0x08004e28   Section        0  brain_app.o(i.start_timing)
    i.update_remaining_time                  0x08004e50   Section        0  brain_app.o(i.update_remaining_time)
    .constdata                               0x08004ec8   Section     3420  fonts.o(.constdata)
    Font11x18                                0x08004ec8   Data        3420  fonts.o(.constdata)
    .constdata                               0x08005c24   Section     3952  fonts.o(.constdata)
    Font16x26_Chinese_Single                 0x08005c24   Data        3952  fonts.o(.constdata)
    .constdata                               0x08006b94   Section    153608  fonts.o(.constdata)
    .constdata                               0x0802c39c   Section        8  stm32f4xx_hal_dma.o(.constdata)
    flagBitshiftOffset                       0x0802c39c   Data           8  stm32f4xx_hal_dma.o(.constdata)
    .constdata                               0x0802c3a4   Section       16  system_stm32f4xx.o(.constdata)
    .constdata                               0x0802c3b4   Section        8  system_stm32f4xx.o(.constdata)
    .conststring                             0x0802c3bc   Section      151  fonts.o(.conststring)
    .data                                    0x20000000   Section        4  main.o(.data)
    .data                                    0x20000004   Section        2  st7789.o(.data)
    .data                                    0x20000008   Section        8  fonts.o(.data)
    .data                                    0x20000010   Section        8  fonts.o(.data)
    .data                                    0x20000018   Section      152  fonts.o(.data)
    .data                                    0x200000b0   Section       36  drv_ft6336.o(.data)
    g_touch_interrupt_flag                   0x200000b0   Data           1  drv_ft6336.o(.data)
    g_last_touch_count                       0x200000b1   Data           1  drv_ft6336.o(.data)
    g_hft6336                                0x200000b4   Data           4  drv_ft6336.o(.data)
    g_touch_callback                         0x200000b8   Data           4  drv_ft6336.o(.data)
    .data                                    0x200000d4   Section      620  brain_app.o(.data)
    acupoint_low_frequence_buff              0x200000da   Data           3  brain_app.o(.data)
    acupoint_high_frequence_buff             0x200000de   Data           4  brain_app.o(.data)
    acupoint_frequence_buff                  0x200000f4   Data           5  brain_app.o(.data)
    acupoint_alternate_time_buff             0x200000f9   Data           5  brain_app.o(.data)
    lcd_all_areas                            0x20000100   Data         320  brain_app.o(.data)
    lcd_all_areas_page                       0x20000240   Data         256  brain_app.o(.data)
    .data                                    0x20000340   Section       12  stm32f4xx_hal.o(.data)
    .data                                    0x2000034c   Section        4  system_stm32f4xx.o(.data)
    .data                                    0x20000350   Section        4  mvars.o(.data)
    .data                                    0x20000354   Section        4  mvars.o(.data)
    .bss                                     0x20000358   Section       84  i2c.o(.bss)
    .bss                                     0x200003ac   Section      184  spi.o(.bss)
    .bss                                     0x20000464   Section       72  usart.o(.bss)
    .bss                                     0x200004ac   Section       48  drv_ft6336.o(.bss)
    g_touch_points                           0x200004ac   Data          12  drv_ft6336.o(.bss)
    .bss                                     0x200004dc   Section       84  brain_app.o(.bss)
    HEAP                                     0x20000530   Section    20480  startup_stm32f407xx.o(HEAP)
    STACK                                    0x20005530   Section     1024  startup_stm32f407xx.o(STACK)

    Global Symbols

    Symbol Name                              Value     Ov Type        Size  Object(Section)

    BuildAttributes$$THM_ISAv4$E$P$D$K$B$S$7EM$VFPi3$EXTD16$VFPS$VFMA$PE$A:L22UL41UL21$X:L11$S22US41US21$IEEE1$IW$USESV6$~STKCKD$USESV7$~SHL$OSPACE$ROPI$EBA8$MICROLIB$REQ8$PRES8$EABIv2 0x00000000   Number         0  anon$$obj.o ABSOLUTE
    __ARM_use_no_argv                        0x00000000   Number         0  main.o ABSOLUTE
    __use_no_errno                           0x00000000   Number         0  useno.o ABSOLUTE
    __use_no_exception_handling              0x00000000   Number         0  useno.o ABSOLUTE
    __use_no_fp                              0x00000000   Number         0  useno.o ABSOLUTE
    __use_no_heap                            0x00000000   Number         0  useno.o ABSOLUTE
    __use_no_heap_region                     0x00000000   Number         0  useno.o ABSOLUTE
    __use_no_semihosting                     0x00000000   Number         0  useno.o ABSOLUTE
    __use_no_semihosting_swi                 0x00000000   Number         0  useno.o ABSOLUTE
    __use_no_signal_handling                 0x00000000   Number         0  useno.o ABSOLUTE
    _printf_a                                0x00000000   Number         0  stubs.o ABSOLUTE
    _printf_c                                0x00000000   Number         0  stubs.o ABSOLUTE
    _printf_charcount                        0x00000000   Number         0  stubs.o ABSOLUTE
    _printf_d                                0x00000000   Number         0  stubs.o ABSOLUTE
    _printf_e                                0x00000000   Number         0  stubs.o ABSOLUTE
    _printf_f                                0x00000000   Number         0  stubs.o ABSOLUTE
    _printf_flags                            0x00000000   Number         0  stubs.o ABSOLUTE
    _printf_fp_dec                           0x00000000   Number         0  stubs.o ABSOLUTE
    _printf_fp_hex                           0x00000000   Number         0  stubs.o ABSOLUTE
    _printf_g                                0x00000000   Number         0  stubs.o ABSOLUTE
    _printf_i                                0x00000000   Number         0  stubs.o ABSOLUTE
    _printf_int_dec                          0x00000000   Number         0  stubs.o ABSOLUTE
    _printf_l                                0x00000000   Number         0  stubs.o ABSOLUTE
    _printf_lc                               0x00000000   Number         0  stubs.o ABSOLUTE
    _printf_ll                               0x00000000   Number         0  stubs.o ABSOLUTE
    _printf_lld                              0x00000000   Number         0  stubs.o ABSOLUTE
    _printf_lli                              0x00000000   Number         0  stubs.o ABSOLUTE
    _printf_llo                              0x00000000   Number         0  stubs.o ABSOLUTE
    _printf_llu                              0x00000000   Number         0  stubs.o ABSOLUTE
    _printf_llx                              0x00000000   Number         0  stubs.o ABSOLUTE
    _printf_longlong_dec                     0x00000000   Number         0  stubs.o ABSOLUTE
    _printf_longlong_hex                     0x00000000   Number         0  stubs.o ABSOLUTE
    _printf_longlong_oct                     0x00000000   Number         0  stubs.o ABSOLUTE
    _printf_ls                               0x00000000   Number         0  stubs.o ABSOLUTE
    _printf_mbtowc                           0x00000000   Number         0  stubs.o ABSOLUTE
    _printf_n                                0x00000000   Number         0  stubs.o ABSOLUTE
    _printf_o                                0x00000000   Number         0  stubs.o ABSOLUTE
    _printf_p                                0x00000000   Number         0  stubs.o ABSOLUTE
    _printf_percent                          0x00000000   Number         0  stubs.o ABSOLUTE
    _printf_pre_padding                      0x00000000   Number         0  stubs.o ABSOLUTE
    _printf_return_value                     0x00000000   Number         0  stubs.o ABSOLUTE
    _printf_s                                0x00000000   Number         0  stubs.o ABSOLUTE
    _printf_sizespec                         0x00000000   Number         0  stubs.o ABSOLUTE
    _printf_str                              0x00000000   Number         0  stubs.o ABSOLUTE
    _printf_truncate_signed                  0x00000000   Number         0  stubs.o ABSOLUTE
    _printf_truncate_unsigned                0x00000000   Number         0  stubs.o ABSOLUTE
    _printf_u                                0x00000000   Number         0  stubs.o ABSOLUTE
    _printf_wc                               0x00000000   Number         0  stubs.o ABSOLUTE
    _printf_wctomb                           0x00000000   Number         0  stubs.o ABSOLUTE
    _printf_widthprec                        0x00000000   Number         0  stubs.o ABSOLUTE
    _printf_x                                0x00000000   Number         0  stubs.o ABSOLUTE
    __cpp_initialize__aeabi_                  - Undefined Weak Reference
    __cxa_finalize                            - Undefined Weak Reference
    _clock_init                               - Undefined Weak Reference
    _microlib_exit                            - Undefined Weak Reference
    __Vectors_Size                           0x00000188   Number         0  startup_stm32f407xx.o ABSOLUTE
    __Vectors                                0x08000000   Data           4  startup_stm32f407xx.o(RESET)
    __Vectors_End                            0x08000188   Data           0  startup_stm32f407xx.o(RESET)
    __main                                   0x08000189   Thumb Code     0  entry.o(.ARM.Collect$$$$00000000)
    _main_stk                                0x08000189   Thumb Code     0  entry2.o(.ARM.Collect$$$$00000001)
    _main_scatterload                        0x0800018d   Thumb Code     0  entry5.o(.ARM.Collect$$$$00000004)
    __main_after_scatterload                 0x08000191   Thumb Code     0  entry5.o(.ARM.Collect$$$$00000004)
    _main_clock                              0x08000191   Thumb Code     0  entry7b.o(.ARM.Collect$$$$00000008)
    _main_cpp_init                           0x08000191   Thumb Code     0  entry8b.o(.ARM.Collect$$$$0000000A)
    _main_init                               0x08000191   Thumb Code     0  entry9a.o(.ARM.Collect$$$$0000000B)
    __rt_final_cpp                           0x08000199   Thumb Code     0  entry10a.o(.ARM.Collect$$$$0000000D)
    __rt_final_exit                          0x08000199   Thumb Code     0  entry11a.o(.ARM.Collect$$$$0000000F)
    Reset_Handler                            0x0800019d   Thumb Code     8  startup_stm32f407xx.o(.text)
    ADC_IRQHandler                           0x080001b7   Thumb Code     0  startup_stm32f407xx.o(.text)
    CAN1_RX0_IRQHandler                      0x080001b7   Thumb Code     0  startup_stm32f407xx.o(.text)
    CAN1_RX1_IRQHandler                      0x080001b7   Thumb Code     0  startup_stm32f407xx.o(.text)
    CAN1_SCE_IRQHandler                      0x080001b7   Thumb Code     0  startup_stm32f407xx.o(.text)
    CAN1_TX_IRQHandler                       0x080001b7   Thumb Code     0  startup_stm32f407xx.o(.text)
    CAN2_RX0_IRQHandler                      0x080001b7   Thumb Code     0  startup_stm32f407xx.o(.text)
    CAN2_RX1_IRQHandler                      0x080001b7   Thumb Code     0  startup_stm32f407xx.o(.text)
    CAN2_SCE_IRQHandler                      0x080001b7   Thumb Code     0  startup_stm32f407xx.o(.text)
    CAN2_TX_IRQHandler                       0x080001b7   Thumb Code     0  startup_stm32f407xx.o(.text)
    DCMI_IRQHandler                          0x080001b7   Thumb Code     0  startup_stm32f407xx.o(.text)
    DMA1_Stream0_IRQHandler                  0x080001b7   Thumb Code     0  startup_stm32f407xx.o(.text)
    DMA1_Stream1_IRQHandler                  0x080001b7   Thumb Code     0  startup_stm32f407xx.o(.text)
    DMA1_Stream2_IRQHandler                  0x080001b7   Thumb Code     0  startup_stm32f407xx.o(.text)
    DMA1_Stream3_IRQHandler                  0x080001b7   Thumb Code     0  startup_stm32f407xx.o(.text)
    DMA1_Stream4_IRQHandler                  0x080001b7   Thumb Code     0  startup_stm32f407xx.o(.text)
    DMA1_Stream5_IRQHandler                  0x080001b7   Thumb Code     0  startup_stm32f407xx.o(.text)
    DMA1_Stream6_IRQHandler                  0x080001b7   Thumb Code     0  startup_stm32f407xx.o(.text)
    DMA1_Stream7_IRQHandler                  0x080001b7   Thumb Code     0  startup_stm32f407xx.o(.text)
    DMA2_Stream0_IRQHandler                  0x080001b7   Thumb Code     0  startup_stm32f407xx.o(.text)
    DMA2_Stream1_IRQHandler                  0x080001b7   Thumb Code     0  startup_stm32f407xx.o(.text)
    DMA2_Stream2_IRQHandler                  0x080001b7   Thumb Code     0  startup_stm32f407xx.o(.text)
    DMA2_Stream4_IRQHandler                  0x080001b7   Thumb Code     0  startup_stm32f407xx.o(.text)
    DMA2_Stream5_IRQHandler                  0x080001b7   Thumb Code     0  startup_stm32f407xx.o(.text)
    DMA2_Stream6_IRQHandler                  0x080001b7   Thumb Code     0  startup_stm32f407xx.o(.text)
    DMA2_Stream7_IRQHandler                  0x080001b7   Thumb Code     0  startup_stm32f407xx.o(.text)
    ETH_IRQHandler                           0x080001b7   Thumb Code     0  startup_stm32f407xx.o(.text)
    ETH_WKUP_IRQHandler                      0x080001b7   Thumb Code     0  startup_stm32f407xx.o(.text)
    EXTI0_IRQHandler                         0x080001b7   Thumb Code     0  startup_stm32f407xx.o(.text)
    EXTI15_10_IRQHandler                     0x080001b7   Thumb Code     0  startup_stm32f407xx.o(.text)
    EXTI2_IRQHandler                         0x080001b7   Thumb Code     0  startup_stm32f407xx.o(.text)
    EXTI3_IRQHandler                         0x080001b7   Thumb Code     0  startup_stm32f407xx.o(.text)
    EXTI4_IRQHandler                         0x080001b7   Thumb Code     0  startup_stm32f407xx.o(.text)
    EXTI9_5_IRQHandler                       0x080001b7   Thumb Code     0  startup_stm32f407xx.o(.text)
    FLASH_IRQHandler                         0x080001b7   Thumb Code     0  startup_stm32f407xx.o(.text)
    FMC_IRQHandler                           0x080001b7   Thumb Code     0  startup_stm32f407xx.o(.text)
    FPU_IRQHandler                           0x080001b7   Thumb Code     0  startup_stm32f407xx.o(.text)
    HASH_RNG_IRQHandler                      0x080001b7   Thumb Code     0  startup_stm32f407xx.o(.text)
    I2C1_ER_IRQHandler                       0x080001b7   Thumb Code     0  startup_stm32f407xx.o(.text)
    I2C1_EV_IRQHandler                       0x080001b7   Thumb Code     0  startup_stm32f407xx.o(.text)
    I2C2_ER_IRQHandler                       0x080001b7   Thumb Code     0  startup_stm32f407xx.o(.text)
    I2C2_EV_IRQHandler                       0x080001b7   Thumb Code     0  startup_stm32f407xx.o(.text)
    I2C3_ER_IRQHandler                       0x080001b7   Thumb Code     0  startup_stm32f407xx.o(.text)
    I2C3_EV_IRQHandler                       0x080001b7   Thumb Code     0  startup_stm32f407xx.o(.text)
    OTG_FS_IRQHandler                        0x080001b7   Thumb Code     0  startup_stm32f407xx.o(.text)
    OTG_FS_WKUP_IRQHandler                   0x080001b7   Thumb Code     0  startup_stm32f407xx.o(.text)
    OTG_HS_EP1_IN_IRQHandler                 0x080001b7   Thumb Code     0  startup_stm32f407xx.o(.text)
    OTG_HS_EP1_OUT_IRQHandler                0x080001b7   Thumb Code     0  startup_stm32f407xx.o(.text)
    OTG_HS_IRQHandler                        0x080001b7   Thumb Code     0  startup_stm32f407xx.o(.text)
    OTG_HS_WKUP_IRQHandler                   0x080001b7   Thumb Code     0  startup_stm32f407xx.o(.text)
    PVD_IRQHandler                           0x080001b7   Thumb Code     0  startup_stm32f407xx.o(.text)
    RCC_IRQHandler                           0x080001b7   Thumb Code     0  startup_stm32f407xx.o(.text)
    RTC_Alarm_IRQHandler                     0x080001b7   Thumb Code     0  startup_stm32f407xx.o(.text)
    RTC_WKUP_IRQHandler                      0x080001b7   Thumb Code     0  startup_stm32f407xx.o(.text)
    SDIO_IRQHandler                          0x080001b7   Thumb Code     0  startup_stm32f407xx.o(.text)
    SPI1_IRQHandler                          0x080001b7   Thumb Code     0  startup_stm32f407xx.o(.text)
    SPI2_IRQHandler                          0x080001b7   Thumb Code     0  startup_stm32f407xx.o(.text)
    SPI3_IRQHandler                          0x080001b7   Thumb Code     0  startup_stm32f407xx.o(.text)
    TAMP_STAMP_IRQHandler                    0x080001b7   Thumb Code     0  startup_stm32f407xx.o(.text)
    TIM1_BRK_TIM9_IRQHandler                 0x080001b7   Thumb Code     0  startup_stm32f407xx.o(.text)
    TIM1_CC_IRQHandler                       0x080001b7   Thumb Code     0  startup_stm32f407xx.o(.text)
    TIM1_TRG_COM_TIM11_IRQHandler            0x080001b7   Thumb Code     0  startup_stm32f407xx.o(.text)
    TIM1_UP_TIM10_IRQHandler                 0x080001b7   Thumb Code     0  startup_stm32f407xx.o(.text)
    TIM2_IRQHandler                          0x080001b7   Thumb Code     0  startup_stm32f407xx.o(.text)
    TIM3_IRQHandler                          0x080001b7   Thumb Code     0  startup_stm32f407xx.o(.text)
    TIM4_IRQHandler                          0x080001b7   Thumb Code     0  startup_stm32f407xx.o(.text)
    TIM5_IRQHandler                          0x080001b7   Thumb Code     0  startup_stm32f407xx.o(.text)
    TIM6_DAC_IRQHandler                      0x080001b7   Thumb Code     0  startup_stm32f407xx.o(.text)
    TIM7_IRQHandler                          0x080001b7   Thumb Code     0  startup_stm32f407xx.o(.text)
    TIM8_BRK_TIM12_IRQHandler                0x080001b7   Thumb Code     0  startup_stm32f407xx.o(.text)
    TIM8_CC_IRQHandler                       0x080001b7   Thumb Code     0  startup_stm32f407xx.o(.text)
    TIM8_TRG_COM_TIM14_IRQHandler            0x080001b7   Thumb Code     0  startup_stm32f407xx.o(.text)
    TIM8_UP_TIM13_IRQHandler                 0x080001b7   Thumb Code     0  startup_stm32f407xx.o(.text)
    UART4_IRQHandler                         0x080001b7   Thumb Code     0  startup_stm32f407xx.o(.text)
    UART5_IRQHandler                         0x080001b7   Thumb Code     0  startup_stm32f407xx.o(.text)
    USART1_IRQHandler                        0x080001b7   Thumb Code     0  startup_stm32f407xx.o(.text)
    USART2_IRQHandler                        0x080001b7   Thumb Code     0  startup_stm32f407xx.o(.text)
    USART3_IRQHandler                        0x080001b7   Thumb Code     0  startup_stm32f407xx.o(.text)
    USART6_IRQHandler                        0x080001b7   Thumb Code     0  startup_stm32f407xx.o(.text)
    WWDG_IRQHandler                          0x080001b7   Thumb Code     0  startup_stm32f407xx.o(.text)
    __aeabi_uldivmod                         0x080001c1   Thumb Code    98  uldiv.o(.text)
    __aeabi_memset                           0x08000223   Thumb Code    14  memseta.o(.text)
    __aeabi_memset4                          0x08000223   Thumb Code     0  memseta.o(.text)
    __aeabi_memset8                          0x08000223   Thumb Code     0  memseta.o(.text)
    __aeabi_memclr                           0x08000231   Thumb Code     4  memseta.o(.text)
    __aeabi_memclr4                          0x08000231   Thumb Code     0  memseta.o(.text)
    __aeabi_memclr8                          0x08000231   Thumb Code     0  memseta.o(.text)
    _memset$wrapper                          0x08000235   Thumb Code    18  memseta.o(.text)
    strlen                                   0x08000247   Thumb Code    14  strlen.o(.text)
    strncmp                                  0x08000255   Thumb Code    30  strncmp.o(.text)
    __aeabi_llsl                             0x08000273   Thumb Code    30  llshl.o(.text)
    _ll_shift_l                              0x08000273   Thumb Code     0  llshl.o(.text)
    __aeabi_llsr                             0x08000291   Thumb Code    32  llushr.o(.text)
    _ll_ushift_r                             0x08000291   Thumb Code     0  llushr.o(.text)
    __scatterload                            0x080002b1   Thumb Code    28  init.o(.text)
    __scatterload_rt2                        0x080002b1   Thumb Code     0  init.o(.text)
    __decompress                             0x080002d5   Thumb Code     0  __dczerorl2.o(.text)
    __decompress1                            0x080002d5   Thumb Code    86  __dczerorl2.o(.text)
    BusFault_Handler                         0x0800032b   Thumb Code     2  stm32f4xx_it.o(i.BusFault_Handler)
    DMA2_Stream3_IRQHandler                  0x0800032d   Thumb Code     6  stm32f4xx_it.o(i.DMA2_Stream3_IRQHandler)
    DebugMon_Handler                         0x080003dd   Thumb Code     2  stm32f4xx_it.o(i.DebugMon_Handler)
    EXTI1_IRQHandler                         0x080003df   Thumb Code     4  stm32f4xx_it.o(i.EXTI1_IRQHandler)
    Error_Handler                            0x080003e3   Thumb Code     4  main.o(i.Error_Handler)
    FT6336_Config                            0x080003e7   Thumb Code    32  drv_ft6336.o(i.FT6336_Config)
    FT6336_Get_Touch_Count                   0x08000407   Thumb Code    32  drv_ft6336.o(i.FT6336_Get_Touch_Count)
    FT6336_Get_Touch_Point                   0x08000427   Thumb Code   120  drv_ft6336.o(i.FT6336_Get_Touch_Point)
    FT6336_IRQHandler                        0x080004a1   Thumb Code    16  drv_ft6336.o(i.FT6336_IRQHandler)
    FT6336_Init                              0x080004b9   Thumb Code   112  drv_ft6336.o(i.FT6336_Init)
    FT6336_LONGPRESS_DETECTION               0x0800052d   Thumb Code    60  drv_ft6336.o(i.FT6336_LONGPRESS_DETECTION)
    FT6336_Process                           0x08000569   Thumb Code   254  drv_ft6336.o(i.FT6336_Process)
    FT6336_ReadID                            0x08000671   Thumb Code    78  drv_ft6336.o(i.FT6336_ReadID)
    FT6336_Reset                             0x080006e1   Thumb Code    40  drv_ft6336.o(i.FT6336_Reset)
    FT6336_circulation                       0x0800072d   Thumb Code    16  drv_ft6336.o(i.FT6336_circulation)
    HAL_DMA_IRQHandler                       0x08000741   Thumb Code   412  stm32f4xx_hal_dma.o(i.HAL_DMA_IRQHandler)
    HAL_DMA_Init                             0x080008e1   Thumb Code   206  stm32f4xx_hal_dma.o(i.HAL_DMA_Init)
    HAL_DMA_Start_IT                         0x080009b5   Thumb Code   110  stm32f4xx_hal_dma.o(i.HAL_DMA_Start_IT)
    HAL_Delay                                0x08000a25   Thumb Code    32  stm32f4xx_hal.o(i.HAL_Delay)
    HAL_GPIO_Init                            0x08000a49   Thumb Code   450  stm32f4xx_hal_gpio.o(i.HAL_GPIO_Init)
    HAL_GPIO_WritePin                        0x08000c39   Thumb Code    10  stm32f4xx_hal_gpio.o(i.HAL_GPIO_WritePin)
    HAL_GetTick                              0x08000c45   Thumb Code     6  stm32f4xx_hal.o(i.HAL_GetTick)
    HAL_I2C_Init                             0x08000c51   Thumb Code   376  stm32f4xx_hal_i2c.o(i.HAL_I2C_Init)
    HAL_I2C_Mem_Read                         0x08000dd9   Thumb Code   502  stm32f4xx_hal_i2c.o(i.HAL_I2C_Mem_Read)
    HAL_I2C_Mem_Write                        0x08000fdd   Thumb Code   294  stm32f4xx_hal_i2c.o(i.HAL_I2C_Mem_Write)
    HAL_I2C_MspInit                          0x0800110d   Thumb Code    92  i2c.o(i.HAL_I2C_MspInit)
    HAL_IncTick                              0x08001175   Thumb Code    12  stm32f4xx_hal.o(i.HAL_IncTick)
    HAL_Init                                 0x08001185   Thumb Code    48  stm32f4xx_hal.o(i.HAL_Init)
    HAL_InitTick                             0x080011b9   Thumb Code    54  stm32f4xx_hal.o(i.HAL_InitTick)
    HAL_MspInit                              0x080011f9   Thumb Code    42  stm32f4xx_hal_msp.o(i.HAL_MspInit)
    HAL_NVIC_EnableIRQ                       0x08001229   Thumb Code    26  stm32f4xx_hal_cortex.o(i.HAL_NVIC_EnableIRQ)
    HAL_NVIC_SetPriority                     0x08001245   Thumb Code    60  stm32f4xx_hal_cortex.o(i.HAL_NVIC_SetPriority)
    HAL_NVIC_SetPriorityGrouping             0x08001285   Thumb Code    26  stm32f4xx_hal_cortex.o(i.HAL_NVIC_SetPriorityGrouping)
    HAL_RCC_ClockConfig                      0x080012a9   Thumb Code   288  stm32f4xx_hal_rcc.o(i.HAL_RCC_ClockConfig)
    HAL_RCC_GetPCLK1Freq                     0x080013dd   Thumb Code    20  stm32f4xx_hal_rcc.o(i.HAL_RCC_GetPCLK1Freq)
    HAL_RCC_GetPCLK2Freq                     0x080013fd   Thumb Code    20  stm32f4xx_hal_rcc.o(i.HAL_RCC_GetPCLK2Freq)
    HAL_RCC_GetSysClockFreq                  0x0800141d   Thumb Code    88  stm32f4xx_hal_rcc.o(i.HAL_RCC_GetSysClockFreq)
    HAL_RCC_OscConfig                        0x08001481   Thumb Code   856  stm32f4xx_hal_rcc.o(i.HAL_RCC_OscConfig)
    HAL_SPI_ErrorCallback                    0x080017ed   Thumb Code    14  stm32f4xx_it.o(i.HAL_SPI_ErrorCallback)
    HAL_SPI_Init                             0x08001801   Thumb Code   188  stm32f4xx_hal_spi.o(i.HAL_SPI_Init)
    HAL_SPI_MspInit                          0x080018bd   Thumb Code   150  spi.o(i.HAL_SPI_MspInit)
    HAL_SPI_Transmit                         0x08001969   Thumb Code   358  stm32f4xx_hal_spi.o(i.HAL_SPI_Transmit)
    HAL_SPI_Transmit_DMA                     0x08001ad1   Thumb Code   190  stm32f4xx_hal_spi.o(i.HAL_SPI_Transmit_DMA)
    HAL_SPI_TxCpltCallback                   0x08001b9d   Thumb Code     2  stm32f4xx_it.o(i.HAL_SPI_TxCpltCallback)
    HAL_SPI_TxHalfCpltCallback               0x08001b9f   Thumb Code     2  stm32f4xx_hal_spi.o(i.HAL_SPI_TxHalfCpltCallback)
    HAL_SYSTICK_Config                       0x08001ba1   Thumb Code    40  stm32f4xx_hal_cortex.o(i.HAL_SYSTICK_Config)
    HAL_UART_Init                            0x08001bc9   Thumb Code   100  stm32f4xx_hal_uart.o(i.HAL_UART_Init)
    HAL_UART_MspInit                         0x08001c2d   Thumb Code    94  usart.o(i.HAL_UART_MspInit)
    HAL_UART_Transmit                        0x08001c99   Thumb Code   160  stm32f4xx_hal_uart.o(i.HAL_UART_Transmit)
    HardFault_Handler                        0x08001d39   Thumb Code     2  stm32f4xx_it.o(i.HardFault_Handler)
    MX_DMA_Init                              0x08002179   Thumb Code   114  dma.o(i.MX_DMA_Init)
    MX_GPIO_Init                             0x080021fd   Thumb Code   180  gpio.o(i.MX_GPIO_Init)
    MX_I2C1_Init                             0x080022bd   Thumb Code    50  i2c.o(i.MX_I2C1_Init)
    MX_SPI1_Init                             0x080022fd   Thumb Code    90  spi.o(i.MX_SPI1_Init)
    MX_USART1_UART_Init                      0x08002361   Thumb Code    48  usart.o(i.MX_USART1_UART_Init)
    MemManage_Handler                        0x08002399   Thumb Code     2  stm32f4xx_it.o(i.MemManage_Handler)
    MyTouchCallback                          0x0800239d   Thumb Code   256  drv_ft6336.o(i.MyTouchCallback)
    NMI_Handler                              0x08002559   Thumb Code     2  stm32f4xx_it.o(i.NMI_Handler)
    PendSV_Handler                           0x0800255b   Thumb Code     2  stm32f4xx_it.o(i.PendSV_Handler)
    ST7789_DrawImage_Uint8                   0x08002715   Thumb Code   286  st7789.o(i.ST7789_DrawImage_Uint8)
    ST7789_Fill                              0x08002839   Thumb Code   118  st7789.o(i.ST7789_Fill)
    ST7789_Fill_Color                        0x080028b5   Thumb Code   122  st7789.o(i.ST7789_Fill_Color)
    ST7789_Init                              0x08002935   Thumb Code   272  st7789.o(i.ST7789_Init)
    ST7789_SetRotation                       0x08002aed   Thumb Code    48  st7789.o(i.ST7789_SetRotation)
    ST7789_WriteChar                         0x08002b1d   Thumb Code   172  st7789.o(i.ST7789_WriteChar)
    ST7789_WriteChineseStrCenter             0x08002bcd   Thumb Code   198  st7789.o(i.ST7789_WriteChineseStrCenter)
    ST7789_WriteChineseStrCenter_nointerval  0x08002c99   Thumb Code   192  st7789.o(i.ST7789_WriteChineseStrCenter_nointerval)
    ST7789_WriteNumber                       0x08002e3d   Thumb Code   186  st7789.o(i.ST7789_WriteNumber)
    ST7789_WriteNumber_Center                0x08002f01   Thumb Code   192  st7789.o(i.ST7789_WriteNumber_Center)
    ST7789_WriteNumber_Center_Area           0x08002fc5   Thumb Code    36  st7789.o(i.ST7789_WriteNumber_Center_Area)
    ST7789_WriteSingleChineseCenter          0x08002fe9   Thumb Code   358  st7789.o(i.ST7789_WriteSingleChineseCenter)
    SVC_Handler                              0x0800319d   Thumb Code     2  stm32f4xx_it.o(i.SVC_Handler)
    SysTick_Handler                          0x0800319f   Thumb Code     4  stm32f4xx_it.o(i.SysTick_Handler)
    SystemClock_Config                       0x080031a5   Thumb Code   140  main.o(i.SystemClock_Config)
    SystemInit                               0x08003239   Thumb Code    12  system_stm32f4xx.o(i.SystemInit)
    UsageFault_Handler                       0x08003417   Thumb Code     2  stm32f4xx_it.o(i.UsageFault_Handler)
    __0printf$8                              0x08003419   Thumb Code    22  printf8.o(i.__0printf$8)
    __1printf$8                              0x08003419   Thumb Code     0  printf8.o(i.__0printf$8)
    __2printf                                0x08003419   Thumb Code     0  printf8.o(i.__0printf$8)
    __0snprintf$8                            0x08003439   Thumb Code    44  printf8.o(i.__0snprintf$8)
    __1snprintf$8                            0x08003439   Thumb Code     0  printf8.o(i.__0snprintf$8)
    __2snprintf                              0x08003439   Thumb Code     0  printf8.o(i.__0snprintf$8)
    __scatterload_copy                       0x08003489   Thumb Code    14  handlers.o(i.__scatterload_copy)
    __scatterload_null                       0x08003497   Thumb Code     2  handlers.o(i.__scatterload_null)
    __scatterload_zeroinit                   0x08003499   Thumb Code    14  handlers.o(i.__scatterload_zeroinit)
    app_conifg_home                          0x08003921   Thumb Code   370  brain_app.o(i.app_conifg_home)
    app_conifg_page                          0x08003ab5   Thumb Code  2492  brain_app.o(i.app_conifg_page)
    brain_app_circulation                    0x08004481   Thumb Code    44  brain_app.o(i.brain_app_circulation)
    brain_app_init                           0x080044b5   Thumb Code    60  brain_app.o(i.brain_app_init)
    brain_driver_circulation                 0x080044f1   Thumb Code     4  brain_app.o(i.brain_driver_circulation)
    brain_driver_init                        0x080044f5   Thumb Code    14  brain_app.o(i.brain_driver_init)
    display_config_page                      0x08004505   Thumb Code   664  brain_app.o(i.display_config_page)
    display_home_screen                      0x08004819   Thumb Code   518  brain_app.o(i.display_home_screen)
    drv_FT6336_init                          0x08004a99   Thumb Code    32  drv_ft6336.o(i.drv_FT6336_init)
    drv_dac_circulation                      0x08004ac1   Thumb Code   232  brain_app.o(i.drv_dac_circulation)
    drv_dac_stop                             0x08004bb9   Thumb Code   214  brain_app.o(i.drv_dac_stop)
    fputc                                    0x08004ca5   Thumb Code    20  main.o(i.fputc)
    free                                     0x08004cbd   Thumb Code    76  malloc.o(i.free)
    main                                     0x08004d31   Thumb Code    50  main.o(i.main)
    malloc                                   0x08004d69   Thumb Code    92  malloc.o(i.malloc)
    refresh_display_remaining_time           0x08004dd5   Thumb Code    74  brain_app.o(i.refresh_display_remaining_time)
    start_timing                             0x08004e29   Thumb Code    36  brain_app.o(i.start_timing)
    update_remaining_time                    0x08004e51   Thumb Code   114  brain_app.o(i.update_remaining_time)
    gImage_config                            0x08006b94   Data       153608  fonts.o(.constdata)
    AHBPrescTable                            0x0802c3a4   Data          16  system_stm32f4xx.o(.constdata)
    APBPrescTable                            0x0802c3b4   Data           8  system_stm32f4xx.o(.constdata)
    Region$$Table$$Base                      0x0802c454   Number         0  anon$$obj.o(Region$$Table)
    Region$$Table$$Limit                     0x0802c474   Number         0  anon$$obj.o(Region$$Table)
    __stdout                                 0x20000000   Data           4  main.o(.data)
    DMA_MIN_SIZE                             0x20000004   Data           2  st7789.o(.data)
    Font_11x18                               0x20000008   Data           8  fonts.o(.data)
    Font_Chinese_Single_16x26                0x20000010   Data           8  fonts.o(.data)
    chinese_single_list                      0x20000018   Data         152  fonts.o(.data)
    hft6336                                  0x200000bc   Data          24  drv_ft6336.o(.data)
    end_restart_flag                         0x200000d4   Data           1  brain_app.o(.data)
    runmode                                  0x200000d5   Data           1  brain_app.o(.data)
    time_is_update                           0x200000d6   Data           1  brain_app.o(.data)
    selct_area_number                        0x200000d8   Data           2  brain_app.o(.data)
    p_acupoint_list                          0x200000e4   Data           4  brain_app.o(.data)
    selct_area                               0x200000e8   Data           4  brain_app.o(.data)
    start_time_ms                            0x200000ec   Data           4  brain_app.o(.data)
    total_time_ms                            0x200000f0   Data           4  brain_app.o(.data)
    uwTickFreq                               0x20000340   Data           1  stm32f4xx_hal.o(.data)
    uwTickPrio                               0x20000344   Data           4  stm32f4xx_hal.o(.data)
    uwTick                                   0x20000348   Data           4  stm32f4xx_hal.o(.data)
    SystemCoreClock                          0x2000034c   Data           4  system_stm32f4xx.o(.data)
    __microlib_freelist                      0x20000350   Data           4  mvars.o(.data)
    __microlib_freelist_initialised          0x20000354   Data           4  mvars.o(.data)
    hi2c1                                    0x20000358   Data          84  i2c.o(.bss)
    hspi1                                    0x200003ac   Data          88  spi.o(.bss)
    hdma_spi1_tx                             0x20000404   Data          96  spi.o(.bss)
    huart1                                   0x20000464   Data          72  usart.o(.bss)
    touch_state                              0x200004b8   Data          24  drv_ft6336.o(.bss)
    touch_event                              0x200004d0   Data          12  drv_ft6336.o(.bss)
    acupoint_list                            0x200004dc   Data          84  brain_app.o(.bss)
    __heap_base                              0x20000530   Data           0  startup_stm32f407xx.o(HEAP)
    __heap_limit                             0x20005530   Data           0  startup_stm32f407xx.o(HEAP)
    __initial_sp                             0x20005930   Data           0  startup_stm32f407xx.o(STACK)



==============================================================================

Memory Map of the image

  Image Entry point : 0x08000189

  Load Region LR_IROM1 (Base: 0x08000000, Size: 0x0002c7cc, Max: 0x00100000, ABSOLUTE, COMPRESSED[0x0002c5fc])

    Execution Region ER_IROM1 (Exec base: 0x08000000, Load base: 0x08000000, Size: 0x0002c474, Max: 0x00100000, ABSOLUTE)

    Exec Addr    Load Addr    Size         Type   Attr      Idx    E Section Name        Object

    0x08000000   0x08000000   0x00000188   Data   RO            3    RESET               startup_stm32f407xx.o
    0x08000188   0x08000188   0x00000000   Code   RO         3305  * .ARM.Collect$$$$00000000  mc_w.l(entry.o)
    0x08000188   0x08000188   0x00000004   Code   RO         3605    .ARM.Collect$$$$00000001  mc_w.l(entry2.o)
    0x0800018c   0x0800018c   0x00000004   Code   RO         3608    .ARM.Collect$$$$00000004  mc_w.l(entry5.o)
    0x08000190   0x08000190   0x00000000   Code   RO         3610    .ARM.Collect$$$$00000008  mc_w.l(entry7b.o)
    0x08000190   0x08000190   0x00000000   Code   RO         3612    .ARM.Collect$$$$0000000A  mc_w.l(entry8b.o)
    0x08000190   0x08000190   0x00000008   Code   RO         3613    .ARM.Collect$$$$0000000B  mc_w.l(entry9a.o)
    0x08000198   0x08000198   0x00000000   Code   RO         3615    .ARM.Collect$$$$0000000D  mc_w.l(entry10a.o)
    0x08000198   0x08000198   0x00000000   Code   RO         3617    .ARM.Collect$$$$0000000F  mc_w.l(entry11a.o)
    0x08000198   0x08000198   0x00000004   Code   RO         3606    .ARM.Collect$$$$00002712  mc_w.l(entry2.o)
    0x0800019c   0x0800019c   0x00000024   Code   RO            4    .text               startup_stm32f407xx.o
    0x080001c0   0x080001c0   0x00000062   Code   RO         3308    .text               mc_w.l(uldiv.o)
    0x08000222   0x08000222   0x00000024   Code   RO         3310    .text               mc_w.l(memseta.o)
    0x08000246   0x08000246   0x0000000e   Code   RO         3312    .text               mc_w.l(strlen.o)
    0x08000254   0x08000254   0x0000001e   Code   RO         3314    .text               mc_w.l(strncmp.o)
    0x08000272   0x08000272   0x0000001e   Code   RO         3621    .text               mc_w.l(llshl.o)
    0x08000290   0x08000290   0x00000020   Code   RO         3623    .text               mc_w.l(llushr.o)
    0x080002b0   0x080002b0   0x00000024   Code   RO         3642    .text               mc_w.l(init.o)
    0x080002d4   0x080002d4   0x00000056   Code   RO         3656    .text               mc_w.l(__dczerorl2.o)
    0x0800032a   0x0800032a   0x00000002   Code   RO          351    i.BusFault_Handler  stm32f4xx_it.o
    0x0800032c   0x0800032c   0x0000000c   Code   RO          352    i.DMA2_Stream3_IRQHandler  stm32f4xx_it.o
    0x08000338   0x08000338   0x00000028   Code   RO         1894    i.DMA_CalcBaseAndBitshift  stm32f4xx_hal_dma.o
    0x08000360   0x08000360   0x00000054   Code   RO         1895    i.DMA_CheckFifoParam  stm32f4xx_hal_dma.o
    0x080003b4   0x080003b4   0x00000028   Code   RO         1896    i.DMA_SetConfig     stm32f4xx_hal_dma.o
    0x080003dc   0x080003dc   0x00000002   Code   RO          353    i.DebugMon_Handler  stm32f4xx_it.o
    0x080003de   0x080003de   0x00000004   Code   RO          354    i.EXTI1_IRQHandler  stm32f4xx_it.o
    0x080003e2   0x080003e2   0x00000004   Code   RO           13    i.Error_Handler     main.o
    0x080003e6   0x080003e6   0x00000020   Code   RO          750    i.FT6336_Config     drv_ft6336.o
    0x08000406   0x08000406   0x00000020   Code   RO          751    i.FT6336_Get_Touch_Count  drv_ft6336.o
    0x08000426   0x08000426   0x00000078   Code   RO          752    i.FT6336_Get_Touch_Point  drv_ft6336.o
    0x0800049e   0x0800049e   0x00000002   PAD
    0x080004a0   0x080004a0   0x00000018   Code   RO          753    i.FT6336_IRQHandler  drv_ft6336.o
    0x080004b8   0x080004b8   0x00000074   Code   RO          754    i.FT6336_Init       drv_ft6336.o
    0x0800052c   0x0800052c   0x0000003c   Code   RO          756    i.FT6336_LONGPRESS_DETECTION  drv_ft6336.o
    0x08000568   0x08000568   0x00000108   Code   RO          757    i.FT6336_Process    drv_ft6336.o
    0x08000670   0x08000670   0x0000004e   Code   RO          758    i.FT6336_ReadID     drv_ft6336.o
    0x080006be   0x080006be   0x00000022   Code   RO          759    i.FT6336_ReadReg    drv_ft6336.o
    0x080006e0   0x080006e0   0x00000028   Code   RO          761    i.FT6336_Reset      drv_ft6336.o
    0x08000708   0x08000708   0x00000024   Code   RO          762    i.FT6336_WriteReg   drv_ft6336.o
    0x0800072c   0x0800072c   0x00000014   Code   RO          763    i.FT6336_circulation  drv_ft6336.o
    0x08000740   0x08000740   0x000001a0   Code   RO         1902    i.HAL_DMA_IRQHandler  stm32f4xx_hal_dma.o
    0x080008e0   0x080008e0   0x000000d4   Code   RO         1903    i.HAL_DMA_Init      stm32f4xx_hal_dma.o
    0x080009b4   0x080009b4   0x0000006e   Code   RO         1907    i.HAL_DMA_Start_IT  stm32f4xx_hal_dma.o
    0x08000a22   0x08000a22   0x00000002   PAD
    0x08000a24   0x08000a24   0x00000024   Code   RO         2334    i.HAL_Delay         stm32f4xx_hal.o
    0x08000a48   0x08000a48   0x000001f0   Code   RO         1790    i.HAL_GPIO_Init     stm32f4xx_hal_gpio.o
    0x08000c38   0x08000c38   0x0000000a   Code   RO         1794    i.HAL_GPIO_WritePin  stm32f4xx_hal_gpio.o
    0x08000c42   0x08000c42   0x00000002   PAD
    0x08000c44   0x08000c44   0x0000000c   Code   RO         2340    i.HAL_GetTick       stm32f4xx_hal.o
    0x08000c50   0x08000c50   0x00000188   Code   RO          991    i.HAL_I2C_Init      stm32f4xx_hal_i2c.o
    0x08000dd8   0x08000dd8   0x00000204   Code   RO         1009    i.HAL_I2C_Mem_Read  stm32f4xx_hal_i2c.o
    0x08000fdc   0x08000fdc   0x00000130   Code   RO         1012    i.HAL_I2C_Mem_Write  stm32f4xx_hal_i2c.o
    0x0800110c   0x0800110c   0x00000068   Code   RO          268    i.HAL_I2C_MspInit   i2c.o
    0x08001174   0x08001174   0x00000010   Code   RO         2346    i.HAL_IncTick       stm32f4xx_hal.o
    0x08001184   0x08001184   0x00000034   Code   RO         2347    i.HAL_Init          stm32f4xx_hal.o
    0x080011b8   0x080011b8   0x00000040   Code   RO         2348    i.HAL_InitTick      stm32f4xx_hal.o
    0x080011f8   0x080011f8   0x00000030   Code   RO          450    i.HAL_MspInit       stm32f4xx_hal_msp.o
    0x08001228   0x08001228   0x0000001a   Code   RO         2182    i.HAL_NVIC_EnableIRQ  stm32f4xx_hal_cortex.o
    0x08001242   0x08001242   0x00000002   PAD
    0x08001244   0x08001244   0x00000040   Code   RO         2188    i.HAL_NVIC_SetPriority  stm32f4xx_hal_cortex.o
    0x08001284   0x08001284   0x00000024   Code   RO         2189    i.HAL_NVIC_SetPriorityGrouping  stm32f4xx_hal_cortex.o
    0x080012a8   0x080012a8   0x00000134   Code   RO         1436    i.HAL_RCC_ClockConfig  stm32f4xx_hal_rcc.o
    0x080013dc   0x080013dc   0x00000020   Code   RO         1443    i.HAL_RCC_GetPCLK1Freq  stm32f4xx_hal_rcc.o
    0x080013fc   0x080013fc   0x00000020   Code   RO         1444    i.HAL_RCC_GetPCLK2Freq  stm32f4xx_hal_rcc.o
    0x0800141c   0x0800141c   0x00000064   Code   RO         1445    i.HAL_RCC_GetSysClockFreq  stm32f4xx_hal_rcc.o
    0x08001480   0x08001480   0x0000036c   Code   RO         1448    i.HAL_RCC_OscConfig  stm32f4xx_hal_rcc.o
    0x080017ec   0x080017ec   0x00000014   Code   RO          355    i.HAL_SPI_ErrorCallback  stm32f4xx_it.o
    0x08001800   0x08001800   0x000000bc   Code   RO         2596    i.HAL_SPI_Init      stm32f4xx_hal_spi.o
    0x080018bc   0x080018bc   0x000000ac   Code   RO          310    i.HAL_SPI_MspInit   spi.o
    0x08001968   0x08001968   0x00000166   Code   RO         2604    i.HAL_SPI_Transmit  stm32f4xx_hal_spi.o
    0x08001ace   0x08001ace   0x00000002   PAD
    0x08001ad0   0x08001ad0   0x000000cc   Code   RO         2608    i.HAL_SPI_Transmit_DMA  stm32f4xx_hal_spi.o
    0x08001b9c   0x08001b9c   0x00000002   Code   RO          356    i.HAL_SPI_TxCpltCallback  stm32f4xx_it.o
    0x08001b9e   0x08001b9e   0x00000002   Code   RO         2611    i.HAL_SPI_TxHalfCpltCallback  stm32f4xx_hal_spi.o
    0x08001ba0   0x08001ba0   0x00000028   Code   RO         2193    i.HAL_SYSTICK_Config  stm32f4xx_hal_cortex.o
    0x08001bc8   0x08001bc8   0x00000064   Code   RO         2937    i.HAL_UART_Init     stm32f4xx_hal_uart.o
    0x08001c2c   0x08001c2c   0x0000006c   Code   RO          709    i.HAL_UART_MspInit  usart.o
    0x08001c98   0x08001c98   0x000000a0   Code   RO         2945    i.HAL_UART_Transmit  stm32f4xx_hal_uart.o
    0x08001d38   0x08001d38   0x00000002   Code   RO          357    i.HardFault_Handler  stm32f4xx_it.o
    0x08001d3a   0x08001d3a   0x0000002e   Code   RO         1034    i.I2C_IsAcknowledgeFailed  stm32f4xx_hal_i2c.o
    0x08001d68   0x08001d68   0x000000fc   Code   RO         1044    i.I2C_RequestMemoryRead  stm32f4xx_hal_i2c.o
    0x08001e64   0x08001e64   0x000000a8   Code   RO         1045    i.I2C_RequestMemoryWrite  stm32f4xx_hal_i2c.o
    0x08001f0c   0x08001f0c   0x00000056   Code   RO         1049    i.I2C_WaitOnBTFFlagUntilTimeout  stm32f4xx_hal_i2c.o
    0x08001f62   0x08001f62   0x00000002   PAD
    0x08001f64   0x08001f64   0x00000090   Code   RO         1050    i.I2C_WaitOnFlagUntilTimeout  stm32f4xx_hal_i2c.o
    0x08001ff4   0x08001ff4   0x000000bc   Code   RO         1051    i.I2C_WaitOnMasterAddressFlagUntilTimeout  stm32f4xx_hal_i2c.o
    0x080020b0   0x080020b0   0x00000070   Code   RO         1052    i.I2C_WaitOnRXNEFlagUntilTimeout  stm32f4xx_hal_i2c.o
    0x08002120   0x08002120   0x00000056   Code   RO         1053    i.I2C_WaitOnTXEFlagUntilTimeout  stm32f4xx_hal_i2c.o
    0x08002176   0x08002176   0x00000002   PAD
    0x08002178   0x08002178   0x00000084   Code   RO          243    i.MX_DMA_Init       dma.o
    0x080021fc   0x080021fc   0x000000c0   Code   RO          219    i.MX_GPIO_Init      gpio.o
    0x080022bc   0x080022bc   0x00000040   Code   RO          269    i.MX_I2C1_Init      i2c.o
    0x080022fc   0x080022fc   0x00000064   Code   RO          311    i.MX_SPI1_Init      spi.o
    0x08002360   0x08002360   0x00000038   Code   RO          710    i.MX_USART1_UART_Init  usart.o
    0x08002398   0x08002398   0x00000002   Code   RO          358    i.MemManage_Handler  stm32f4xx_it.o
    0x0800239a   0x0800239a   0x00000002   PAD
    0x0800239c   0x0800239c   0x000001bc   Code   RO          764    i.MyTouchCallback   drv_ft6336.o
    0x08002558   0x08002558   0x00000002   Code   RO          359    i.NMI_Handler       stm32f4xx_it.o
    0x0800255a   0x0800255a   0x00000002   Code   RO          360    i.PendSV_Handler    stm32f4xx_it.o
    0x0800255c   0x0800255c   0x00000022   Code   RO         2624    i.SPI_DMAError      stm32f4xx_hal_spi.o
    0x0800257e   0x0800257e   0x0000000a   Code   RO         2626    i.SPI_DMAHalfTransmitCplt  stm32f4xx_hal_spi.o
    0x08002588   0x08002588   0x00000064   Code   RO         2630    i.SPI_DMATransmitCplt  stm32f4xx_hal_spi.o
    0x080025ec   0x080025ec   0x0000006c   Code   RO         2634    i.SPI_EndRxTxTransaction  stm32f4xx_hal_spi.o
    0x08002658   0x08002658   0x000000bc   Code   RO         2639    i.SPI_WaitFlagStateUntilTimeout  stm32f4xx_hal_spi.o
    0x08002714   0x08002714   0x00000124   Code   RO          479    i.ST7789_DrawImage_Uint8  st7789.o
    0x08002838   0x08002838   0x0000007c   Code   RO          485    i.ST7789_Fill       st7789.o
    0x080028b4   0x080028b4   0x00000080   Code   RO          486    i.ST7789_Fill_Color  st7789.o
    0x08002934   0x08002934   0x0000013c   Code   RO          487    i.ST7789_Init       st7789.o
    0x08002a70   0x08002a70   0x0000007c   Code   RO          489    i.ST7789_SetAddressWindow  st7789.o
    0x08002aec   0x08002aec   0x00000030   Code   RO          490    i.ST7789_SetRotation  st7789.o
    0x08002b1c   0x08002b1c   0x000000b0   Code   RO          493    i.ST7789_WriteChar  st7789.o
    0x08002bcc   0x08002bcc   0x000000cc   Code   RO          494    i.ST7789_WriteChineseStrCenter  st7789.o
    0x08002c98   0x08002c98   0x000000d4   Code   RO          495    i.ST7789_WriteChineseStrCenter_nointerval  st7789.o
    0x08002d6c   0x08002d6c   0x00000040   Code   RO          496    i.ST7789_WriteCommand  st7789.o
    0x08002dac   0x08002dac   0x00000090   Code   RO          497    i.ST7789_WriteData  st7789.o
    0x08002e3c   0x08002e3c   0x000000c4   Code   RO          498    i.ST7789_WriteNumber  st7789.o
    0x08002f00   0x08002f00   0x000000c4   Code   RO          499    i.ST7789_WriteNumber_Center  st7789.o
    0x08002fc4   0x08002fc4   0x00000024   Code   RO          500    i.ST7789_WriteNumber_Center_Area  st7789.o
    0x08002fe8   0x08002fe8   0x00000174   Code   RO          502    i.ST7789_WriteSingleChineseCenter  st7789.o
    0x0800315c   0x0800315c   0x00000040   Code   RO          503    i.ST7789_WriteSmallData  st7789.o
    0x0800319c   0x0800319c   0x00000002   Code   RO          361    i.SVC_Handler       stm32f4xx_it.o
    0x0800319e   0x0800319e   0x00000004   Code   RO          362    i.SysTick_Handler   stm32f4xx_it.o
    0x080031a2   0x080031a2   0x00000002   PAD
    0x080031a4   0x080031a4   0x00000094   Code   RO           15    i.SystemClock_Config  main.o
    0x08003238   0x08003238   0x00000010   Code   RO         3271    i.SystemInit        system_stm32f4xx.o
    0x08003248   0x08003248   0x0000004e   Code   RO         2960    i.UART_EndRxTransfer  stm32f4xx_hal_uart.o
    0x08003296   0x08003296   0x00000002   PAD
    0x08003298   0x08003298   0x0000010c   Code   RO         2963    i.UART_SetConfig    stm32f4xx_hal_uart.o
    0x080033a4   0x080033a4   0x00000072   Code   RO         2966    i.UART_WaitOnFlagUntilTimeout  stm32f4xx_hal_uart.o
    0x08003416   0x08003416   0x00000002   Code   RO          363    i.UsageFault_Handler  stm32f4xx_it.o
    0x08003418   0x08003418   0x00000020   Code   RO         3523    i.__0printf$8       mc_w.l(printf8.o)
    0x08003438   0x08003438   0x00000030   Code   RO         3524    i.__0snprintf$8     mc_w.l(printf8.o)
    0x08003468   0x08003468   0x00000020   Code   RO         2195    i.__NVIC_SetPriority  stm32f4xx_hal_cortex.o
    0x08003488   0x08003488   0x0000000e   Code   RO         3650    i.__scatterload_copy  mc_w.l(handlers.o)
    0x08003496   0x08003496   0x00000002   Code   RO         3651    i.__scatterload_null  mc_w.l(handlers.o)
    0x08003498   0x08003498   0x0000000e   Code   RO         3652    i.__scatterload_zeroinit  mc_w.l(handlers.o)
    0x080034a6   0x080034a6   0x00000002   PAD
    0x080034a8   0x080034a8   0x00000410   Code   RO         3530    i._printf_core      mc_w.l(printf8.o)
    0x080038b8   0x080038b8   0x00000024   Code   RO         3531    i._printf_post_padding  mc_w.l(printf8.o)
    0x080038dc   0x080038dc   0x0000002e   Code   RO         3532    i._printf_pre_padding  mc_w.l(printf8.o)
    0x0800390a   0x0800390a   0x00000016   Code   RO         3533    i._snputc           mc_w.l(printf8.o)
    0x08003920   0x08003920   0x00000194   Code   RO          867    i.app_conifg_home   brain_app.o
    0x08003ab4   0x08003ab4   0x000009cc   Code   RO          868    i.app_conifg_page   brain_app.o
    0x08004480   0x08004480   0x00000034   Code   RO          869    i.brain_app_circulation  brain_app.o
    0x080044b4   0x080044b4   0x0000003c   Code   RO          870    i.brain_app_init    brain_app.o
    0x080044f0   0x080044f0   0x00000004   Code   RO          871    i.brain_driver_circulation  brain_app.o
    0x080044f4   0x080044f4   0x0000000e   Code   RO          872    i.brain_driver_init  brain_app.o
    0x08004502   0x08004502   0x00000002   PAD
    0x08004504   0x08004504   0x00000314   Code   RO          873    i.display_config_page  brain_app.o
    0x08004818   0x08004818   0x00000280   Code   RO          874    i.display_home_screen  brain_app.o
    0x08004a98   0x08004a98   0x00000028   Code   RO          765    i.drv_FT6336_init   drv_ft6336.o
    0x08004ac0   0x08004ac0   0x000000f8   Code   RO          875    i.drv_dac_circulation  brain_app.o
    0x08004bb8   0x08004bb8   0x000000ec   Code   RO          877    i.drv_dac_stop      brain_app.o
    0x08004ca4   0x08004ca4   0x00000018   Code   RO           17    i.fputc             main.o
    0x08004cbc   0x08004cbc   0x00000050   Code   RO         3577    i.free              mc_w.l(malloc.o)
    0x08004d0c   0x08004d0c   0x00000024   Code   RO          878    i.jugement_pioint_in_area  brain_app.o
    0x08004d30   0x08004d30   0x00000038   Code   RO           18    i.main              main.o
    0x08004d68   0x08004d68   0x0000006c   Code   RO         3578    i.malloc            mc_w.l(malloc.o)
    0x08004dd4   0x08004dd4   0x00000054   Code   RO          879    i.refresh_display_remaining_time  brain_app.o
    0x08004e28   0x08004e28   0x00000028   Code   RO          880    i.start_timing      brain_app.o
    0x08004e50   0x08004e50   0x00000078   Code   RO          881    i.update_remaining_time  brain_app.o
    0x08004ec8   0x08004ec8   0x00000d5c   Data   RO          683    .constdata          fonts.o
    0x08005c24   0x08005c24   0x00000f70   Data   RO          685    .constdata          fonts.o
    0x08006b94   0x08006b94   0x00025808   Data   RO          687    .constdata          fonts.o
    0x0802c39c   0x0802c39c   0x00000008   Data   RO         1909    .constdata          stm32f4xx_hal_dma.o
    0x0802c3a4   0x0802c3a4   0x00000010   Data   RO         3272    .constdata          system_stm32f4xx.o
    0x0802c3b4   0x0802c3b4   0x00000008   Data   RO         3273    .constdata          system_stm32f4xx.o
    0x0802c3bc   0x0802c3bc   0x00000097   Data   RO          688    .conststring        fonts.o
    0x0802c453   0x0802c453   0x00000001   PAD
    0x0802c454   0x0802c454   0x00000020   Data   RO         3648    Region$$Table       anon$$obj.o


    Execution Region RW_IRAM1 (Exec base: 0x20000000, Load base: 0x0802c474, Size: 0x00005930, Max: 0x0001c000, ABSOLUTE, COMPRESSED[0x00000188])

    Exec Addr    Load Addr    Size         Type   Attr      Idx    E Section Name        Object

    0x20000000   COMPRESSED   0x00000004   Data   RW           19    .data               main.o
    0x20000004   COMPRESSED   0x00000002   Data   RW          505    .data               st7789.o
    0x20000006   COMPRESSED   0x00000002   PAD
    0x20000008   COMPRESSED   0x00000008   Data   RW          690    .data               fonts.o
    0x20000010   COMPRESSED   0x00000008   Data   RW          692    .data               fonts.o
    0x20000018   COMPRESSED   0x00000098   Data   RW          693    .data               fonts.o
    0x200000b0   COMPRESSED   0x00000024   Data   RW          767    .data               drv_ft6336.o
    0x200000d4   COMPRESSED   0x0000026c   Data   RW          883    .data               brain_app.o
    0x20000340   COMPRESSED   0x0000000c   Data   RW         2354    .data               stm32f4xx_hal.o
    0x2000034c   COMPRESSED   0x00000004   Data   RW         3274    .data               system_stm32f4xx.o
    0x20000350   COMPRESSED   0x00000004   Data   RW         3629    .data               mc_w.l(mvars.o)
    0x20000354   COMPRESSED   0x00000004   Data   RW         3630    .data               mc_w.l(mvars.o)
    0x20000358        -       0x00000054   Zero   RW          270    .bss                i2c.o
    0x200003ac        -       0x000000b8   Zero   RW          312    .bss                spi.o
    0x20000464        -       0x00000048   Zero   RW          711    .bss                usart.o
    0x200004ac        -       0x00000030   Zero   RW          766    .bss                drv_ft6336.o
    0x200004dc        -       0x00000054   Zero   RW          882    .bss                brain_app.o
    0x20000530        -       0x00005000   Zero   RW            2    HEAP                startup_stm32f407xx.o
    0x20005530        -       0x00000400   Zero   RW            1    STACK               startup_stm32f407xx.o


    Execution Region RW_IRAM2 (Exec base: 0x2001c000, Load base: 0x0802c5fc, Size: 0x00000000, Max: 0x00004000, ABSOLUTE)

    **** No section assigned to this execution region ****


==============================================================================

Image component sizes


      Code (inc. data)   RO Data    RW Data    ZI Data      Debug   Object Name

      5234        474          0        620         84      18125   brain_app.o
       132         18          0          0          0       1014   dma.o
      1340        222          0         36         48      13954   drv_ft6336.o
         0          0     161131        168          0       1622   fonts.o
       192         12          0          0          0       1195   gpio.o
       168         26          0          0         84       2025   i2c.o
       232         18          0          4          0     684346   main.o
       272         32          0          0        184       2130   spi.o
      2696        160          0          2          0      18025   st7789.o
        36          8        392          0      21504        916   startup_stm32f407xx.o
       180         28          0         12          0      10105   stm32f4xx_hal.o
       198         14          0          0          0      34335   stm32f4xx_hal_cortex.o
       902         16          8          0          0       6411   stm32f4xx_hal_dma.o
       506         46          0          0          0       2456   stm32f4xx_hal_gpio.o
      2294         52          0          0          0      14246   stm32f4xx_hal_i2c.o
        48          6          0          0          0       1034   stm32f4xx_hal_msp.o
      1348         76          0          0          0       5780   stm32f4xx_hal_rcc.o
      1192         30          0          0          0       8758   stm32f4xx_hal_spi.o
       720         10          0          0          0       5368   stm32f4xx_hal_uart.o
        58         12          0          0          0       7708   stm32f4xx_it.o
        16          4         24          4          0       1391   system_stm32f4xx.o
       164         22          0          0         72       2062   usart.o

    ----------------------------------------------------------------------
     17950       1286     161588        848      21976     843006   Object Totals
         0          0         32          0          0          0   (incl. Generated)
        22          0          1          2          0          0   (incl. Padding)

    ----------------------------------------------------------------------

      Code (inc. data)   RO Data    RW Data    ZI Data      Debug   Library Member Name

        86          0          0          0          0          0   __dczerorl2.o
         0          0          0          0          0          0   entry.o
         0          0          0          0          0          0   entry10a.o
         0          0          0          0          0          0   entry11a.o
         8          4          0          0          0          0   entry2.o
         4          0          0          0          0          0   entry5.o
         0          0          0          0          0          0   entry7b.o
         0          0          0          0          0          0   entry8b.o
         8          4          0          0          0          0   entry9a.o
        30          0          0          0          0          0   handlers.o
        36          8          0          0          0         68   init.o
        30          0          0          0          0         68   llshl.o
        32          0          0          0          0         68   llushr.o
       188         20          0          0          0        160   malloc.o
        36          0          0          0          0        108   memseta.o
         0          0          0          8          0          0   mvars.o
      1224         58          0          0          0        504   printf8.o
        14          0          0          0          0         68   strlen.o
        30          0          0          0          0         80   strncmp.o
        98          0          0          0          0         92   uldiv.o

    ----------------------------------------------------------------------
      1826         94          0          8          0       1216   Library Totals
         2          0          0          0          0          0   (incl. Padding)

    ----------------------------------------------------------------------

      Code (inc. data)   RO Data    RW Data    ZI Data      Debug   Library Name

      1824         94          0          8          0       1216   mc_w.l

    ----------------------------------------------------------------------
      1826         94          0          8          0       1216   Library Totals

    ----------------------------------------------------------------------

==============================================================================


      Code (inc. data)   RO Data    RW Data    ZI Data      Debug   

     19776       1380     161588        856      21976     832834   Grand Totals
     19776       1380     161588        392      21976     832834   ELF Image Totals (compressed)
     19776       1380     161588        392          0          0   ROM Totals

==============================================================================

    Total RO  Size (Code + RO Data)               181364 ( 177.11kB)
    Total RW  Size (RW Data + ZI Data)             22832 (  22.30kB)
    Total ROM Size (Code + RO Data + RW Data)     181756 ( 177.50kB)

==============================================================================

